Archive member included because of file (symbol)

c:/program files (x86)/atollic/truestudio for arm 5.4.0/armtools/bin/../lib/gcc/arm-atollic-eabi/4.8.3/../../../../arm-atollic-eabi/lib/armv7-m\libc_s.a(lib_a-init.o)
                              src\startup_stm32f10x_md.o (__libc_init_array)
c:/program files (x86)/atollic/truestudio for arm 5.4.0/armtools/bin/../lib/gcc/arm-atollic-eabi/4.8.3/../../../../arm-atollic-eabi/lib/armv7-m\libc_s.a(lib_a-malloc.o)
                              src\libs\USART1.o (malloc)
c:/program files (x86)/atollic/truestudio for arm 5.4.0/armtools/bin/../lib/gcc/arm-atollic-eabi/4.8.3/../../../../arm-atollic-eabi/lib/armv7-m\libc_s.a(lib_a-nano-freer.o)
                              c:/program files (x86)/atollic/truestudio for arm 5.4.0/armtools/bin/../lib/gcc/arm-atollic-eabi/4.8.3/../../../../arm-atollic-eabi/lib/armv7-m\libc_s.a(lib_a-malloc.o) (_free_r)
c:/program files (x86)/atollic/truestudio for arm 5.4.0/armtools/bin/../lib/gcc/arm-atollic-eabi/4.8.3/../../../../arm-atollic-eabi/lib/armv7-m\libc_s.a(lib_a-nano-mallocr.o)
                              c:/program files (x86)/atollic/truestudio for arm 5.4.0/armtools/bin/../lib/gcc/arm-atollic-eabi/4.8.3/../../../../arm-atollic-eabi/lib/armv7-m\libc_s.a(lib_a-malloc.o) (_malloc_r)
c:/program files (x86)/atollic/truestudio for arm 5.4.0/armtools/bin/../lib/gcc/arm-atollic-eabi/4.8.3/../../../../arm-atollic-eabi/lib/armv7-m\libc_s.a(lib_a-sbrkr.o)
                              c:/program files (x86)/atollic/truestudio for arm 5.4.0/armtools/bin/../lib/gcc/arm-atollic-eabi/4.8.3/../../../../arm-atollic-eabi/lib/armv7-m\libc_s.a(lib_a-nano-mallocr.o) (_sbrk_r)
c:/program files (x86)/atollic/truestudio for arm 5.4.0/armtools/bin/../lib/gcc/arm-atollic-eabi/4.8.3/../../../../arm-atollic-eabi/lib/armv7-m\libc_s.a(lib_a-strlen.o)
                              src\tiny_printf.o (strlen)
c:/program files (x86)/atollic/truestudio for arm 5.4.0/armtools/bin/../lib/gcc/arm-atollic-eabi/4.8.3/../../../../arm-atollic-eabi/lib/armv7-m\libc_s.a(lib_a-syscalls.o)
                              src\tiny_printf.o (_write)
c:/program files (x86)/atollic/truestudio for arm 5.4.0/armtools/bin/../lib/gcc/arm-atollic-eabi/4.8.3/../../../../arm-atollic-eabi/lib/armv7-m\libc_s.a(lib_a-vsnprintf.o)
                              src\libs\USART1.o (vsnprintf)
c:/program files (x86)/atollic/truestudio for arm 5.4.0/armtools/bin/../lib/gcc/arm-atollic-eabi/4.8.3/../../../../arm-atollic-eabi/lib/armv7-m\libc_s.a(lib_a-vsprintf.o)
                              src\libs\USART1.o (vsprintf)
c:/program files (x86)/atollic/truestudio for arm 5.4.0/armtools/bin/../lib/gcc/arm-atollic-eabi/4.8.3/../../../../arm-atollic-eabi/lib/armv7-m\libc_s.a(lib_a-impure.o)
                              c:/program files (x86)/atollic/truestudio for arm 5.4.0/armtools/bin/../lib/gcc/arm-atollic-eabi/4.8.3/../../../../arm-atollic-eabi/lib/armv7-m\libc_s.a(lib_a-malloc.o) (_impure_ptr)
c:/program files (x86)/atollic/truestudio for arm 5.4.0/armtools/bin/../lib/gcc/arm-atollic-eabi/4.8.3/../../../../arm-atollic-eabi/lib/armv7-m\libc_s.a(lib_a-reent.o)
                              c:/program files (x86)/atollic/truestudio for arm 5.4.0/armtools/bin/../lib/gcc/arm-atollic-eabi/4.8.3/../../../../arm-atollic-eabi/lib/armv7-m\libc_s.a(lib_a-sbrkr.o) (errno)
c:/program files (x86)/atollic/truestudio for arm 5.4.0/armtools/bin/../lib/gcc/arm-atollic-eabi/4.8.3/../../../../arm-atollic-eabi/lib/armv7-m\libc_s.a(lib_a-svfprintf.o)
                              c:/program files (x86)/atollic/truestudio for arm 5.4.0/armtools/bin/../lib/gcc/arm-atollic-eabi/4.8.3/../../../../arm-atollic-eabi/lib/armv7-m\libc_s.a(lib_a-vsnprintf.o) (_svfprintf_r)
c:/program files (x86)/atollic/truestudio for arm 5.4.0/armtools/bin/../lib/gcc/arm-atollic-eabi/4.8.3/../../../../arm-atollic-eabi/lib/armv7-m\libc_s.a(lib_a-vfprintf_i.o)
                              c:/program files (x86)/atollic/truestudio for arm 5.4.0/armtools/bin/../lib/gcc/arm-atollic-eabi/4.8.3/../../../../arm-atollic-eabi/lib/armv7-m\libc_s.a(lib_a-svfprintf.o) (_printf_i)
c:/program files (x86)/atollic/truestudio for arm 5.4.0/armtools/bin/../lib/gcc/arm-atollic-eabi/4.8.3/../../../../arm-atollic-eabi/lib/armv7-m\libc_s.a(lib_a-memchr-stub.o)
                              c:/program files (x86)/atollic/truestudio for arm 5.4.0/armtools/bin/../lib/gcc/arm-atollic-eabi/4.8.3/../../../../arm-atollic-eabi/lib/armv7-m\libc_s.a(lib_a-svfprintf.o) (memchr)
c:/program files (x86)/atollic/truestudio for arm 5.4.0/armtools/bin/../lib/gcc/arm-atollic-eabi/4.8.3/../../../../arm-atollic-eabi/lib/armv7-m\libc_s.a(lib_a-memcpy-stub.o)
                              c:/program files (x86)/atollic/truestudio for arm 5.4.0/armtools/bin/../lib/gcc/arm-atollic-eabi/4.8.3/../../../../arm-atollic-eabi/lib/armv7-m\libc_s.a(lib_a-svfprintf.o) (memcpy)
[...]
Memory Configuration

Name             Origin             Length             Attributes
FLASH            0x08000000         0x00020000         xr
RAM              0x20000000         0x00005000         xrw
MEMORY_B1        0x60000000         0x00000000         xr
*default*        0x00000000         0xffffffff

Linker script and memory map

LOAD c:/program files (x86)/atollic/truestudio for arm 5.4.0/armtools/bin/../lib/gcc/arm-atollic-eabi/4.8.3/armv7-m/crti.o
LOAD c:/program files (x86)/atollic/truestudio for arm 5.4.0/armtools/bin/../lib/gcc/arm-atollic-eabi/4.8.3/armv7-m/crtbegin.o
LOAD src\tiny_printf.o
LOAD src\test\test.o
LOAD src\system_stm32f10x.o
LOAD src\stm32f1xx_it.o
LOAD src\startup_stm32f10x_md.o
LOAD src\sensors\L3G4200D.o
LOAD src\sensors\BMP180.o
LOAD src\quad\Tasks.o
LOAD src\quad\TaskManager.o
LOAD src\quad\Quadcopter.o
LOAD src\quad\PID.o
LOAD src\quad\Motors.o
LOAD src\quad\Input.o
LOAD src\main.o
LOAD src\libs\USART1.o
LOAD src\libs\I2C.o
LOAD src\libs\GPIO.o
LOAD src\libs\Delay.o
LOAD Libraries\STM32F10x_StdPeriph_Driver\src\stm32f10x_wwdg.o
LOAD Libraries\STM32F10x_StdPeriph_Driver\src\stm32f10x_usart.o
LOAD Libraries\STM32F10x_StdPeriph_Driver\src\stm32f10x_tim.o
LOAD Libraries\STM32F10x_StdPeriph_Driver\src\stm32f10x_spi.o
LOAD Libraries\STM32F10x_StdPeriph_Driver\src\stm32f10x_sdio.o
LOAD Libraries\STM32F10x_StdPeriph_Driver\src\stm32f10x_rtc.o
LOAD Libraries\STM32F10x_StdPeriph_Driver\src\stm32f10x_rcc.o
LOAD Libraries\STM32F10x_StdPeriph_Driver\src\stm32f10x_pwr.o
LOAD Libraries\STM32F10x_StdPeriph_Driver\src\stm32f10x_iwdg.o
LOAD Libraries\STM32F10x_StdPeriph_Driver\src\stm32f10x_i2c.o
LOAD Libraries\STM32F10x_StdPeriph_Driver\src\stm32f10x_gpio.o
LOAD Libraries\STM32F10x_StdPeriph_Driver\src\stm32f10x_fsmc.o
LOAD Libraries\STM32F10x_StdPeriph_Driver\src\stm32f10x_flash.o
LOAD Libraries\STM32F10x_StdPeriph_Driver\src\stm32f10x_exti.o
LOAD Libraries\STM32F10x_StdPeriph_Driver\src\stm32f10x_dma.o
LOAD Libraries\STM32F10x_StdPeriph_Driver\src\stm32f10x_dbgmcu.o
LOAD Libraries\STM32F10x_StdPeriph_Driver\src\stm32f10x_dac.o
LOAD Libraries\STM32F10x_StdPeriph_Driver\src\stm32f10x_crc.o
LOAD Libraries\STM32F10x_StdPeriph_Driver\src\stm32f10x_cec.o
LOAD Libraries\STM32F10x_StdPeriph_Driver\src\stm32f10x_can.o
LOAD Libraries\STM32F10x_StdPeriph_Driver\src\stm32f10x_bkp.o
LOAD Libraries\STM32F10x_StdPeriph_Driver\src\stm32f10x_adc.o
LOAD Libraries\STM32F10x_StdPeriph_Driver\src\misc.o
START GROUP
LOAD c:/program files (x86)/atollic/truestudio for arm 5.4.0/armtools/bin/../lib/gcc/arm-atollic-eabi/4.8.3/../../../../arm-atollic-eabi/lib/armv7-m\libc_s.a
LOAD c:/program files (x86)/atollic/truestudio for arm 5.4.0/armtools/bin/../lib/gcc/arm-atollic-eabi/4.8.3/../../../../arm-atollic-eabi/lib/armv7-m\libstdc++_s.a
LOAD c:/program files (x86)/atollic/truestudio for arm 5.4.0/armtools/bin/../lib/gcc/arm-atollic-eabi/4.8.3/../../../../arm-atollic-eabi/lib/armv7-m\libsupc++_s.a
END GROUP
                0x00001000                malloc_getpagesize_P = 0x1000
LOAD c:/program files (x86)/atollic/truestudio for arm 5.4.0/armtools/bin/../lib/gcc/arm-atollic-eabi/4.8.3/../../../../arm-atollic-eabi/lib/armv7-m\libstdc++.a
LOAD c:/program files (x86)/atollic/truestudio for arm 5.4.0/armtools/bin/../lib/gcc/arm-atollic-eabi/4.8.3/../../../../arm-atollic-eabi/lib/armv7-m\libm.a
START GROUP
LOAD c:/program files (x86)/atollic/truestudio for arm 5.4.0/armtools/bin/../lib/gcc/arm-atollic-eabi/4.8.3/armv7-m\libgcc.a
LOAD c:/program files (x86)/atollic/truestudio for arm 5.4.0/armtools/bin/../lib/gcc/arm-atollic-eabi/4.8.3/../../../../arm-atollic-eabi/lib/armv7-m\libc.a
END GROUP
LOAD c:/program files (x86)/atollic/truestudio for arm 5.4.0/armtools/bin/../lib/gcc/arm-atollic-eabi/4.8.3/armv7-m/crtend.o
LOAD c:/program files (x86)/atollic/truestudio for arm 5.4.0/armtools/bin/../lib/gcc/arm-atollic-eabi/4.8.3/armv7-m/crtn.o
                0x20005000                _estack = 0x20005000
                0x00000000                _Min_Heap_Size = 0x0
                0x00000100                _Min_Stack_Size = 0x100

.isr_vector     0x08000000      0x10c
                0x08000000                . = ALIGN (0x4)
 *(.isr_vector)
 .isr_vector    0x08000000      0x10c src\startup_stm32f10x_md.o
                0x08000000                g_pfnVectors
                0x0800010c                . = ALIGN (0x4)

.text           0x08000110     0x3e30
                0x08000110                . = ALIGN (0x4)
 *(.text)
 .text          0x08000110       0x40 c:/program files (x86)/atollic/truestudio for arm 5.4.0/armtools/bin/../lib/gcc/arm-atollic-eabi/4.8.3/armv7-m/crtbegin.o
 .text          0x08000150      0x370 c:/program files (x86)/atollic/truestudio for arm 5.4.0/armtools/bin/../lib/gcc/arm-atollic-eabi/4.8.3/armv7-m\libgcc.a(_arm_addsubdf3.o)
                0x08000150                __aeabi_drsub
                0x08000158                __aeabi_dsub
                0x08000158                __subdf3
                0x0800015c                __aeabi_dadd
                0x0800015c                __adddf3
                0x080003d4                __floatunsidf
                0x080003d4                __aeabi_ui2d
                0x080003f4                __floatsidf
                0x080003f4                __aeabi_i2d
                0x08000418                __aeabi_f2d
                0x08000418                __extendsfdf2
                0x08000454                __floatundidf
                0x08000454                __aeabi_ul2d
                0x08000464                __floatdidf
                0x08000464                __aeabi_l2d
 .text          0x080004c0      0x424 c:/program files (x86)/atollic/truestudio for arm 5.4.0/armtools/bin/../lib/gcc/arm-atollic-eabi/4.8.3/armv7-m\libgcc.a(_arm_muldivdf3.o)
                0x080004c0                __aeabi_dmul
                0x080004c0                __muldf3
                0x08000714                __divdf3
                0x08000714                __aeabi_ddiv
 .text          0x080008e4       0xa0 c:/program files (x86)/atollic/truestudio for arm 5.4.0/armtools/bin/../lib/gcc/arm-atollic-eabi/4.8.3/armv7-m\libgcc.a(_arm_truncdfsf2.o)
                0x080008e4                __truncdfsf2
                0x080008e4                __aeabi_d2f
 .text          0x08000984      0x21c c:/program files (x86)/atollic/truestudio for arm 5.4.0/armtools/bin/../lib/gcc/arm-atollic-eabi/4.8.3/armv7-m\libgcc.a(_arm_addsubsf3.o)
                0x08000984                __aeabi_frsub
                0x0800098c                __subsf3
                0x0800098c                __aeabi_fsub
                0x08000990                __aeabi_fadd
                0x08000990                __addsf3
                0x08000af0                __aeabi_ui2f
                0x08000af0                __floatunsisf
                0x08000af8                __aeabi_i2f
                0x08000af8                __floatsisf
                0x08000b14                __aeabi_ul2f
                0x08000b14                __floatundisf
                0x08000b24                __aeabi_l2f
                0x08000b24                __floatdisf
 .text          0x08000ba0      0x2a0 c:/program files (x86)/atollic/truestudio for arm 5.4.0/armtools/bin/../lib/gcc/arm-atollic-eabi/4.8.3/armv7-m\libgcc.a(_arm_muldivsf3.o)
                0x08000ba0                __mulsf3
                0x08000ba0                __aeabi_fmul
                0x08000d08                __aeabi_fdiv
                0x08000d08                __divsf3
 .text          0x08000e40       0xec c:/program files (x86)/atollic/truestudio for arm 5.4.0/armtools/bin/../lib/gcc/arm-atollic-eabi/4.8.3/armv7-m\libgcc.a(_arm_cmpsf2.o)
                0x08000e40                __gesf2
                0x08000e40                __gtsf2
                0x08000e48                __lesf2
                0x08000e48                __ltsf2
                0x08000e50                __nesf2
                0x08000e50                __eqsf2
                0x08000e50                __cmpsf2
                0x08000eb0                __aeabi_cfrcmple
                0x08000eb8                __aeabi_cfcmpeq
                0x08000eb8                __aeabi_cfcmple
                0x08000ec8                __aeabi_fcmpeq
                0x08000edc                __aeabi_fcmplt
                0x08000ef0                __aeabi_fcmple
                0x08000f04                __aeabi_fcmpge
                0x08000f18                __aeabi_fcmpgt
 .text          0x08000f2c       0x4c c:/program files (x86)/atollic/truestudio for arm 5.4.0/armtools/bin/../lib/gcc/arm-atollic-eabi/4.8.3/armv7-m\libgcc.a(_arm_fixsfsi.o)
                0x08000f2c                __aeabi_f2iz
                0x08000f2c                __fixsfsi
 .text          0x08000f78       0x2c c:/program files (x86)/atollic/truestudio for arm 5.4.0/armtools/bin/../lib/gcc/arm-atollic-eabi/4.8.3/armv7-m\libgcc.a(_aeabi_uldivmod.o)
                0x08000f78                __aeabi_uldivmod
 .text          0x08000fa4       0x60 c:/program files (x86)/atollic/truestudio for arm 5.4.0/armtools/bin/../lib/gcc/arm-atollic-eabi/4.8.3/armv7-m\libgcc.a(bpabi.o)
                0x08000fa4                __gnu_ldivmod_helper
                0x08000fd4                __gnu_uldivmod_helper
 .text          0x08001004        0x4 c:/program files (x86)/atollic/truestudio for arm 5.4.0/armtools/bin/../lib/gcc/arm-atollic-eabi/4.8.3/armv7-m\libgcc.a(_dvmd_tls.o)
                0x08001004                __aeabi_idiv0
                0x08001004                __aeabi_ldiv0
 .text          0x08001008      0x2a0 c:/program files (x86)/atollic/truestudio for arm 5.4.0/armtools/bin/../lib/gcc/arm-atollic-eabi/4.8.3/armv7-m\libgcc.a(_divdi3.o)
                0x08001008                __divdi3
 .text          0x080012a8      0x290 c:/program files (x86)/atollic/truestudio for arm 5.4.0/armtools/bin/../lib/gcc/arm-atollic-eabi/4.8.3/armv7-m\libgcc.a(_udivdi3.o)
                0x080012a8                __udivdi3
 *(.text*)
 .text._Z9testSetupv
                0x08001538      0x240 src\test\test.o
                0x08001538                testSetup()
 .text._Z8testLoopv
                0x08001778      0x5d0 src\test\test.o
                0x08001778                testLoop()
 .text._Z13gyro_signalenv
                0x08001d48      0x12c src\test\test.o
                0x08001d48                gyro_signalen()
 .text._Z13calculate_pidv
                0x08001e74      0x4bc src\test\test.o
                0x08001e74                calculate_pid()
 .text._Z4map2iiiiiii
                0x08002330       0x78 src\test\test.o
                0x08002330                map2(int, int, int, int, int, int, int)
 .text._Z41__static_initialization_and_destruction_0ii
                0x080023a8       0x80 src\test\test.o
 .text._GLOBAL__sub_I_pid_p_gain_roll
                0x08002428       0x10 src\test\test.o
 .text.SystemInit
                0x08002438       0x68 src\system_stm32f10x.o
                0x08002438                SystemInit
 .text.SetSysClock
                0x080024a0        0xc src\system_stm32f10x.o
 .text.SetSysClockTo72
                0x080024ac      0x100 src\system_stm32f10x.o
 .text.NMI_Handler
                0x080025ac        0xc src\stm32f1xx_it.o
                0x080025ac                NMI_Handler
 .text.HardFault_Handler
                0x080025b8        0x8 src\stm32f1xx_it.o
                0x080025b8                HardFault_Handler
 .text.MemManage_Handler
                0x080025c0        0x8 src\stm32f1xx_it.o
                0x080025c0                MemManage_Handler
 .text.BusFault_Handler
                0x080025c8        0x8 src\stm32f1xx_it.o
                0x080025c8                BusFault_Handler
 .text.UsageFault_Handler
                0x080025d0        0x8 src\stm32f1xx_it.o
                0x080025d0                UsageFault_Handler
 .text.SVC_Handler
                0x080025d8        0xc src\stm32f1xx_it.o
                0x080025d8                SVC_Handler
 .text.DebugMon_Handler
                0x080025e4        0xc src\stm32f1xx_it.o
                0x080025e4                DebugMon_Handler
 .text.PendSV_Handler
                0x080025f0        0xc src\stm32f1xx_it.o
                0x080025f0                PendSV_Handler
 .text.SysTick_Handler
                0x080025fc        0xc src\stm32f1xx_it.o
                0x080025fc                SysTick_Handler
 .text.Reset_Handler
                0x08002608       0x58 src\startup_stm32f10x_md.o
                0x08002608                Reset_Handler
 .text.Default_Handler
                0x08002660        0x4 src\startup_stm32f10x_md.o
                0x08002660                EXTI2_IRQHandler
                0x08002660                TIM1_CC_IRQHandler
                0x08002660                PVD_IRQHandler
                0x08002660                EXTI3_IRQHandler
                0x08002660                EXTI0_IRQHandler
                0x08002660                I2C2_EV_IRQHandler
                0x08002660                ADC1_2_IRQHandler
                0x08002660                SPI1_IRQHandler
                0x08002660                TAMPER_IRQHandler
                0x08002660                DMA1_Channel4_IRQHandler
                0x08002660                USART3_IRQHandler
                0x08002660                RTC_IRQHandler
                0x08002660                DMA1_Channel7_IRQHandler
                0x08002660                CAN1_RX1_IRQHandler
                0x08002660                TIM4_IRQHandler
                0x08002660                I2C1_EV_IRQHandler
                0x08002660                DMA1_Channel6_IRQHandler
                0x08002660                TIM3_IRQHandler
                0x08002660                RCC_IRQHandler
                0x08002660                TIM1_TRG_COM_IRQHandler
                0x08002660                DMA1_Channel1_IRQHandler
                0x08002660                Default_Handler
                0x08002660                SPI2_IRQHandler
                0x08002660                DMA1_Channel5_IRQHandler
                0x08002660                EXTI4_IRQHandler
                0x08002660                USB_LP_CAN1_RX0_IRQHandler
                0x08002660                USB_HP_CAN1_TX_IRQHandler
                0x08002660                DMA1_Channel3_IRQHandler
                0x08002660                TIM1_UP_IRQHandler
                0x08002660                WWDG_IRQHandler
                0x08002660                TIM2_IRQHandler
                0x08002660                TIM1_BRK_IRQHandler
                0x08002660                EXTI1_IRQHandler
                0x08002660                RTCAlarm_IRQHandler
                0x08002660                USART2_IRQHandler
                0x08002660                I2C2_ER_IRQHandler
                0x08002660                DMA1_Channel2_IRQHandler
                0x08002660                CAN1_SCE_IRQHandler
                0x08002660                FLASH_IRQHandler
                0x08002660                USART1_IRQHandler
                0x08002660                I2C1_ER_IRQHandler
                0x08002660                USBWakeUp_IRQHandler
 .text._ZN8L3G4200DC2Ev
                0x08002664       0x18 src\sensors\L3G4200D.o
                0x08002664                L3G4200D::L3G4200D()
                0x08002664                L3G4200D::L3G4200D()
 .text._ZN6BMP180C2Ev
                0x0800267c       0x18 src\sensors\BMP180.o
                0x0800267c                BMP180::BMP180()
                0x0800267c                BMP180::BMP180()
 .text._Z41__static_initialization_and_destruction_0ii
                0x08002694       0x70 src\quad\Quadcopter.o
 .text._GLOBAL__sub_I_i2c
                0x08002704       0x10 src\quad\Quadcopter.o
 .text._Z12initReceiverv
                0x08002714      0x1fc src\quad\Input.o
                0x08002714                initReceiver()
 .text.EXTI9_5_IRQHandler
                0x08002910       0x74 src\quad\Input.o
                0x08002910                EXTI9_5_IRQHandler
 .text.EXTI15_10_IRQHandler
                0x08002984      0x200 src\quad\Input.o
                0x08002984                EXTI15_10_IRQHandler
 .text.main     0x08002b84       0x1c src\main.o
                0x08002b84                main
 .text.initUSART1
                0x08002ba0       0x98 src\libs\USART1.o
                0x08002ba0                initUSART1
 .text._ZN3I2CC2Ev
                0x08002c38       0x18 src\libs\I2C.o
                0x08002c38                I2C::I2C()
                0x08002c38                I2C::I2C()
 .text._ZN3I2C4initEP11I2C_TypeDefj
                0x08002c50       0xc4 src\libs\I2C.o
                0x08002c50                I2C::init(I2C_TypeDef*, unsigned int)
 .text._ZN3I2C8sendByteEhhh
                0x08002d14      0x130 src\libs\I2C.o
                0x08002d14                I2C::sendByte(unsigned char, unsigned char, unsigned char)
 .text._ZN3I2C9readBytesEhhiPh
                0x08002e44      0x190 src\libs\I2C.o
                0x08002e44                I2C::readBytes(unsigned char, unsigned char, int, unsigned char*)
 .text._ZN4GPIOC2Ev
                0x08002fd4       0x18 src\libs\GPIO.o
                0x08002fd4                GPIO::GPIO()
                0x08002fd4                GPIO::GPIO()
 .text._ZN4GPIO4initEP12GPIO_TypeDeft16GPIOMode_TypeDef
                0x08002fec       0xd4 src\libs\GPIO.o
                0x08002fec                GPIO::init(GPIO_TypeDef*, unsigned short, GPIOMode_TypeDef)
 .text.NVIC_SetPriority
                0x080030c0       0x54 src\libs\Delay.o
 .text.SysTick_Config
                0x08003114       0x44 src\libs\Delay.o
 .text.initDelay
                0x08003158       0x20 src\libs\Delay.o
                0x08003158                initDelay
 .text.millis   0x08003178       0x28 src\libs\Delay.o
                0x08003178                millis
 .text.micros   0x080031a0       0x1c src\libs\Delay.o
                0x080031a0                micros
 .text.delayMs  0x080031bc       0x44 src\libs\Delay.o
                0x080031bc                delayMs
 .text.delayUs  0x08003200       0x44 src\libs\Delay.o
                0x08003200                delayUs
 .text.incrementMicros
                0x08003244       0x24 src\libs\Delay.o
                0x08003244                incrementMicros
 .text.USART_Init
                0x08003268      0x174 Libraries\STM32F10x_StdPeriph_Driver\src\stm32f10x_usart.o
                0x08003268                USART_Init
 .text.USART_ClockInit
                0x080033dc       0x54 Libraries\STM32F10x_StdPeriph_Driver\src\stm32f10x_usart.o
                0x080033dc                USART_ClockInit
 .text.USART_ClockStructInit
                0x08003430       0x2c Libraries\STM32F10x_StdPeriph_Driver\src\stm32f10x_usart.o
                0x08003430                USART_ClockStructInit
 .text.USART_Cmd
                0x0800345c       0x40 Libraries\STM32F10x_StdPeriph_Driver\src\stm32f10x_usart.o
                0x0800345c                USART_Cmd
 .text.RCC_GetClocksFreq
                0x0800349c      0x164 Libraries\STM32F10x_StdPeriph_Driver\src\stm32f10x_rcc.o
                0x0800349c                RCC_GetClocksFreq
 .text.RCC_APB2PeriphClockCmd
                0x08003600       0x3c Libraries\STM32F10x_StdPeriph_Driver\src\stm32f10x_rcc.o
                0x08003600                RCC_APB2PeriphClockCmd
 .text.RCC_APB1PeriphClockCmd
                0x0800363c       0x3c Libraries\STM32F10x_StdPeriph_Driver\src\stm32f10x_rcc.o
                0x0800363c                RCC_APB1PeriphClockCmd
 .text.I2C_Init
                0x08003678      0x184 Libraries\STM32F10x_StdPeriph_Driver\src\stm32f10x_i2c.o
                0x08003678                I2C_Init
 .text.I2C_Cmd  0x080037fc       0x40 Libraries\STM32F10x_StdPeriph_Driver\src\stm32f10x_i2c.o
                0x080037fc                I2C_Cmd
 .text.I2C_GenerateSTART
                0x0800383c       0x40 Libraries\STM32F10x_StdPeriph_Driver\src\stm32f10x_i2c.o
                0x0800383c                I2C_GenerateSTART
 .text.I2C_GenerateSTOP
                0x0800387c       0x40 Libraries\STM32F10x_StdPeriph_Driver\src\stm32f10x_i2c.o
                0x0800387c                I2C_GenerateSTOP
 .text.I2C_AcknowledgeConfig
                0x080038bc       0x40 Libraries\STM32F10x_StdPeriph_Driver\src\stm32f10x_i2c.o
                0x080038bc                I2C_AcknowledgeConfig
 .text.I2C_SendData
                0x080038fc       0x20 Libraries\STM32F10x_StdPeriph_Driver\src\stm32f10x_i2c.o
                0x080038fc                I2C_SendData
 .text.I2C_ReceiveData
                0x0800391c       0x1c Libraries\STM32F10x_StdPeriph_Driver\src\stm32f10x_i2c.o
                0x0800391c                I2C_ReceiveData
 .text.I2C_Send7bitAddress
                0x08003938       0x3c Libraries\STM32F10x_StdPeriph_Driver\src\stm32f10x_i2c.o
                0x08003938                I2C_Send7bitAddress
 .text.I2C_NACKPositionConfig
                0x08003974       0x40 Libraries\STM32F10x_StdPeriph_Driver\src\stm32f10x_i2c.o
                0x08003974                I2C_NACKPositionConfig
 .text.I2C_CheckEvent
                0x080039b4       0x60 Libraries\STM32F10x_StdPeriph_Driver\src\stm32f10x_i2c.o
                0x080039b4                I2C_CheckEvent
 .text.I2C_GetFlagStatus
                0x08003a14       0x68 Libraries\STM32F10x_StdPeriph_Driver\src\stm32f10x_i2c.o
                0x08003a14                I2C_GetFlagStatus
 .text.GPIO_Init
                0x08003a7c      0x178 Libraries\STM32F10x_StdPeriph_Driver\src\stm32f10x_gpio.o
                0x08003a7c                GPIO_Init
 .text.GPIO_ReadInputDataBit
                0x08003bf4       0x34 Libraries\STM32F10x_StdPeriph_Driver\src\stm32f10x_gpio.o
                0x08003bf4                GPIO_ReadInputDataBit
 .text.GPIO_SetBits
                0x08003c28       0x1c Libraries\STM32F10x_StdPeriph_Driver\src\stm32f10x_gpio.o
                0x08003c28                GPIO_SetBits
 .text.GPIO_ResetBits
                0x08003c44       0x1c Libraries\STM32F10x_StdPeriph_Driver\src\stm32f10x_gpio.o
                0x08003c44                GPIO_ResetBits
 .text.GPIO_EXTILineConfig
                0x08003c60       0x7c Libraries\STM32F10x_StdPeriph_Driver\src\stm32f10x_gpio.o
                0x08003c60                GPIO_EXTILineConfig
 .text.EXTI_Init
                0x08003cdc       0xdc Libraries\STM32F10x_StdPeriph_Driver\src\stm32f10x_exti.o
                0x08003cdc                EXTI_Init
 .text.EXTI_GetITStatus
                0x08003db8       0x48 Libraries\STM32F10x_StdPeriph_Driver\src\stm32f10x_exti.o
                0x08003db8                EXTI_GetITStatus
 .text.EXTI_ClearITPendingBit
                0x08003e00       0x1c Libraries\STM32F10x_StdPeriph_Driver\src\stm32f10x_exti.o
                0x08003e00                EXTI_ClearITPendingBit
 .text.NVIC_Init
                0x08003e1c       0xc0 Libraries\STM32F10x_StdPeriph_Driver\src\misc.o
                0x08003e1c                NVIC_Init
 .text.__libc_init_array
                0x08003edc       0x4c c:/program files (x86)/atollic/truestudio for arm 5.4.0/armtools/bin/../lib/gcc/arm-atollic-eabi/4.8.3/../../../../arm-atollic-eabi/lib/armv7-m\libc_s.a(lib_a-init.o)
                0x08003edc                __libc_init_array
 *(.glue_7)
 .glue_7        0x00000000        0x0 linker stubs
 *(.glue_7t)
 .glue_7t       0x00000000        0x0 linker stubs
 *(.eh_frame)
 .eh_frame      0x08003f28        0x0 c:/program files (x86)/atollic/truestudio for arm 5.4.0/armtools/bin/../lib/gcc/arm-atollic-eabi/4.8.3/armv7-m/crtbegin.o
 *(.init)
 .init          0x08003f28        0x4 c:/program files (x86)/atollic/truestudio for arm 5.4.0/armtools/bin/../lib/gcc/arm-atollic-eabi/4.8.3/armv7-m/crti.o
                0x08003f28                _init
 .init          0x08003f2c        0x8 c:/program files (x86)/atollic/truestudio for arm 5.4.0/armtools/bin/../lib/gcc/arm-atollic-eabi/4.8.3/armv7-m/crtn.o
 *(.fini)
 .fini          0x08003f34        0x4 c:/program files (x86)/atollic/truestudio for arm 5.4.0/armtools/bin/../lib/gcc/arm-atollic-eabi/4.8.3/armv7-m/crti.o
                0x08003f34                _fini
 .fini          0x08003f38        0x8 c:/program files (x86)/atollic/truestudio for arm 5.4.0/armtools/bin/../lib/gcc/arm-atollic-eabi/4.8.3/armv7-m/crtn.o
                0x08003f40                . = ALIGN (0x4)
                0x08003f40                _etext = .

.vfp11_veneer   0x08003f40        0x0
 .vfp11_veneer  0x00000000        0x0 linker stubs

.v4_bx          0x08003f40        0x0
 .v4_bx         0x00000000        0x0 linker stubs

.iplt           0x08003f40        0x0
 .iplt          0x00000000        0x0 c:/program files (x86)/atollic/truestudio for arm 5.4.0/armtools/bin/../lib/gcc/arm-atollic-eabi/4.8.3/armv7-m/crtbegin.o

.rodata         0x08003f40        0x0
                0x08003f40                . = ALIGN (0x4)
 *(.rodata)
 *(.rodata*)
                0x08003f40                . = ALIGN (0x4)

.ARM.extab
 *(.ARM.extab* .gnu.linkonce.armextab.*)

.ARM            0x08003f40        0x8
                0x08003f40                __exidx_start = .
 *(.ARM.exidx*)
 .ARM.exidx     0x08003f40        0x8 c:/program files (x86)/atollic/truestudio for arm 5.4.0/armtools/bin/../lib/gcc/arm-atollic-eabi/4.8.3/armv7-m\libgcc.a(_divdi3.o)
 .ARM.exidx     0x08003f48        0x0 c:/program files (x86)/atollic/truestudio for arm 5.4.0/armtools/bin/../lib/gcc/arm-atollic-eabi/4.8.3/armv7-m\libgcc.a(_udivdi3.o)
                                  0x8 (size before relaxing)
                0x08003f48                __exidx_end = .

.rel.dyn        0x08003f48        0x0
 .rel.iplt      0x00000000        0x0 c:/program files (x86)/atollic/truestudio for arm 5.4.0/armtools/bin/../lib/gcc/arm-atollic-eabi/4.8.3/armv7-m/crtbegin.o

.preinit_array  0x08003f48        0x0
                0x08003f48                PROVIDE (__preinit_array_start, .)
 *(.preinit_array*)
                0x08003f48                PROVIDE (__preinit_array_end, .)

.init_array     0x08003f48        0xc
                0x08003f48                PROVIDE (__init_array_start, .)
 *(SORT(.init_array.*))
 *(.init_array*)
 .init_array    0x08003f48        0x4 c:/program files (x86)/atollic/truestudio for arm 5.4.0/armtools/bin/../lib/gcc/arm-atollic-eabi/4.8.3/armv7-m/crtbegin.o
 .init_array    0x08003f4c        0x4 src\test\test.o
 .init_array    0x08003f50        0x4 src\quad\Quadcopter.o
                0x08003f54                PROVIDE (__init_array_end, .)

.fini_array     0x08003f54        0x4
                0x08003f54                PROVIDE (__fini_array_start, .)
 *(SORT(.fini_array.*))
 *(.fini_array*)
 .fini_array    0x08003f54        0x4 c:/program files (x86)/atollic/truestudio for arm 5.4.0/armtools/bin/../lib/gcc/arm-atollic-eabi/4.8.3/armv7-m/crtbegin.o
                0x08003f58                PROVIDE (__fini_array_end, .)
                0x08003f58                _sidata = LOADADDR (.data)

.data           0x20000000       0x34 load address 0x08003f58
                0x20000000                . = ALIGN (0x4)
                0x20000000                _sdata = .
 *(.data)
 *(.data*)
 .data.pid_p_gain_roll
                0x20000000        0x4 src\test\test.o
                0x20000000                pid_p_gain_roll
 .data.pid_i_gain_roll
                0x20000004        0x4 src\test\test.o
                0x20000004                pid_i_gain_roll
 .data.pid_d_gain_roll
                0x20000008        0x4 src\test\test.o
                0x20000008                pid_d_gain_roll
 .data.pid_max_roll
                0x2000000c        0x4 src\test\test.o
                0x2000000c                pid_max_roll
 .data.pid_p_gain_yaw
                0x20000010        0x4 src\test\test.o
                0x20000010                pid_p_gain_yaw
 .data.pid_i_gain_yaw
                0x20000014        0x4 src\test\test.o
                0x20000014                pid_i_gain_yaw
 .data.pid_max_yaw
                0x20000018        0x4 src\test\test.o
                0x20000018                pid_max_yaw
 .data.SystemCoreClock
                0x2000001c        0x4 src\system_stm32f10x.o
                0x2000001c                SystemCoreClock
 .data.APBAHBPrescTable
                0x20000020       0x10 Libraries\STM32F10x_StdPeriph_Driver\src\stm32f10x_rcc.o
 .data.ADCPrescTable
                0x20000030        0x4 Libraries\STM32F10x_StdPeriph_Driver\src\stm32f10x_rcc.o
                0x20000034                . = ALIGN (0x4)
                0x20000034                _edata = .

.igot.plt       0x20000034        0x0 load address 0x08003f8c
 .igot.plt      0x00000000        0x0 c:/program files (x86)/atollic/truestudio for arm 5.4.0/armtools/bin/../lib/gcc/arm-atollic-eabi/4.8.3/armv7-m/crtbegin.o
                0x20000034                . = ALIGN (0x4)

.bss            0x20000038      0x1d8 load address 0x08003f8c
                0x20000038                _sbss = .
                0x20000038                __bss_start__ = _sbss
 *(.bss)
 .bss           0x20000038       0x1c c:/program files (x86)/atollic/truestudio for arm 5.4.0/armtools/bin/../lib/gcc/arm-atollic-eabi/4.8.3/armv7-m/crtbegin.o
 *(.bss*)
 .bss.pid_p_gain_pitch
                0x20000054        0x4 src\test\test.o
                0x20000054                pid_p_gain_pitch
 .bss.pid_i_gain_pitch
                0x20000058        0x4 src\test\test.o
                0x20000058                pid_i_gain_pitch
 .bss.pid_d_gain_pitch
                0x2000005c        0x4 src\test\test.o
                0x2000005c                pid_d_gain_pitch
 .bss.pid_max_pitch
                0x20000060        0x4 src\test\test.o
                0x20000060                pid_max_pitch
 .bss.pid_d_gain_yaw
                0x20000064        0x4 src\test\test.o
                0x20000064                pid_d_gain_yaw
 .bss.esc_1     0x20000068        0x4 src\test\test.o
                0x20000068                esc_1
 .bss.esc_2     0x2000006c        0x4 src\test\test.o
                0x2000006c                esc_2
 .bss.esc_3     0x20000070        0x4 src\test\test.o
                0x20000070                esc_3
 .bss.esc_4     0x20000074        0x4 src\test\test.o
                0x20000074                esc_4
 .bss.throttle  0x20000078        0x4 src\test\test.o
                0x20000078                throttle
 .bss.timer_channel_1
                0x2000007c        0x4 src\test\test.o
                0x2000007c                timer_channel_1
 .bss.timer_channel_2
                0x20000080        0x4 src\test\test.o
                0x20000080                timer_channel_2
 .bss.timer_channel_3
                0x20000084        0x4 src\test\test.o
                0x20000084                timer_channel_3
 .bss.timer_channel_4
                0x20000088        0x4 src\test\test.o
                0x20000088                timer_channel_4
 .bss.esc_loop_timer
                0x2000008c        0x4 src\test\test.o
                0x2000008c                esc_loop_timer
 .bss.cal_int   0x20000090        0x4 src\test\test.o
                0x20000090                cal_int
 .bss.loop_timer
                0x20000094        0x4 src\test\test.o
                0x20000094                loop_timer
 .bss.gyro_pitch
                0x20000098        0x8 src\test\test.o
                0x20000098                gyro_pitch
 .bss.gyro_roll
                0x200000a0        0x8 src\test\test.o
                0x200000a0                gyro_roll
 .bss.gyro_yaw  0x200000a8        0x8 src\test\test.o
                0x200000a8                gyro_yaw
 .bss.gyro_roll_cal
                0x200000b0        0x8 src\test\test.o
                0x200000b0                gyro_roll_cal
 .bss.gyro_pitch_cal
                0x200000b8        0x8 src\test\test.o
                0x200000b8                gyro_pitch_cal
 .bss.gyro_yaw_cal
                0x200000c0        0x8 src\test\test.o
                0x200000c0                gyro_yaw_cal
 .bss.pid_error_temp
                0x200000c8        0x4 src\test\test.o
                0x200000c8                pid_error_temp
 .bss.pid_i_mem_roll
                0x200000cc        0x4 src\test\test.o
                0x200000cc                pid_i_mem_roll
 .bss.pid_roll_setpoint
                0x200000d0        0x4 src\test\test.o
                0x200000d0                pid_roll_setpoint
 .bss.gyro_roll_input
                0x200000d4        0x4 src\test\test.o
                0x200000d4                gyro_roll_input
 .bss.pid_output_roll
                0x200000d8        0x4 src\test\test.o
                0x200000d8                pid_output_roll
 .bss.pid_last_roll_d_error
                0x200000dc        0x4 src\test\test.o
                0x200000dc                pid_last_roll_d_error
 .bss.pid_i_mem_pitch
                0x200000e0        0x4 src\test\test.o
                0x200000e0                pid_i_mem_pitch
 .bss.pid_pitch_setpoint
                0x200000e4        0x4 src\test\test.o
                0x200000e4                pid_pitch_setpoint
 .bss.gyro_pitch_input
                0x200000e8        0x4 src\test\test.o
                0x200000e8                gyro_pitch_input
 .bss.pid_output_pitch
                0x200000ec        0x4 src\test\test.o
                0x200000ec                pid_output_pitch
 .bss.pid_last_pitch_d_error
                0x200000f0        0x4 src\test\test.o
                0x200000f0                pid_last_pitch_d_error
 .bss.pid_i_mem_yaw
                0x200000f4        0x4 src\test\test.o
                0x200000f4                pid_i_mem_yaw
 .bss.pid_yaw_setpoint
                0x200000f8        0x4 src\test\test.o
                0x200000f8                pid_yaw_setpoint
 .bss.gyro_yaw_input
                0x200000fc        0x4 src\test\test.o
                0x200000fc                gyro_yaw_input
 .bss.pid_output_yaw
                0x20000100        0x4 src\test\test.o
                0x20000100                pid_output_yaw
 .bss.pid_last_yaw_d_error
                0x20000104        0x4 src\test\test.o
                0x20000104                pid_last_yaw_d_error
 .bss.wire      0x20000108        0x4 src\test\test.o
                0x20000108                wire
 .bss.ledG      0x2000010c        0x8 src\test\test.o
                0x2000010c                ledG
 .bss.ledR      0x20000114        0x8 src\test\test.o
                0x20000114                ledR
 .bss.i2c       0x2000011c        0x4 src\quad\Quadcopter.o
                0x2000011c                i2c
 .bss.baro      0x20000120       0x68 src\quad\Quadcopter.o
                0x20000120                baro
 .bss.gyro      0x20000188       0x10 src\quad\Quadcopter.o
                0x20000188                gyro
 .bss.LED_G     0x20000198        0x8 src\quad\Quadcopter.o
                0x20000198                LED_G
 .bss.LED_R     0x200001a0        0x8 src\quad\Quadcopter.o
                0x200001a0                LED_R
 .bss.LED_SYS   0x200001a8        0x8 src\quad\Quadcopter.o
                0x200001a8                LED_SYS
 .bss.BUZZER    0x200001b0        0x8 src\quad\Quadcopter.o
                0x200001b0                BUZZER
 .bss.BUTTON    0x200001b8        0x8 src\quad\Quadcopter.o
                0x200001b8                BUTTON
 .bss.input     0x200001c0       0x18 src\quad\Input.o
                0x200001c0                input
 .bss.pulseStart
                0x200001d8       0x30 src\quad\Input.o
                0x200001d8                pulseStart
 *(COMMON)
 COMMON         0x20000208        0x8 src\libs\Delay.o
                0x20000208                _microCounter
                0x20000210                . = ALIGN (0x4)
                0x20000210                _ebss = .
                0x20000210                __bss_end__ = _ebss

._user_heap_stack
                0x20000210      0x100 load address 0x08003f8c
                0x20000210                . = ALIGN (0x4)
                0x20000210                PROVIDE (end, .)
                0x20000210                PROVIDE (_end, .)
                0x20000210                . = (. + _Min_Heap_Size)
                0x20000310                . = (. + _Min_Stack_Size)
 *fill*         0x20000210      0x100 
                0x20000310                . = ALIGN (0x4)

.memory_b1_text
 *(.mb1text)
 *(.mb1text*)
 *(.mb1rodata)
 *(.mb1rodata*)

/DISCARD/
 libc.a(*)
 libm.a(*)
 libgcc.a(*)

.ARM.attributes
                0x00000000       0x29
 *(.ARM.attributes)
 .ARM.attributes
                0x00000000       0x1d c:/program files (x86)/atollic/truestudio for arm 5.4.0/armtools/bin/../lib/gcc/arm-atollic-eabi/4.8.3/armv7-m/crti.o
 .ARM.attributes
                0x0000001d       0x2d c:/program files (x86)/atollic/truestudio for arm 5.4.0/armtools/bin/../lib/gcc/arm-atollic-eabi/4.8.3/armv7-m/crtbegin.o
 .ARM.attributes
                0x0000004a       0x33 src\test\test.o
 .ARM.attributes
                0x0000007d       0x33 src\system_stm32f10x.o
 .ARM.attributes
                0x000000b0       0x33 src\stm32f1xx_it.o
 .ARM.attributes
                0x000000e3       0x21 src\startup_stm32f10x_md.o
 .ARM.attributes
                0x00000104       0x33 src\sensors\L3G4200D.o
 .ARM.attributes
                0x00000137       0x33 src\sensors\BMP180.o
 .ARM.attributes
                0x0000016a       0x33 src\quad\Quadcopter.o
 .ARM.attributes
                0x0000019d       0x33 src\quad\Input.o
 .ARM.attributes
                0x000001d0       0x33 src\main.o
 .ARM.attributes
                0x00000203       0x33 src\libs\USART1.o
 .ARM.attributes
                0x00000236       0x33 src\libs\I2C.o
 .ARM.attributes
                0x00000269       0x33 src\libs\GPIO.o
 .ARM.attributes
                0x0000029c       0x33 src\libs\Delay.o
 .ARM.attributes
                0x000002cf       0x33 Libraries\STM32F10x_StdPeriph_Driver\src\stm32f10x_usart.o
 .ARM.attributes
                0x00000302       0x33 Libraries\STM32F10x_StdPeriph_Driver\src\stm32f10x_rcc.o
 .ARM.attributes
                0x00000335       0x33 Libraries\STM32F10x_StdPeriph_Driver\src\stm32f10x_i2c.o
 .ARM.attributes
                0x00000368       0x33 Libraries\STM32F10x_StdPeriph_Driver\src\stm32f10x_gpio.o
 .ARM.attributes
                0x0000039b       0x33 Libraries\STM32F10x_StdPeriph_Driver\src\stm32f10x_exti.o
 .ARM.attributes
                0x000003ce       0x33 Libraries\STM32F10x_StdPeriph_Driver\src\misc.o
 .ARM.attributes
                0x00000401       0x2d c:/program files (x86)/atollic/truestudio for arm 5.4.0/armtools/bin/../lib/gcc/arm-atollic-eabi/4.8.3/../../../../arm-atollic-eabi/lib/armv7-m\libc_s.a(lib_a-init.o)
 .ARM.attributes
                0x0000042e       0x1d c:/program files (x86)/atollic/truestudio for arm 5.4.0/armtools/bin/../lib/gcc/arm-atollic-eabi/4.8.3/armv7-m\libgcc.a(_arm_addsubdf3.o)
 .ARM.attributes
                0x0000044b       0x1d c:/program files (x86)/atollic/truestudio for arm 5.4.0/armtools/bin/../lib/gcc/arm-atollic-eabi/4.8.3/armv7-m\libgcc.a(_arm_muldivdf3.o)
 .ARM.attributes
                0x00000468       0x1d c:/program files (x86)/atollic/truestudio for arm 5.4.0/armtools/bin/../lib/gcc/arm-atollic-eabi/4.8.3/armv7-m\libgcc.a(_arm_truncdfsf2.o)
 .ARM.attributes
                0x00000485       0x1d c:/program files (x86)/atollic/truestudio for arm 5.4.0/armtools/bin/../lib/gcc/arm-atollic-eabi/4.8.3/armv7-m\libgcc.a(_arm_addsubsf3.o)
 .ARM.attributes
                0x000004a2       0x1d c:/program files (x86)/atollic/truestudio for arm 5.4.0/armtools/bin/../lib/gcc/arm-atollic-eabi/4.8.3/armv7-m\libgcc.a(_arm_muldivsf3.o)
 .ARM.attributes
                0x000004bf       0x1d c:/program files (x86)/atollic/truestudio for arm 5.4.0/armtools/bin/../lib/gcc/arm-atollic-eabi/4.8.3/armv7-m\libgcc.a(_arm_cmpsf2.o)
 .ARM.attributes
                0x000004dc       0x1d c:/program files (x86)/atollic/truestudio for arm 5.4.0/armtools/bin/../lib/gcc/arm-atollic-eabi/4.8.3/armv7-m\libgcc.a(_arm_fixsfsi.o)
 .ARM.attributes
                0x000004f9       0x1d c:/program files (x86)/atollic/truestudio for arm 5.4.0/armtools/bin/../lib/gcc/arm-atollic-eabi/4.8.3/armv7-m\libgcc.a(_aeabi_uldivmod.o)
 .ARM.attributes
                0x00000516       0x2d c:/program files (x86)/atollic/truestudio for arm 5.4.0/armtools/bin/../lib/gcc/arm-atollic-eabi/4.8.3/armv7-m\libgcc.a(bpabi.o)
 .ARM.attributes
                0x00000543       0x1d c:/program files (x86)/atollic/truestudio for arm 5.4.0/armtools/bin/../lib/gcc/arm-atollic-eabi/4.8.3/armv7-m\libgcc.a(_dvmd_tls.o)
 .ARM.attributes
                0x00000560       0x2d c:/program files (x86)/atollic/truestudio for arm 5.4.0/armtools/bin/../lib/gcc/arm-atollic-eabi/4.8.3/armv7-m\libgcc.a(_divdi3.o)
 .ARM.attributes
                0x0000058d       0x2d c:/program files (x86)/atollic/truestudio for arm 5.4.0/armtools/bin/../lib/gcc/arm-atollic-eabi/4.8.3/armv7-m\libgcc.a(_udivdi3.o)
 .ARM.attributes
                0x000005ba       0x1d c:/program files (x86)/atollic/truestudio for arm 5.4.0/armtools/bin/../lib/gcc/arm-atollic-eabi/4.8.3/armv7-m/crtn.o
OUTPUT(test.elf elf32-littlearm)

.debug_info     0x00000000     0x733f
 .debug_info    0x00000000      0xa90 src\test\test.o
 .debug_info    0x00000a90      0x47d src\system_stm32f10x.o
 .debug_info    0x00000f0d      0x13a src\stm32f1xx_it.o
 .debug_info    0x00001047       0x8a src\startup_stm32f10x_md.o
 .debug_info    0x000010d1      0x743 src\sensors\L3G4200D.o
 .debug_info    0x00001814      0x6a6 src\sensors\BMP180.o
 .debug_info    0x00001eba      0xbde src\quad\Quadcopter.o
 .debug_info    0x00002a98      0x56c src\quad\Input.o
 .debug_info    0x00003004       0xcb src\main.o
 .debug_info    0x000030cf      0x4ce src\libs\USART1.o
 .debug_info    0x0000359d      0x642 src\libs\I2C.o
 .debug_info    0x00003bdf      0x407 src\libs\GPIO.o
 .debug_info    0x00003fe6      0x667 src\libs\Delay.o
 .debug_info    0x0000464d      0x9ec Libraries\STM32F10x_StdPeriph_Driver\src\stm32f10x_usart.o
 .debug_info    0x00005039      0x891 Libraries\STM32F10x_StdPeriph_Driver\src\stm32f10x_rcc.o
 .debug_info    0x000058ca      0xb04 Libraries\STM32F10x_StdPeriph_Driver\src\stm32f10x_i2c.o
 .debug_info    0x000063ce      0x6eb Libraries\STM32F10x_StdPeriph_Driver\src\stm32f10x_gpio.o
 .debug_info    0x00006ab9      0x345 Libraries\STM32F10x_StdPeriph_Driver\src\stm32f10x_exti.o
 .debug_info    0x00006dfe      0x541 Libraries\STM32F10x_StdPeriph_Driver\src\misc.o

.debug_abbrev   0x00000000     0x1cfb
 .debug_abbrev  0x00000000      0x283 src\test\test.o
 .debug_abbrev  0x00000283      0x14e src\system_stm32f10x.o
 .debug_abbrev  0x000003d1       0x7f src\stm32f1xx_it.o
 .debug_abbrev  0x00000450       0x12 src\startup_stm32f10x_md.o
 .debug_abbrev  0x00000462      0x236 src\sensors\L3G4200D.o
 .debug_abbrev  0x00000698      0x22c src\sensors\BMP180.o
 .debug_abbrev  0x000008c4      0x269 src\quad\Quadcopter.o
 .debug_abbrev  0x00000b2d      0x160 src\quad\Input.o
 .debug_abbrev  0x00000c8d       0x67 src\main.o
 .debug_abbrev  0x00000cf4      0x15d src\libs\USART1.o
 .debug_abbrev  0x00000e51      0x1ee src\libs\I2C.o
 .debug_abbrev  0x0000103f      0x1ef src\libs\GPIO.o
 .debug_abbrev  0x0000122e      0x1e3 src\libs\Delay.o
 .debug_abbrev  0x00001411      0x164 Libraries\STM32F10x_StdPeriph_Driver\src\stm32f10x_usart.o
 .debug_abbrev  0x00001575      0x1bc Libraries\STM32F10x_StdPeriph_Driver\src\stm32f10x_rcc.o
 .debug_abbrev  0x00001731      0x166 Libraries\STM32F10x_StdPeriph_Driver\src\stm32f10x_i2c.o
 .debug_abbrev  0x00001897      0x1ca Libraries\STM32F10x_StdPeriph_Driver\src\stm32f10x_gpio.o
 .debug_abbrev  0x00001a61      0x153 Libraries\STM32F10x_StdPeriph_Driver\src\stm32f10x_exti.o
 .debug_abbrev  0x00001bb4      0x147 Libraries\STM32F10x_StdPeriph_Driver\src\misc.o

.debug_aranges  0x00000000      0x7c0
 .debug_aranges
                0x00000000       0x50 src\test\test.o
 .debug_aranges
                0x00000050       0x38 src\system_stm32f10x.o
 .debug_aranges
                0x00000088       0x60 src\stm32f1xx_it.o
 .debug_aranges
                0x000000e8       0x28 src\startup_stm32f10x_md.o
 .debug_aranges
                0x00000110       0x58 src\sensors\L3G4200D.o
 .debug_aranges
                0x00000168       0x40 src\sensors\BMP180.o
 .debug_aranges
                0x000001a8       0x38 src\quad\Quadcopter.o
 .debug_aranges
                0x000001e0       0x38 src\quad\Input.o
 .debug_aranges
                0x00000218       0x20 src\main.o
 .debug_aranges
                0x00000238       0x38 src\libs\USART1.o
 .debug_aranges
                0x00000270       0x40 src\libs\I2C.o
 .debug_aranges
                0x000002b0       0x40 src\libs\GPIO.o
 .debug_aranges
                0x000002f0       0x58 src\libs\Delay.o
 .debug_aranges
                0x00000348      0x100 Libraries\STM32F10x_StdPeriph_Driver\src\stm32f10x_usart.o
 .debug_aranges
                0x00000448      0x118 Libraries\STM32F10x_StdPeriph_Driver\src\stm32f10x_rcc.o
 .debug_aranges
                0x00000560      0x120 Libraries\STM32F10x_StdPeriph_Driver\src\stm32f10x_i2c.o
 .debug_aranges
                0x00000680       0xa8 Libraries\STM32F10x_StdPeriph_Driver\src\stm32f10x_gpio.o
 .debug_aranges
                0x00000728       0x58 Libraries\STM32F10x_StdPeriph_Driver\src\stm32f10x_exti.o
 .debug_aranges
                0x00000780       0x40 Libraries\STM32F10x_StdPeriph_Driver\src\misc.o

.debug_ranges   0x00000000      0x698
 .debug_ranges  0x00000000       0x40 src\test\test.o
 .debug_ranges  0x00000040       0x28 src\system_stm32f10x.o
 .debug_ranges  0x00000068       0x50 src\stm32f1xx_it.o
 .debug_ranges  0x000000b8       0x20 src\startup_stm32f10x_md.o
 .debug_ranges  0x000000d8       0x48 src\sensors\L3G4200D.o
 .debug_ranges  0x00000120       0x30 src\sensors\BMP180.o
 .debug_ranges  0x00000150       0x28 src\quad\Quadcopter.o
 .debug_ranges  0x00000178       0x28 src\quad\Input.o
 .debug_ranges  0x000001a0       0x10 src\main.o
 .debug_ranges  0x000001b0       0x28 src\libs\USART1.o
 .debug_ranges  0x000001d8       0x30 src\libs\I2C.o
 .debug_ranges  0x00000208       0x30 src\libs\GPIO.o
 .debug_ranges  0x00000238       0x48 src\libs\Delay.o
 .debug_ranges  0x00000280       0xf0 Libraries\STM32F10x_StdPeriph_Driver\src\stm32f10x_usart.o
 .debug_ranges  0x00000370      0x108 Libraries\STM32F10x_StdPeriph_Driver\src\stm32f10x_rcc.o
 .debug_ranges  0x00000478      0x110 Libraries\STM32F10x_StdPeriph_Driver\src\stm32f10x_i2c.o
 .debug_ranges  0x00000588       0x98 Libraries\STM32F10x_StdPeriph_Driver\src\stm32f10x_gpio.o
 .debug_ranges  0x00000620       0x48 Libraries\STM32F10x_StdPeriph_Driver\src\stm32f10x_exti.o
 .debug_ranges  0x00000668       0x30 Libraries\STM32F10x_StdPeriph_Driver\src\misc.o

.debug_line     0x00000000     0x3410
 .debug_line    0x00000000      0x365 src\test\test.o
 .debug_line    0x00000365      0x21c src\system_stm32f10x.o
 .debug_line    0x00000581      0x1e3 src\stm32f1xx_it.o
 .debug_line    0x00000764       0x7c src\startup_stm32f10x_md.o
 .debug_line    0x000007e0      0x26a src\sensors\L3G4200D.o
 .debug_line    0x00000a4a      0x274 src\sensors\BMP180.o
 .debug_line    0x00000cbe      0x29b src\quad\Quadcopter.o
 .debug_line    0x00000f59      0x2b1 src\quad\Input.o
 .debug_line    0x0000120a      0x151 src\main.o
 .debug_line    0x0000135b      0x2c1 src\libs\USART1.o
 .debug_line    0x0000161c      0x310 src\libs\I2C.o
 .debug_line    0x0000192c      0x228 src\libs\GPIO.o
 .debug_line    0x00001b54      0x243 src\libs\Delay.o
 .debug_line    0x00001d97      0x48d Libraries\STM32F10x_StdPeriph_Driver\src\stm32f10x_usart.o
 .debug_line    0x00002224      0x4b0 Libraries\STM32F10x_StdPeriph_Driver\src\stm32f10x_rcc.o
 .debug_line    0x000026d4      0x4ca Libraries\STM32F10x_StdPeriph_Driver\src\stm32f10x_i2c.o
 .debug_line    0x00002b9e      0x3a2 Libraries\STM32F10x_StdPeriph_Driver\src\stm32f10x_gpio.o
 .debug_line    0x00002f40      0x298 Libraries\STM32F10x_StdPeriph_Driver\src\stm32f10x_exti.o
 .debug_line    0x000031d8      0x238 Libraries\STM32F10x_StdPeriph_Driver\src\misc.o

.debug_str      0x00000000     0x2650
 .debug_str     0x00000000      0x8ac src\test\test.o
                                0x9a7 (size before relaxing)
 .debug_str     0x000008ac      0x1e0 src\system_stm32f10x.o
                                0x331 (size before relaxing)
 .debug_str     0x00000a8c       0xa6 src\stm32f1xx_it.o
                                0x236 (size before relaxing)
 .debug_str     0x00000b32      0x167 src\sensors\L3G4200D.o
                                0x481 (size before relaxing)
 .debug_str     0x00000c99      0x105 src\sensors\BMP180.o
                                0x455 (size before relaxing)
 .debug_str     0x00000d9e      0x1a6 src\quad\Quadcopter.o
                                0x889 (size before relaxing)
 .debug_str     0x00000f44      0x4bf src\quad\Input.o
                                0x8d7 (size before relaxing)
 .debug_str     0x00001403       0x15 src\main.o
                                0x1f4 (size before relaxing)
 .debug_str     0x00001418      0x180 src\libs\USART1.o
                                0x4bd (size before relaxing)
 .debug_str     0x00001598       0xb6 src\libs\I2C.o
                                0x572 (size before relaxing)
 .debug_str     0x0000164e       0x22 src\libs\GPIO.o
                                0x43b (size before relaxing)
 .debug_str     0x00001670       0xf8 src\libs\Delay.o
                                0x61b (size before relaxing)
 .debug_str     0x00001768      0x3d3 Libraries\STM32F10x_StdPeriph_Driver\src\stm32f10x_usart.o
                                0x6f6 (size before relaxing)
 .debug_str     0x00001b3b      0x380 Libraries\STM32F10x_StdPeriph_Driver\src\stm32f10x_rcc.o
                                0x680 (size before relaxing)
 .debug_str     0x00001ebb      0x342 Libraries\STM32F10x_StdPeriph_Driver\src\stm32f10x_i2c.o
                                0x6cc (size before relaxing)
 .debug_str     0x000021fd      0x25a Libraries\STM32F10x_StdPeriph_Driver\src\stm32f10x_gpio.o
                                0x57f (size before relaxing)
 .debug_str     0x00002457       0xf3 Libraries\STM32F10x_StdPeriph_Driver\src\stm32f10x_exti.o
                                0x3af (size before relaxing)
 .debug_str     0x0000254a      0x106 Libraries\STM32F10x_StdPeriph_Driver\src\misc.o
                                0x424 (size before relaxing)

.comment        0x00000000       0x82
 .comment       0x00000000       0x82 src\test\test.o
                                 0x83 (size before relaxing)
 .comment       0x00000000       0x83 src\system_stm32f10x.o
 .comment       0x00000000       0x83 src\stm32f1xx_it.o
 .comment       0x00000000       0x83 src\sensors\L3G4200D.o
 .comment       0x00000000       0x83 src\sensors\BMP180.o
 .comment       0x00000000       0x83 src\quad\Quadcopter.o
 .comment       0x00000000       0x83 src\quad\Input.o
 .comment       0x00000000       0x83 src\main.o
 .comment       0x00000000       0x83 src\libs\USART1.o
 .comment       0x00000000       0x83 src\libs\I2C.o
 .comment       0x00000000       0x83 src\libs\GPIO.o
 .comment       0x00000000       0x83 src\libs\Delay.o
 .comment       0x00000000       0x83 Libraries\STM32F10x_StdPeriph_Driver\src\stm32f10x_usart.o
 .comment       0x00000000       0x83 Libraries\STM32F10x_StdPeriph_Driver\src\stm32f10x_rcc.o
 .comment       0x00000000       0x83 Libraries\STM32F10x_StdPeriph_Driver\src\stm32f10x_i2c.o
 .comment       0x00000000       0x83 Libraries\STM32F10x_StdPeriph_Driver\src\stm32f10x_gpio.o
 .comment       0x00000000       0x83 Libraries\STM32F10x_StdPeriph_Driver\src\stm32f10x_exti.o
 .comment       0x00000000       0x83 Libraries\STM32F10x_StdPeriph_Driver\src\misc.o

.debug_frame    0x00000000     0x1734
 .debug_frame   0x00000000       0xf0 src\test\test.o
 .debug_frame   0x000000f0       0x80 src\system_stm32f10x.o
 .debug_frame   0x00000170       0xec src\stm32f1xx_it.o
 .debug_frame   0x0000025c      0x10c src\sensors\L3G4200D.o
 .debug_frame   0x00000368       0xa8 src\sensors\BMP180.o
 .debug_frame   0x00000410       0x88 src\quad\Quadcopter.o
 .debug_frame   0x00000498       0x88 src\quad\Input.o
 .debug_frame   0x00000520       0x2c src\main.o
 .debug_frame   0x0000054c       0x98 src\libs\USART1.o
 .debug_frame   0x000005e4       0xac src\libs\I2C.o
 .debug_frame   0x00000690       0xac src\libs\GPIO.o
 .debug_frame   0x0000073c       0xf4 src\libs\Delay.o
 .debug_frame   0x00000830      0x344 Libraries\STM32F10x_StdPeriph_Driver\src\stm32f10x_usart.o
 .debug_frame   0x00000b74      0x388 Libraries\STM32F10x_StdPeriph_Driver\src\stm32f10x_rcc.o
 .debug_frame   0x00000efc      0x3b4 Libraries\STM32F10x_StdPeriph_Driver\src\stm32f10x_i2c.o
 .debug_frame   0x000012b0      0x210 Libraries\STM32F10x_StdPeriph_Driver\src\stm32f10x_gpio.o
 .debug_frame   0x000014c0       0xec Libraries\STM32F10x_StdPeriph_Driver\src\stm32f10x_exti.o
 .debug_frame   0x000015ac       0x9c Libraries\STM32F10x_StdPeriph_Driver\src\misc.o
 .debug_frame   0x00001648       0x2c c:/program files (x86)/atollic/truestudio for arm 5.4.0/armtools/bin/../lib/gcc/arm-atollic-eabi/4.8.3/../../../../arm-atollic-eabi/lib/armv7-m\libc_s.a(lib_a-init.o)
 .debug_frame   0x00001674       0x58 c:/program files (x86)/atollic/truestudio for arm 5.4.0/armtools/bin/../lib/gcc/arm-atollic-eabi/4.8.3/armv7-m\libgcc.a(bpabi.o)
 .debug_frame   0x000016cc       0x34 c:/program files (x86)/atollic/truestudio for arm 5.4.0/armtools/bin/../lib/gcc/arm-atollic-eabi/4.8.3/armv7-m\libgcc.a(_divdi3.o)
 .debug_frame   0x00001700       0x34 c:/program files (x86)/atollic/truestudio for arm 5.4.0/armtools/bin/../lib/gcc/arm-atollic-eabi/4.8.3/armv7-m\libgcc.a(_udivdi3.o)

Cross Reference Table

Symbol                                            File
ADC1_2_IRQHandler                                 src\startup_stm32f10x_md.o
ADC_AnalogWatchdogCmd                             Libraries\STM32F10x_StdPeriph_Driver\src\stm32f10x_adc.o
ADC_AnalogWatchdogSingleChannelConfig             Libraries\STM32F10x_StdPeriph_Driver\src\stm32f10x_adc.o
ADC_AnalogWatchdogThresholdsConfig                Libraries\STM32F10x_StdPeriph_Driver\src\stm32f10x_adc.o
ADC_AutoInjectedConvCmd                           Libraries\STM32F10x_StdPeriph_Driver\src\stm32f10x_adc.o
ADC_ClearFlag                                     Libraries\STM32F10x_StdPeriph_Driver\src\stm32f10x_adc.o
ADC_ClearITPendingBit                             Libraries\STM32F10x_StdPeriph_Driver\src\stm32f10x_adc.o
ADC_Cmd                                           Libraries\STM32F10x_StdPeriph_Driver\src\stm32f10x_adc.o
ADC_DMACmd                                        Libraries\STM32F10x_StdPeriph_Driver\src\stm32f10x_adc.o
ADC_DeInit                                        Libraries\STM32F10x_StdPeriph_Driver\src\stm32f10x_adc.o
ADC_DiscModeChannelCountConfig                    Libraries\STM32F10x_StdPeriph_Driver\src\stm32f10x_adc.o
ADC_DiscModeCmd                                   Libraries\STM32F10x_StdPeriph_Driver\src\stm32f10x_adc.o
ADC_ExternalTrigConvCmd                           Libraries\STM32F10x_StdPeriph_Driver\src\stm32f10x_adc.o
ADC_ExternalTrigInjectedConvCmd                   Libraries\STM32F10x_StdPeriph_Driver\src\stm32f10x_adc.o
ADC_ExternalTrigInjectedConvConfig                Libraries\STM32F10x_StdPeriph_Driver\src\stm32f10x_adc.o
ADC_GetCalibrationStatus                          Libraries\STM32F10x_StdPeriph_Driver\src\stm32f10x_adc.o
ADC_GetConversionValue                            Libraries\STM32F10x_StdPeriph_Driver\src\stm32f10x_adc.o
ADC_GetDualModeConversionValue                    Libraries\STM32F10x_StdPeriph_Driver\src\stm32f10x_adc.o
ADC_GetFlagStatus                                 Libraries\STM32F10x_StdPeriph_Driver\src\stm32f10x_adc.o
ADC_GetITStatus                                   Libraries\STM32F10x_StdPeriph_Driver\src\stm32f10x_adc.o
ADC_GetInjectedConversionValue                    Libraries\STM32F10x_StdPeriph_Driver\src\stm32f10x_adc.o
ADC_GetResetCalibrationStatus                     Libraries\STM32F10x_StdPeriph_Driver\src\stm32f10x_adc.o
ADC_GetSoftwareStartConvStatus                    Libraries\STM32F10x_StdPeriph_Driver\src\stm32f10x_adc.o
ADC_GetSoftwareStartInjectedConvCmdStatus         Libraries\STM32F10x_StdPeriph_Driver\src\stm32f10x_adc.o
ADC_ITConfig                                      Libraries\STM32F10x_StdPeriph_Driver\src\stm32f10x_adc.o
ADC_Init                                          Libraries\STM32F10x_StdPeriph_Driver\src\stm32f10x_adc.o
ADC_InjectedChannelConfig                         Libraries\STM32F10x_StdPeriph_Driver\src\stm32f10x_adc.o
ADC_InjectedDiscModeCmd                           Libraries\STM32F10x_StdPeriph_Driver\src\stm32f10x_adc.o
ADC_InjectedSequencerLengthConfig                 Libraries\STM32F10x_StdPeriph_Driver\src\stm32f10x_adc.o
ADC_RegularChannelConfig                          Libraries\STM32F10x_StdPeriph_Driver\src\stm32f10x_adc.o
ADC_ResetCalibration                              Libraries\STM32F10x_StdPeriph_Driver\src\stm32f10x_adc.o
ADC_SetInjectedOffset                             Libraries\STM32F10x_StdPeriph_Driver\src\stm32f10x_adc.o
ADC_SoftwareStartConvCmd                          Libraries\STM32F10x_StdPeriph_Driver\src\stm32f10x_adc.o
ADC_SoftwareStartInjectedConvCmd                  Libraries\STM32F10x_StdPeriph_Driver\src\stm32f10x_adc.o
ADC_StartCalibration                              Libraries\STM32F10x_StdPeriph_Driver\src\stm32f10x_adc.o
ADC_StructInit                                    Libraries\STM32F10x_StdPeriph_Driver\src\stm32f10x_adc.o
ADC_TempSensorVrefintCmd                          Libraries\STM32F10x_StdPeriph_Driver\src\stm32f10x_adc.o
AHBPrescTable                                     src\system_stm32f10x.o
Armed                                             src\quad\Quadcopter.o
                                                  src\quad\Tasks.o
BKP_ClearFlag                                     Libraries\STM32F10x_StdPeriph_Driver\src\stm32f10x_bkp.o
BKP_ClearITPendingBit                             Libraries\STM32F10x_StdPeriph_Driver\src\stm32f10x_bkp.o
BKP_DeInit                                        Libraries\STM32F10x_StdPeriph_Driver\src\stm32f10x_bkp.o
BKP_GetFlagStatus                                 Libraries\STM32F10x_StdPeriph_Driver\src\stm32f10x_bkp.o
BKP_GetITStatus                                   Libraries\STM32F10x_StdPeriph_Driver\src\stm32f10x_bkp.o
BKP_ITConfig                                      Libraries\STM32F10x_StdPeriph_Driver\src\stm32f10x_bkp.o
BKP_RTCOutputConfig                               Libraries\STM32F10x_StdPeriph_Driver\src\stm32f10x_bkp.o
BKP_ReadBackupRegister                            Libraries\STM32F10x_StdPeriph_Driver\src\stm32f10x_bkp.o
BKP_SetRTCCalibrationValue                        Libraries\STM32F10x_StdPeriph_Driver\src\stm32f10x_bkp.o
BKP_TamperPinCmd                                  Libraries\STM32F10x_StdPeriph_Driver\src\stm32f10x_bkp.o
BKP_TamperPinLevelConfig                          Libraries\STM32F10x_StdPeriph_Driver\src\stm32f10x_bkp.o
BKP_WriteBackupRegister                           Libraries\STM32F10x_StdPeriph_Driver\src\stm32f10x_bkp.o
BMP180::BMP180()                                  src\sensors\BMP180.o
BMP180::BMP180()                                  src\sensors\BMP180.o
                                                  src\quad\Quadcopter.o
BMP180::debug()                                   src\sensors\BMP180.o
BMP180::getDelay()                                src\sensors\BMP180.o
BMP180::getPressure(long&)                        src\sensors\BMP180.o
                                                  src\quad\Tasks.o
BMP180::init(I2C*, short)                         src\sensors\BMP180.o
                                                  src\quad\Quadcopter.o
BUTTON                                            src\quad\Quadcopter.o
BUZZER                                            src\quad\Quadcopter.o
BusFault_Handler                                  src\stm32f1xx_it.o
CAN1_RX1_IRQHandler                               src\startup_stm32f10x_md.o
CAN1_SCE_IRQHandler                               src\startup_stm32f10x_md.o
CAN_CancelTransmit                                Libraries\STM32F10x_StdPeriph_Driver\src\stm32f10x_can.o
CAN_ClearFlag                                     Libraries\STM32F10x_StdPeriph_Driver\src\stm32f10x_can.o
CAN_ClearITPendingBit                             Libraries\STM32F10x_StdPeriph_Driver\src\stm32f10x_can.o
CAN_DBGFreeze                                     Libraries\STM32F10x_StdPeriph_Driver\src\stm32f10x_can.o
CAN_DeInit                                        Libraries\STM32F10x_StdPeriph_Driver\src\stm32f10x_can.o
CAN_FIFORelease                                   Libraries\STM32F10x_StdPeriph_Driver\src\stm32f10x_can.o
CAN_FilterInit                                    Libraries\STM32F10x_StdPeriph_Driver\src\stm32f10x_can.o
CAN_GetFlagStatus                                 Libraries\STM32F10x_StdPeriph_Driver\src\stm32f10x_can.o
CAN_GetITStatus                                   Libraries\STM32F10x_StdPeriph_Driver\src\stm32f10x_can.o
CAN_GetLSBTransmitErrorCounter                    Libraries\STM32F10x_StdPeriph_Driver\src\stm32f10x_can.o
CAN_GetLastErrorCode                              Libraries\STM32F10x_StdPeriph_Driver\src\stm32f10x_can.o
CAN_GetReceiveErrorCounter                        Libraries\STM32F10x_StdPeriph_Driver\src\stm32f10x_can.o
CAN_ITConfig                                      Libraries\STM32F10x_StdPeriph_Driver\src\stm32f10x_can.o
CAN_Init                                          Libraries\STM32F10x_StdPeriph_Driver\src\stm32f10x_can.o
CAN_MessagePending                                Libraries\STM32F10x_StdPeriph_Driver\src\stm32f10x_can.o
CAN_OperatingModeRequest                          Libraries\STM32F10x_StdPeriph_Driver\src\stm32f10x_can.o
CAN_Receive                                       Libraries\STM32F10x_StdPeriph_Driver\src\stm32f10x_can.o
CAN_SlaveStartBank                                Libraries\STM32F10x_StdPeriph_Driver\src\stm32f10x_can.o
CAN_Sleep                                         Libraries\STM32F10x_StdPeriph_Driver\src\stm32f10x_can.o
CAN_StructInit                                    Libraries\STM32F10x_StdPeriph_Driver\src\stm32f10x_can.o
CAN_TTComModeCmd                                  Libraries\STM32F10x_StdPeriph_Driver\src\stm32f10x_can.o
CAN_Transmit                                      Libraries\STM32F10x_StdPeriph_Driver\src\stm32f10x_can.o
CAN_TransmitStatus                                Libraries\STM32F10x_StdPeriph_Driver\src\stm32f10x_can.o
CAN_WakeUp                                        Libraries\STM32F10x_StdPeriph_Driver\src\stm32f10x_can.o
CEC_ClearFlag                                     Libraries\STM32F10x_StdPeriph_Driver\src\stm32f10x_cec.o
CEC_ClearITPendingBit                             Libraries\STM32F10x_StdPeriph_Driver\src\stm32f10x_cec.o
CEC_Cmd                                           Libraries\STM32F10x_StdPeriph_Driver\src\stm32f10x_cec.o
CEC_DeInit                                        Libraries\STM32F10x_StdPeriph_Driver\src\stm32f10x_cec.o
CEC_EndOfMessageCmd                               Libraries\STM32F10x_StdPeriph_Driver\src\stm32f10x_cec.o
CEC_GetFlagStatus                                 Libraries\STM32F10x_StdPeriph_Driver\src\stm32f10x_cec.o
CEC_GetITStatus                                   Libraries\STM32F10x_StdPeriph_Driver\src\stm32f10x_cec.o
CEC_ITConfig                                      Libraries\STM32F10x_StdPeriph_Driver\src\stm32f10x_cec.o
CEC_Init                                          Libraries\STM32F10x_StdPeriph_Driver\src\stm32f10x_cec.o
CEC_OwnAddressConfig                              Libraries\STM32F10x_StdPeriph_Driver\src\stm32f10x_cec.o
CEC_ReceiveDataByte                               Libraries\STM32F10x_StdPeriph_Driver\src\stm32f10x_cec.o
CEC_SendDataByte                                  Libraries\STM32F10x_StdPeriph_Driver\src\stm32f10x_cec.o
CEC_SetPrescaler                                  Libraries\STM32F10x_StdPeriph_Driver\src\stm32f10x_cec.o
CEC_StartOfMessage                                Libraries\STM32F10x_StdPeriph_Driver\src\stm32f10x_cec.o
CRC_CalcBlockCRC                                  Libraries\STM32F10x_StdPeriph_Driver\src\stm32f10x_crc.o
CRC_CalcCRC                                       Libraries\STM32F10x_StdPeriph_Driver\src\stm32f10x_crc.o
CRC_GetCRC                                        Libraries\STM32F10x_StdPeriph_Driver\src\stm32f10x_crc.o
CRC_GetIDRegister                                 Libraries\STM32F10x_StdPeriph_Driver\src\stm32f10x_crc.o
CRC_ResetDR                                       Libraries\STM32F10x_StdPeriph_Driver\src\stm32f10x_crc.o
CRC_SetIDRegister                                 Libraries\STM32F10x_StdPeriph_Driver\src\stm32f10x_crc.o
DAC_Cmd                                           Libraries\STM32F10x_StdPeriph_Driver\src\stm32f10x_dac.o
DAC_DMACmd                                        Libraries\STM32F10x_StdPeriph_Driver\src\stm32f10x_dac.o
DAC_DeInit                                        Libraries\STM32F10x_StdPeriph_Driver\src\stm32f10x_dac.o
DAC_DualSoftwareTriggerCmd                        Libraries\STM32F10x_StdPeriph_Driver\src\stm32f10x_dac.o
DAC_GetDataOutputValue                            Libraries\STM32F10x_StdPeriph_Driver\src\stm32f10x_dac.o
DAC_Init                                          Libraries\STM32F10x_StdPeriph_Driver\src\stm32f10x_dac.o
DAC_SetChannel1Data                               Libraries\STM32F10x_StdPeriph_Driver\src\stm32f10x_dac.o
DAC_SetChannel2Data                               Libraries\STM32F10x_StdPeriph_Driver\src\stm32f10x_dac.o
DAC_SetDualChannelData                            Libraries\STM32F10x_StdPeriph_Driver\src\stm32f10x_dac.o
DAC_SoftwareTriggerCmd                            Libraries\STM32F10x_StdPeriph_Driver\src\stm32f10x_dac.o
DAC_StructInit                                    Libraries\STM32F10x_StdPeriph_Driver\src\stm32f10x_dac.o
DAC_WaveGenerationCmd                             Libraries\STM32F10x_StdPeriph_Driver\src\stm32f10x_dac.o
DBGMCU_Config                                     Libraries\STM32F10x_StdPeriph_Driver\src\stm32f10x_dbgmcu.o
DBGMCU_GetDEVID                                   Libraries\STM32F10x_StdPeriph_Driver\src\stm32f10x_dbgmcu.o
DBGMCU_GetREVID                                   Libraries\STM32F10x_StdPeriph_Driver\src\stm32f10x_dbgmcu.o
DMA1_Channel1_IRQHandler                          src\startup_stm32f10x_md.o
DMA1_Channel2_IRQHandler                          src\startup_stm32f10x_md.o
DMA1_Channel3_IRQHandler                          src\startup_stm32f10x_md.o
DMA1_Channel4_IRQHandler                          src\startup_stm32f10x_md.o
DMA1_Channel5_IRQHandler                          src\startup_stm32f10x_md.o
DMA1_Channel6_IRQHandler                          src\startup_stm32f10x_md.o
DMA1_Channel7_IRQHandler                          src\startup_stm32f10x_md.o
DMA_ClearFlag                                     Libraries\STM32F10x_StdPeriph_Driver\src\stm32f10x_dma.o
DMA_ClearITPendingBit                             Libraries\STM32F10x_StdPeriph_Driver\src\stm32f10x_dma.o
DMA_Cmd                                           Libraries\STM32F10x_StdPeriph_Driver\src\stm32f10x_dma.o
DMA_DeInit                                        Libraries\STM32F10x_StdPeriph_Driver\src\stm32f10x_dma.o
DMA_GetCurrDataCounter                            Libraries\STM32F10x_StdPeriph_Driver\src\stm32f10x_dma.o
DMA_GetFlagStatus                                 Libraries\STM32F10x_StdPeriph_Driver\src\stm32f10x_dma.o
DMA_GetITStatus                                   Libraries\STM32F10x_StdPeriph_Driver\src\stm32f10x_dma.o
DMA_ITConfig                                      Libraries\STM32F10x_StdPeriph_Driver\src\stm32f10x_dma.o
DMA_Init                                          Libraries\STM32F10x_StdPeriph_Driver\src\stm32f10x_dma.o
DMA_SetCurrDataCounter                            Libraries\STM32F10x_StdPeriph_Driver\src\stm32f10x_dma.o
DMA_StructInit                                    Libraries\STM32F10x_StdPeriph_Driver\src\stm32f10x_dma.o
DebugMon_Handler                                  src\stm32f1xx_it.o
Default_Handler                                   src\startup_stm32f10x_md.o
EXTI0_IRQHandler                                  src\startup_stm32f10x_md.o
EXTI15_10_IRQHandler                              src\quad\Input.o
                                                  src\startup_stm32f10x_md.o
EXTI1_IRQHandler                                  src\startup_stm32f10x_md.o
EXTI2_IRQHandler                                  src\startup_stm32f10x_md.o
EXTI3_IRQHandler                                  src\startup_stm32f10x_md.o
EXTI4_IRQHandler                                  src\startup_stm32f10x_md.o
EXTI9_5_IRQHandler                                src\quad\Input.o
                                                  src\startup_stm32f10x_md.o
EXTI_ClearFlag                                    Libraries\STM32F10x_StdPeriph_Driver\src\stm32f10x_exti.o
EXTI_ClearITPendingBit                            Libraries\STM32F10x_StdPeriph_Driver\src\stm32f10x_exti.o
                                                  src\quad\Input.o
EXTI_DeInit                                       Libraries\STM32F10x_StdPeriph_Driver\src\stm32f10x_exti.o
EXTI_GenerateSWInterrupt                          Libraries\STM32F10x_StdPeriph_Driver\src\stm32f10x_exti.o
EXTI_GetFlagStatus                                Libraries\STM32F10x_StdPeriph_Driver\src\stm32f10x_exti.o
EXTI_GetITStatus                                  Libraries\STM32F10x_StdPeriph_Driver\src\stm32f10x_exti.o
                                                  src\quad\Input.o
EXTI_Init                                         Libraries\STM32F10x_StdPeriph_Driver\src\stm32f10x_exti.o
                                                  src\quad\Input.o
EXTI_StructInit                                   Libraries\STM32F10x_StdPeriph_Driver\src\stm32f10x_exti.o
FLASH_ClearFlag                                   Libraries\STM32F10x_StdPeriph_Driver\src\stm32f10x_flash.o
FLASH_EnableWriteProtection                       Libraries\STM32F10x_StdPeriph_Driver\src\stm32f10x_flash.o
FLASH_EraseAllBank1Pages                          Libraries\STM32F10x_StdPeriph_Driver\src\stm32f10x_flash.o
FLASH_EraseAllPages                               Libraries\STM32F10x_StdPeriph_Driver\src\stm32f10x_flash.o
FLASH_EraseOptionBytes                            Libraries\STM32F10x_StdPeriph_Driver\src\stm32f10x_flash.o
FLASH_ErasePage                                   Libraries\STM32F10x_StdPeriph_Driver\src\stm32f10x_flash.o
FLASH_GetBank1Status                              Libraries\STM32F10x_StdPeriph_Driver\src\stm32f10x_flash.o
FLASH_GetFlagStatus                               Libraries\STM32F10x_StdPeriph_Driver\src\stm32f10x_flash.o
FLASH_GetPrefetchBufferStatus                     Libraries\STM32F10x_StdPeriph_Driver\src\stm32f10x_flash.o
FLASH_GetReadOutProtectionStatus                  Libraries\STM32F10x_StdPeriph_Driver\src\stm32f10x_flash.o
FLASH_GetStatus                                   Libraries\STM32F10x_StdPeriph_Driver\src\stm32f10x_flash.o
FLASH_GetUserOptionByte                           Libraries\STM32F10x_StdPeriph_Driver\src\stm32f10x_flash.o
FLASH_GetWriteProtectionOptionByte                Libraries\STM32F10x_StdPeriph_Driver\src\stm32f10x_flash.o
FLASH_HalfCycleAccessCmd                          Libraries\STM32F10x_StdPeriph_Driver\src\stm32f10x_flash.o
FLASH_IRQHandler                                  src\startup_stm32f10x_md.o
FLASH_ITConfig                                    Libraries\STM32F10x_StdPeriph_Driver\src\stm32f10x_flash.o
FLASH_Lock                                        Libraries\STM32F10x_StdPeriph_Driver\src\stm32f10x_flash.o
FLASH_LockBank1                                   Libraries\STM32F10x_StdPeriph_Driver\src\stm32f10x_flash.o
FLASH_PrefetchBufferCmd                           Libraries\STM32F10x_StdPeriph_Driver\src\stm32f10x_flash.o
FLASH_ProgramHalfWord                             Libraries\STM32F10x_StdPeriph_Driver\src\stm32f10x_flash.o
FLASH_ProgramOptionByteData                       Libraries\STM32F10x_StdPeriph_Driver\src\stm32f10x_flash.o
FLASH_ProgramWord                                 Libraries\STM32F10x_StdPeriph_Driver\src\stm32f10x_flash.o
FLASH_ReadOutProtection                           Libraries\STM32F10x_StdPeriph_Driver\src\stm32f10x_flash.o
FLASH_SetLatency                                  Libraries\STM32F10x_StdPeriph_Driver\src\stm32f10x_flash.o
FLASH_Unlock                                      Libraries\STM32F10x_StdPeriph_Driver\src\stm32f10x_flash.o
FLASH_UnlockBank1                                 Libraries\STM32F10x_StdPeriph_Driver\src\stm32f10x_flash.o
FLASH_UserOptionByteConfig                        Libraries\STM32F10x_StdPeriph_Driver\src\stm32f10x_flash.o
FLASH_WaitForLastBank1Operation                   Libraries\STM32F10x_StdPeriph_Driver\src\stm32f10x_flash.o
FLASH_WaitForLastOperation                        Libraries\STM32F10x_StdPeriph_Driver\src\stm32f10x_flash.o
FSMC_ClearFlag                                    Libraries\STM32F10x_StdPeriph_Driver\src\stm32f10x_fsmc.o
FSMC_ClearITPendingBit                            Libraries\STM32F10x_StdPeriph_Driver\src\stm32f10x_fsmc.o
FSMC_GetECC                                       Libraries\STM32F10x_StdPeriph_Driver\src\stm32f10x_fsmc.o
FSMC_GetFlagStatus                                Libraries\STM32F10x_StdPeriph_Driver\src\stm32f10x_fsmc.o
FSMC_GetITStatus                                  Libraries\STM32F10x_StdPeriph_Driver\src\stm32f10x_fsmc.o
FSMC_ITConfig                                     Libraries\STM32F10x_StdPeriph_Driver\src\stm32f10x_fsmc.o
FSMC_NANDCmd                                      Libraries\STM32F10x_StdPeriph_Driver\src\stm32f10x_fsmc.o
FSMC_NANDDeInit                                   Libraries\STM32F10x_StdPeriph_Driver\src\stm32f10x_fsmc.o
FSMC_NANDECCCmd                                   Libraries\STM32F10x_StdPeriph_Driver\src\stm32f10x_fsmc.o
FSMC_NANDInit                                     Libraries\STM32F10x_StdPeriph_Driver\src\stm32f10x_fsmc.o
FSMC_NANDStructInit                               Libraries\STM32F10x_StdPeriph_Driver\src\stm32f10x_fsmc.o
FSMC_NORSRAMCmd                                   Libraries\STM32F10x_StdPeriph_Driver\src\stm32f10x_fsmc.o
FSMC_NORSRAMDeInit                                Libraries\STM32F10x_StdPeriph_Driver\src\stm32f10x_fsmc.o
FSMC_NORSRAMInit                                  Libraries\STM32F10x_StdPeriph_Driver\src\stm32f10x_fsmc.o
FSMC_NORSRAMStructInit                            Libraries\STM32F10x_StdPeriph_Driver\src\stm32f10x_fsmc.o
FSMC_PCCARDCmd                                    Libraries\STM32F10x_StdPeriph_Driver\src\stm32f10x_fsmc.o
FSMC_PCCARDDeInit                                 Libraries\STM32F10x_StdPeriph_Driver\src\stm32f10x_fsmc.o
FSMC_PCCARDInit                                   Libraries\STM32F10x_StdPeriph_Driver\src\stm32f10x_fsmc.o
FSMC_PCCARDStructInit                             Libraries\STM32F10x_StdPeriph_Driver\src\stm32f10x_fsmc.o
GPIO::GPIO()                                      src\libs\GPIO.o
GPIO::GPIO()                                      src\libs\GPIO.o
                                                  src\quad\Quadcopter.o
                                                  src\test\test.o
GPIO::high()                                      src\libs\GPIO.o
                                                  src\quad\Quadcopter.o
                                                  src\quad\Tasks.o
GPIO::init(GPIO_TypeDef*, unsigned short, GPIOMode_TypeDef) src\libs\GPIO.o
                                                  src\quad\Quadcopter.o
                                                  src\test\test.o
GPIO::low()                                       src\libs\GPIO.o
                                                  src\quad\Quadcopter.o
                                                  src\quad\Tasks.o
GPIO::read()                                      src\libs\GPIO.o
                                                  src\quad\Quadcopter.o
GPIO_AFIODeInit                                   Libraries\STM32F10x_StdPeriph_Driver\src\stm32f10x_gpio.o
GPIO_DeInit                                       Libraries\STM32F10x_StdPeriph_Driver\src\stm32f10x_gpio.o
GPIO_ETH_MediaInterfaceConfig                     Libraries\STM32F10x_StdPeriph_Driver\src\stm32f10x_gpio.o
GPIO_EXTILineConfig                               Libraries\STM32F10x_StdPeriph_Driver\src\stm32f10x_gpio.o
                                                  src\quad\Input.o
GPIO_EventOutputCmd                               Libraries\STM32F10x_StdPeriph_Driver\src\stm32f10x_gpio.o
GPIO_EventOutputConfig                            Libraries\STM32F10x_StdPeriph_Driver\src\stm32f10x_gpio.o
GPIO_Init                                         Libraries\STM32F10x_StdPeriph_Driver\src\stm32f10x_gpio.o
                                                  src\libs\GPIO.o
                                                  src\libs\I2C.o
                                                  src\libs\USART1.o
                                                  src\quad\Input.o
                                                  src\quad\Motors.o
                                                  src\test\test.o
GPIO_PinLockConfig                                Libraries\STM32F10x_StdPeriph_Driver\src\stm32f10x_gpio.o
GPIO_PinRemapConfig                               Libraries\STM32F10x_StdPeriph_Driver\src\stm32f10x_gpio.o
GPIO_ReadInputData                                Libraries\STM32F10x_StdPeriph_Driver\src\stm32f10x_gpio.o
GPIO_ReadInputDataBit                             Libraries\STM32F10x_StdPeriph_Driver\src\stm32f10x_gpio.o
                                                  src\libs\GPIO.o
                                                  src\quad\Input.o
                                                  src\test\test.o
GPIO_ReadOutputData                               Libraries\STM32F10x_StdPeriph_Driver\src\stm32f10x_gpio.o
GPIO_ReadOutputDataBit                            Libraries\STM32F10x_StdPeriph_Driver\src\stm32f10x_gpio.o
GPIO_ResetBits                                    Libraries\STM32F10x_StdPeriph_Driver\src\stm32f10x_gpio.o
                                                  src\libs\GPIO.o
                                                  src\test\test.o
GPIO_SetBits                                      Libraries\STM32F10x_StdPeriph_Driver\src\stm32f10x_gpio.o
                                                  src\libs\GPIO.o
                                                  src\test\test.o
GPIO_StructInit                                   Libraries\STM32F10x_StdPeriph_Driver\src\stm32f10x_gpio.o
GPIO_Write                                        Libraries\STM32F10x_StdPeriph_Driver\src\stm32f10x_gpio.o
GPIO_WriteBit                                     Libraries\STM32F10x_StdPeriph_Driver\src\stm32f10x_gpio.o
HardFault_Handler                                 src\stm32f1xx_it.o
I2C1_ER_IRQHandler                                src\startup_stm32f10x_md.o
I2C1_EV_IRQHandler                                src\startup_stm32f10x_md.o
I2C2_ER_IRQHandler                                src\startup_stm32f10x_md.o
I2C2_EV_IRQHandler                                src\startup_stm32f10x_md.o
I2C::I2C()                                        src\libs\I2C.o
                                                  src\quad\Quadcopter.o
                                                  src\test\test.o
I2C::I2C()                                        src\libs\I2C.o
I2C::init(I2C_TypeDef*, unsigned int)             src\libs\I2C.o
                                                  src\quad\Quadcopter.o
                                                  src\test\test.o
I2C::readByte(unsigned char, unsigned char, unsigned char&) src\libs\I2C.o
I2C::readBytes(unsigned char, unsigned char, int, unsigned char*) src\libs\I2C.o
                                                  src\sensors\BMP180.o
                                                  src\sensors\L3G4200D.o
                                                  src\test\test.o
I2C::sendByte(unsigned char, unsigned char, unsigned char) src\libs\I2C.o
                                                  src\sensors\BMP180.o
                                                  src\sensors\L3G4200D.o
                                                  src\test\test.o
I2C_ARPCmd                                        Libraries\STM32F10x_StdPeriph_Driver\src\stm32f10x_i2c.o
I2C_AcknowledgeConfig                             Libraries\STM32F10x_StdPeriph_Driver\src\stm32f10x_i2c.o
                                                  src\libs\I2C.o
I2C_CalculatePEC                                  Libraries\STM32F10x_StdPeriph_Driver\src\stm32f10x_i2c.o
I2C_CheckEvent                                    Libraries\STM32F10x_StdPeriph_Driver\src\stm32f10x_i2c.o
                                                  src\libs\I2C.o
I2C_ClearFlag                                     Libraries\STM32F10x_StdPeriph_Driver\src\stm32f10x_i2c.o
I2C_ClearITPendingBit                             Libraries\STM32F10x_StdPeriph_Driver\src\stm32f10x_i2c.o
I2C_Cmd                                           Libraries\STM32F10x_StdPeriph_Driver\src\stm32f10x_i2c.o
                                                  src\libs\I2C.o
I2C_DMACmd                                        Libraries\STM32F10x_StdPeriph_Driver\src\stm32f10x_i2c.o
I2C_DMALastTransferCmd                            Libraries\STM32F10x_StdPeriph_Driver\src\stm32f10x_i2c.o
I2C_DeInit                                        Libraries\STM32F10x_StdPeriph_Driver\src\stm32f10x_i2c.o
I2C_DualAddressCmd                                Libraries\STM32F10x_StdPeriph_Driver\src\stm32f10x_i2c.o
I2C_FastModeDutyCycleConfig                       Libraries\STM32F10x_StdPeriph_Driver\src\stm32f10x_i2c.o
I2C_GeneralCallCmd                                Libraries\STM32F10x_StdPeriph_Driver\src\stm32f10x_i2c.o
I2C_GenerateSTART                                 Libraries\STM32F10x_StdPeriph_Driver\src\stm32f10x_i2c.o
                                                  src\libs\I2C.o
I2C_GenerateSTOP                                  Libraries\STM32F10x_StdPeriph_Driver\src\stm32f10x_i2c.o
                                                  src\libs\I2C.o
I2C_GetFlagStatus                                 Libraries\STM32F10x_StdPeriph_Driver\src\stm32f10x_i2c.o
                                                  src\libs\I2C.o
I2C_GetITStatus                                   Libraries\STM32F10x_StdPeriph_Driver\src\stm32f10x_i2c.o
I2C_GetLastEvent                                  Libraries\STM32F10x_StdPeriph_Driver\src\stm32f10x_i2c.o
I2C_GetPEC                                        Libraries\STM32F10x_StdPeriph_Driver\src\stm32f10x_i2c.o
I2C_ITConfig                                      Libraries\STM32F10x_StdPeriph_Driver\src\stm32f10x_i2c.o
I2C_Init                                          Libraries\STM32F10x_StdPeriph_Driver\src\stm32f10x_i2c.o
                                                  src\libs\I2C.o
I2C_NACKPositionConfig                            Libraries\STM32F10x_StdPeriph_Driver\src\stm32f10x_i2c.o
                                                  src\libs\I2C.o
I2C_OwnAddress2Config                             Libraries\STM32F10x_StdPeriph_Driver\src\stm32f10x_i2c.o
I2C_PECPositionConfig                             Libraries\STM32F10x_StdPeriph_Driver\src\stm32f10x_i2c.o
I2C_ReadRegister                                  Libraries\STM32F10x_StdPeriph_Driver\src\stm32f10x_i2c.o
I2C_ReceiveData                                   Libraries\STM32F10x_StdPeriph_Driver\src\stm32f10x_i2c.o
                                                  src\libs\I2C.o
I2C_SMBusAlertConfig                              Libraries\STM32F10x_StdPeriph_Driver\src\stm32f10x_i2c.o
I2C_Send7bitAddress                               Libraries\STM32F10x_StdPeriph_Driver\src\stm32f10x_i2c.o
                                                  src\libs\I2C.o
I2C_SendData                                      Libraries\STM32F10x_StdPeriph_Driver\src\stm32f10x_i2c.o
                                                  src\libs\I2C.o
I2C_SoftwareResetCmd                              Libraries\STM32F10x_StdPeriph_Driver\src\stm32f10x_i2c.o
I2C_StretchClockCmd                               Libraries\STM32F10x_StdPeriph_Driver\src\stm32f10x_i2c.o
I2C_StructInit                                    Libraries\STM32F10x_StdPeriph_Driver\src\stm32f10x_i2c.o
I2C_TransmitPEC                                   Libraries\STM32F10x_StdPeriph_Driver\src\stm32f10x_i2c.o
I2S_Cmd                                           Libraries\STM32F10x_StdPeriph_Driver\src\stm32f10x_spi.o
I2S_Init                                          Libraries\STM32F10x_StdPeriph_Driver\src\stm32f10x_spi.o
I2S_StructInit                                    Libraries\STM32F10x_StdPeriph_Driver\src\stm32f10x_spi.o
IWDG_Enable                                       Libraries\STM32F10x_StdPeriph_Driver\src\stm32f10x_iwdg.o
IWDG_GetFlagStatus                                Libraries\STM32F10x_StdPeriph_Driver\src\stm32f10x_iwdg.o
IWDG_ReloadCounter                                Libraries\STM32F10x_StdPeriph_Driver\src\stm32f10x_iwdg.o
IWDG_SetPrescaler                                 Libraries\STM32F10x_StdPeriph_Driver\src\stm32f10x_iwdg.o
IWDG_SetReload                                    Libraries\STM32F10x_StdPeriph_Driver\src\stm32f10x_iwdg.o
IWDG_WriteAccessCmd                               Libraries\STM32F10x_StdPeriph_Driver\src\stm32f10x_iwdg.o
L3G4200D::L3G4200D()                              src\sensors\L3G4200D.o
                                                  src\quad\Quadcopter.o
L3G4200D::L3G4200D()                              src\sensors\L3G4200D.o
L3G4200D::calibrate()                             src\sensors\L3G4200D.o
                                                  src\quad\Quadcopter.o
L3G4200D::getBits(unsigned char, int, unsigned char*) src\sensors\L3G4200D.o
L3G4200D::init(I2C*)                              src\sensors\L3G4200D.o
                                                  src\quad\Quadcopter.o
L3G4200D::readAngle(vector&, vector&)             src\sensors\L3G4200D.o
                                                  src\quad\Tasks.o
L3G4200D::readRaw(short&, short&, short&)         src\sensors\L3G4200D.o
L3G4200D::readRaw(vector&)                        src\sensors\L3G4200D.o
L3G4200D::sendBit(unsigned char, unsigned char)   src\sensors\L3G4200D.o
LED_G                                             src\quad\Quadcopter.o
                                                  src\quad\Tasks.o
LED_R                                             src\quad\Quadcopter.o
LED_SYS                                           src\quad\Quadcopter.o
MemManage_Handler                                 src\stm32f1xx_it.o
NMI_Handler                                       src\stm32f1xx_it.o
NVIC_Init                                         Libraries\STM32F10x_StdPeriph_Driver\src\misc.o
                                                  src\quad\Input.o
NVIC_PriorityGroupConfig                          Libraries\STM32F10x_StdPeriph_Driver\src\misc.o
NVIC_SetVectorTable                               Libraries\STM32F10x_StdPeriph_Driver\src\misc.o
NVIC_SystemLPConfig                               Libraries\STM32F10x_StdPeriph_Driver\src\misc.o
PID::compute(float, float)                        src\quad\PID.o
                                                  src\quad\Tasks.o
PID::init(float, float, float, float)             src\quad\PID.o
                                                  src\quad\Quadcopter.o
PID::reset()                                      src\quad\PID.o
                                                  src\quad\Tasks.o
PID::setTuning(float, float, float, float)        src\quad\PID.o
PVD_IRQHandler                                    src\startup_stm32f10x_md.o
PWR_BackupAccessCmd                               Libraries\STM32F10x_StdPeriph_Driver\src\stm32f10x_pwr.o
PWR_ClearFlag                                     Libraries\STM32F10x_StdPeriph_Driver\src\stm32f10x_pwr.o
PWR_DeInit                                        Libraries\STM32F10x_StdPeriph_Driver\src\stm32f10x_pwr.o
PWR_EnterSTANDBYMode                              Libraries\STM32F10x_StdPeriph_Driver\src\stm32f10x_pwr.o
PWR_EnterSTOPMode                                 Libraries\STM32F10x_StdPeriph_Driver\src\stm32f10x_pwr.o
PWR_GetFlagStatus                                 Libraries\STM32F10x_StdPeriph_Driver\src\stm32f10x_pwr.o
PWR_PVDCmd                                        Libraries\STM32F10x_StdPeriph_Driver\src\stm32f10x_pwr.o
PWR_PVDLevelConfig                                Libraries\STM32F10x_StdPeriph_Driver\src\stm32f10x_pwr.o
PWR_WakeUpPinCmd                                  Libraries\STM32F10x_StdPeriph_Driver\src\stm32f10x_pwr.o
PendSV_Handler                                    src\stm32f1xx_it.o
RCC_ADCCLKConfig                                  Libraries\STM32F10x_StdPeriph_Driver\src\stm32f10x_rcc.o
RCC_AHBPeriphClockCmd                             Libraries\STM32F10x_StdPeriph_Driver\src\stm32f10x_rcc.o
RCC_APB1PeriphClockCmd                            Libraries\STM32F10x_StdPeriph_Driver\src\stm32f10x_rcc.o
                                                  src\libs\I2C.o
                                                  src\quad\Motors.o
                                                  src\test\test.o
RCC_APB1PeriphResetCmd                            Libraries\STM32F10x_StdPeriph_Driver\src\stm32f10x_rcc.o
                                                  Libraries\STM32F10x_StdPeriph_Driver\src\stm32f10x_can.o
                                                  Libraries\STM32F10x_StdPeriph_Driver\src\stm32f10x_cec.o
                                                  Libraries\STM32F10x_StdPeriph_Driver\src\stm32f10x_dac.o
                                                  Libraries\STM32F10x_StdPeriph_Driver\src\stm32f10x_i2c.o
                                                  Libraries\STM32F10x_StdPeriph_Driver\src\stm32f10x_pwr.o
                                                  Libraries\STM32F10x_StdPeriph_Driver\src\stm32f10x_spi.o
                                                  Libraries\STM32F10x_StdPeriph_Driver\src\stm32f10x_tim.o
                                                  Libraries\STM32F10x_StdPeriph_Driver\src\stm32f10x_usart.o
                                                  Libraries\STM32F10x_StdPeriph_Driver\src\stm32f10x_wwdg.o
RCC_APB2PeriphClockCmd                            Libraries\STM32F10x_StdPeriph_Driver\src\stm32f10x_rcc.o
                                                  src\libs\GPIO.o
                                                  src\libs\I2C.o
                                                  src\libs\USART1.o
                                                  src\quad\Input.o
                                                  src\quad\Motors.o
                                                  src\test\test.o
RCC_APB2PeriphResetCmd                            Libraries\STM32F10x_StdPeriph_Driver\src\stm32f10x_rcc.o
                                                  Libraries\STM32F10x_StdPeriph_Driver\src\stm32f10x_adc.o
                                                  Libraries\STM32F10x_StdPeriph_Driver\src\stm32f10x_gpio.o
                                                  Libraries\STM32F10x_StdPeriph_Driver\src\stm32f10x_spi.o
                                                  Libraries\STM32F10x_StdPeriph_Driver\src\stm32f10x_tim.o
                                                  Libraries\STM32F10x_StdPeriph_Driver\src\stm32f10x_usart.o
RCC_AdjustHSICalibrationValue                     Libraries\STM32F10x_StdPeriph_Driver\src\stm32f10x_rcc.o
RCC_BackupResetCmd                                Libraries\STM32F10x_StdPeriph_Driver\src\stm32f10x_rcc.o
                                                  Libraries\STM32F10x_StdPeriph_Driver\src\stm32f10x_bkp.o
RCC_ClearFlag                                     Libraries\STM32F10x_StdPeriph_Driver\src\stm32f10x_rcc.o
RCC_ClearITPendingBit                             Libraries\STM32F10x_StdPeriph_Driver\src\stm32f10x_rcc.o
RCC_ClockSecuritySystemCmd                        Libraries\STM32F10x_StdPeriph_Driver\src\stm32f10x_rcc.o
RCC_DeInit                                        Libraries\STM32F10x_StdPeriph_Driver\src\stm32f10x_rcc.o
RCC_GetClocksFreq                                 Libraries\STM32F10x_StdPeriph_Driver\src\stm32f10x_rcc.o
                                                  Libraries\STM32F10x_StdPeriph_Driver\src\stm32f10x_i2c.o
                                                  Libraries\STM32F10x_StdPeriph_Driver\src\stm32f10x_spi.o
                                                  Libraries\STM32F10x_StdPeriph_Driver\src\stm32f10x_usart.o
RCC_GetFlagStatus                                 Libraries\STM32F10x_StdPeriph_Driver\src\stm32f10x_rcc.o
RCC_GetITStatus                                   Libraries\STM32F10x_StdPeriph_Driver\src\stm32f10x_rcc.o
RCC_GetSYSCLKSource                               Libraries\STM32F10x_StdPeriph_Driver\src\stm32f10x_rcc.o
RCC_HCLKConfig                                    Libraries\STM32F10x_StdPeriph_Driver\src\stm32f10x_rcc.o
RCC_HSEConfig                                     Libraries\STM32F10x_StdPeriph_Driver\src\stm32f10x_rcc.o
RCC_HSICmd                                        Libraries\STM32F10x_StdPeriph_Driver\src\stm32f10x_rcc.o
RCC_IRQHandler                                    src\startup_stm32f10x_md.o
RCC_ITConfig                                      Libraries\STM32F10x_StdPeriph_Driver\src\stm32f10x_rcc.o
RCC_LSEConfig                                     Libraries\STM32F10x_StdPeriph_Driver\src\stm32f10x_rcc.o
RCC_LSICmd                                        Libraries\STM32F10x_StdPeriph_Driver\src\stm32f10x_rcc.o