Archive member included because of file (symbol)

c:/sd/atollic/truestudio for arm 5.4.0/armtools/bin/../lib/gcc/arm-atollic-eabi/4.8.3/../../../../arm-atollic-eabi/lib/armv7-m\libc_s.a(lib_a-init.o)
                              src\startup_stm32f10x_md.o (__libc_init_array)
c:/sd/atollic/truestudio for arm 5.4.0/armtools/bin/../lib/gcc/arm-atollic-eabi/4.8.3/../../../../arm-atollic-eabi/lib/armv7-m\libc_s.a(lib_a-malloc.o)
                              src\libs\USART1.o (malloc)
c:/sd/atollic/truestudio for arm 5.4.0/armtools/bin/../lib/gcc/arm-atollic-eabi/4.8.3/../../../../arm-atollic-eabi/lib/armv7-m\libc_s.a(lib_a-nano-freer.o)
                              c:/sd/atollic/truestudio for arm 5.4.0/armtools/bin/../lib/gcc/arm-atollic-eabi/4.8.3/../../../../arm-atollic-eabi/lib/armv7-m\libc_s.a(lib_a-malloc.o) (_free_r)
c:/sd/atollic/truestudio for arm 5.4.0/armtools/bin/../lib/gcc/arm-atollic-eabi/4.8.3/../../../../arm-atollic-eabi/lib/armv7-m\libc_s.a(lib_a-nano-mallocr.o)
                              c:/sd/atollic/truestudio for arm 5.4.0/armtools/bin/../lib/gcc/arm-atollic-eabi/4.8.3/../../../../arm-atollic-eabi/lib/armv7-m\libc_s.a(lib_a-malloc.o) (_malloc_r)
c:/sd/atollic/truestudio for arm 5.4.0/armtools/bin/../lib/gcc/arm-atollic-eabi/4.8.3/../../../../arm-atollic-eabi/lib/armv7-m\libc_s.a(lib_a-sbrkr.o)
                              c:/sd/atollic/truestudio for arm 5.4.0/armtools/bin/../lib/gcc/arm-atollic-eabi/4.8.3/../../../../arm-atollic-eabi/lib/armv7-m\libc_s.a(lib_a-nano-mallocr.o) (_sbrk_r)
c:/sd/atollic/truestudio for arm 5.4.0/armtools/bin/../lib/gcc/arm-atollic-eabi/4.8.3/../../../../arm-atollic-eabi/lib/armv7-m\libc_s.a(lib_a-strlen.o)
                              src\tiny_printf.o (strlen)
c:/sd/atollic/truestudio for arm 5.4.0/armtools/bin/../lib/gcc/arm-atollic-eabi/4.8.3/../../../../arm-atollic-eabi/lib/armv7-m\libc_s.a(lib_a-syscalls.o)
                              src\tiny_printf.o (_write)
c:/sd/atollic/truestudio for arm 5.4.0/armtools/bin/../lib/gcc/arm-atollic-eabi/4.8.3/../../../../arm-atollic-eabi/lib/armv7-m\libc_s.a(lib_a-vsnprintf.o)
                              src\libs\USART1.o (vsnprintf)
c:/sd/atollic/truestudio for arm 5.4.0/armtools/bin/../lib/gcc/arm-atollic-eabi/4.8.3/../../../../arm-atollic-eabi/lib/armv7-m\libc_s.a(lib_a-vsprintf.o)
                              src\libs\USART1.o (vsprintf)
c:/sd/atollic/truestudio for arm 5.4.0/armtools/bin/../lib/gcc/arm-atollic-eabi/4.8.3/../../../../arm-atollic-eabi/lib/armv7-m\libc_s.a(lib_a-impure.o)
                              c:/sd/atollic/truestudio for arm 5.4.0/armtools/bin/../lib/gcc/arm-atollic-eabi/4.8.3/../../../../arm-atollic-eabi/lib/armv7-m\libc_s.a(lib_a-malloc.o) (_impure_ptr)
c:/sd/atollic/truestudio for arm 5.4.0/armtools/bin/../lib/gcc/arm-atollic-eabi/4.8.3/../../../../arm-atollic-eabi/lib/armv7-m\libc_s.a(lib_a-reent.o)
                              c:/sd/atollic/truestudio for arm 5.4.0/armtools/bin/../lib/gcc/arm-atollic-eabi/4.8.3/../../../../arm-atollic-eabi/lib/armv7-m\libc_s.a(lib_a-sbrkr.o) (errno)
c:/sd/atollic/truestudio for arm 5.4.0/armtools/bin/../lib/gcc/arm-atollic-eabi/4.8.3/../../../../arm-atollic-eabi/lib/armv7-m\libc_s.a(lib_a-svfprintf.o)
                              c:/sd/atollic/truestudio for arm 5.4.0/armtools/bin/../lib/gcc/arm-atollic-eabi/4.8.3/../../../../arm-atollic-eabi/lib/armv7-m\libc_s.a(lib_a-vsnprintf.o) (_svfprintf_r)
c:/sd/atollic/truestudio for arm 5.4.0/armtools/bin/../lib/gcc/arm-atollic-eabi/4.8.3/../../../../arm-atollic-eabi/lib/armv7-m\libc_s.a(lib_a-vfprintf_i.o)
                              c:/sd/atollic/truestudio for arm 5.4.0/armtools/bin/../lib/gcc/arm-atollic-eabi/4.8.3/../../../../arm-atollic-eabi/lib/armv7-m\libc_s.a(lib_a-svfprintf.o) (_printf_i)
c:/sd/atollic/truestudio for arm 5.4.0/armtools/bin/../lib/gcc/arm-atollic-eabi/4.8.3/../../../../arm-atollic-eabi/lib/armv7-m\libc_s.a(lib_a-memchr-stub.o)
                              c:/sd/atollic/truestudio for arm 5.4.0/armtools/bin/../lib/gcc/arm-atollic-eabi/4.8.3/../../../../arm-atollic-eabi/lib/armv7-m\libc_s.a(lib_a-svfprintf.o) (memchr)
c:/sd/atollic/truestudio for arm 5.4.0/armtools/bin/../lib/gcc/arm-atollic-eabi/4.8.3/../../../../arm-atollic-eabi/lib/armv7-m\libc_s.a(lib_a-memcpy-stub.o)
                              c:/sd/atollic/truestudio for arm 5.4.0/armtools/bin/../lib/gcc/arm-atollic-eabi/4.8.3/../../../../arm-atollic-eabi/lib/armv7-m\libc_s.a(lib_a-svfprintf.o) (memcpy)
c:/sd/atollic/truestudio for arm 5.4.0/armtools/bin/../lib/gcc/arm-atollic-eabi/4.8.3/../../../../arm-atollic-eabi/lib/armv7-m\libc_s.a(lib_a-memmove.o)
                              c:/sd/atollic/truestudio for arm 5.4.0/armtools/bin/../lib/gcc/arm-atollic-eabi/4.8.3/../../../../arm-atollic-eabi/lib/armv7-m\libc_s.a(lib_a-svfprintf.o) (memmove)
c:/sd/atollic/truestudio for arm 5.4.0/armtools/bin/../lib/gcc/arm-atollic-eabi/4.8.3/../../../../arm-atollic-eabi/lib/armv7-m\libc_s.a(lib_a-nano-reallocr.o)
[...]
Memory Configuration

Name             Origin             Length             Attributes
FLASH            0x08000000         0x00020000         xr
RAM              0x20000000         0x00005000         xrw
MEMORY_B1        0x60000000         0x00000000         xr
*default*        0x00000000         0xffffffff

Linker script and memory map

LOAD c:/sd/atollic/truestudio for arm 5.4.0/armtools/bin/../lib/gcc/arm-atollic-eabi/4.8.3/armv7-m/crti.o
LOAD c:/sd/atollic/truestudio for arm 5.4.0/armtools/bin/../lib/gcc/arm-atollic-eabi/4.8.3/armv7-m/crtbegin.o
LOAD src\tiny_printf.o
LOAD src\system_stm32f10x.o
LOAD src\stm32f1xx_it.o
LOAD src\startup_stm32f10x_md.o
LOAD src\sensors\L3G4200D.o
LOAD src\sensors\BMP180.o
LOAD src\quad\test.o
LOAD src\quad\motors.o
LOAD src\quad\Tasks.o
LOAD src\quad\TaskManager.o
LOAD src\quad\Quadcopter.o
LOAD src\quad\Input.o
LOAD src\main.o
LOAD src\libs\USART1.o
LOAD src\libs\I2C.o
LOAD src\libs\GPIO.o
LOAD src\libs\Delay.o
LOAD Libraries\STM32F10x_StdPeriph_Driver\src\stm32f10x_wwdg.o
LOAD Libraries\STM32F10x_StdPeriph_Driver\src\stm32f10x_usart.o
LOAD Libraries\STM32F10x_StdPeriph_Driver\src\stm32f10x_tim.o
LOAD Libraries\STM32F10x_StdPeriph_Driver\src\stm32f10x_spi.o
LOAD Libraries\STM32F10x_StdPeriph_Driver\src\stm32f10x_sdio.o
LOAD Libraries\STM32F10x_StdPeriph_Driver\src\stm32f10x_rtc.o
LOAD Libraries\STM32F10x_StdPeriph_Driver\src\stm32f10x_rcc.o
LOAD Libraries\STM32F10x_StdPeriph_Driver\src\stm32f10x_pwr.o
LOAD Libraries\STM32F10x_StdPeriph_Driver\src\stm32f10x_iwdg.o
LOAD Libraries\STM32F10x_StdPeriph_Driver\src\stm32f10x_i2c.o
LOAD Libraries\STM32F10x_StdPeriph_Driver\src\stm32f10x_gpio.o
LOAD Libraries\STM32F10x_StdPeriph_Driver\src\stm32f10x_fsmc.o
LOAD Libraries\STM32F10x_StdPeriph_Driver\src\stm32f10x_flash.o
LOAD Libraries\STM32F10x_StdPeriph_Driver\src\stm32f10x_exti.o
LOAD Libraries\STM32F10x_StdPeriph_Driver\src\stm32f10x_dma.o
LOAD Libraries\STM32F10x_StdPeriph_Driver\src\stm32f10x_dbgmcu.o
LOAD Libraries\STM32F10x_StdPeriph_Driver\src\stm32f10x_dac.o
LOAD Libraries\STM32F10x_StdPeriph_Driver\src\stm32f10x_crc.o
LOAD Libraries\STM32F10x_StdPeriph_Driver\src\stm32f10x_cec.o
LOAD Libraries\STM32F10x_StdPeriph_Driver\src\stm32f10x_can.o
LOAD Libraries\STM32F10x_StdPeriph_Driver\src\stm32f10x_bkp.o
LOAD Libraries\STM32F10x_StdPeriph_Driver\src\stm32f10x_adc.o
LOAD Libraries\STM32F10x_StdPeriph_Driver\src\misc.o
START GROUP
LOAD c:/sd/atollic/truestudio for arm 5.4.0/armtools/bin/../lib/gcc/arm-atollic-eabi/4.8.3/../../../../arm-atollic-eabi/lib/armv7-m\libc_s.a
LOAD c:/sd/atollic/truestudio for arm 5.4.0/armtools/bin/../lib/gcc/arm-atollic-eabi/4.8.3/../../../../arm-atollic-eabi/lib/armv7-m\libstdc++_s.a
LOAD c:/sd/atollic/truestudio for arm 5.4.0/armtools/bin/../lib/gcc/arm-atollic-eabi/4.8.3/../../../../arm-atollic-eabi/lib/armv7-m\libsupc++_s.a
END GROUP
                0x00001000                malloc_getpagesize_P = 0x1000
LOAD c:/sd/atollic/truestudio for arm 5.4.0/armtools/bin/../lib/gcc/arm-atollic-eabi/4.8.3/../../../../arm-atollic-eabi/lib/armv7-m\libstdc++.a
LOAD c:/sd/atollic/truestudio for arm 5.4.0/armtools/bin/../lib/gcc/arm-atollic-eabi/4.8.3/../../../../arm-atollic-eabi/lib/armv7-m\libm.a
START GROUP
LOAD c:/sd/atollic/truestudio for arm 5.4.0/armtools/bin/../lib/gcc/arm-atollic-eabi/4.8.3/armv7-m\libgcc.a
LOAD c:/sd/atollic/truestudio for arm 5.4.0/armtools/bin/../lib/gcc/arm-atollic-eabi/4.8.3/../../../../arm-atollic-eabi/lib/armv7-m\libc.a
END GROUP
LOAD c:/sd/atollic/truestudio for arm 5.4.0/armtools/bin/../lib/gcc/arm-atollic-eabi/4.8.3/armv7-m/crtend.o
LOAD c:/sd/atollic/truestudio for arm 5.4.0/armtools/bin/../lib/gcc/arm-atollic-eabi/4.8.3/armv7-m/crtn.o
                0x20005000                _estack = 0x20005000
                0x00000000                _Min_Heap_Size = 0x0
                0x00000100                _Min_Stack_Size = 0x100

.isr_vector     0x08000000      0x10c
                0x08000000                . = ALIGN (0x4)
 *(.isr_vector)
 .isr_vector    0x08000000      0x10c src\startup_stm32f10x_md.o
                0x08000000                g_pfnVectors
                0x0800010c                . = ALIGN (0x4)

.text           0x0800010c     0x3210
                0x0800010c                . = ALIGN (0x4)
 *(.text)
 .text          0x0800010c       0x40 c:/sd/atollic/truestudio for arm 5.4.0/armtools/bin/../lib/gcc/arm-atollic-eabi/4.8.3/armv7-m/crtbegin.o
 .text          0x0800014c      0x370 c:/sd/atollic/truestudio for arm 5.4.0/armtools/bin/../lib/gcc/arm-atollic-eabi/4.8.3/armv7-m\libgcc.a(_arm_addsubdf3.o)
                0x0800014c                __aeabi_drsub
                0x08000154                __aeabi_dsub
                0x08000154                __subdf3
                0x08000158                __aeabi_dadd
                0x08000158                __adddf3
                0x080003d0                __floatunsidf
                0x080003d0                __aeabi_ui2d
                0x080003f0                __floatsidf
                0x080003f0                __aeabi_i2d
                0x08000414                __aeabi_f2d
                0x08000414                __extendsfdf2
                0x08000450                __floatundidf
                0x08000450                __aeabi_ul2d
                0x08000460                __floatdidf
                0x08000460                __aeabi_l2d
 .text          0x080004bc      0x424 c:/sd/atollic/truestudio for arm 5.4.0/armtools/bin/../lib/gcc/arm-atollic-eabi/4.8.3/armv7-m\libgcc.a(_arm_muldivdf3.o)
                0x080004bc                __aeabi_dmul
                0x080004bc                __muldf3
                0x08000710                __divdf3
                0x08000710                __aeabi_ddiv
 .text          0x080008e0       0x50 c:/sd/atollic/truestudio for arm 5.4.0/armtools/bin/../lib/gcc/arm-atollic-eabi/4.8.3/armv7-m\libgcc.a(_arm_fixdfsi.o)
                0x080008e0                __aeabi_d2iz
                0x080008e0                __fixdfsi
 .text          0x08000930       0x40 c:/sd/atollic/truestudio for arm 5.4.0/armtools/bin/../lib/gcc/arm-atollic-eabi/4.8.3/armv7-m\libgcc.a(_arm_fixunsdfsi.o)
                0x08000930                __aeabi_d2uiz
                0x08000930                __fixunsdfsi
 *(.text*)
 .text.SystemInit
                0x08000970       0x68 src\system_stm32f10x.o
                0x08000970                SystemInit
 .text.SetSysClock
                0x080009d8        0xc src\system_stm32f10x.o
 .text.SetSysClockTo72
                0x080009e4      0x100 src\system_stm32f10x.o
 .text.NMI_Handler
                0x08000ae4        0xc src\stm32f1xx_it.o
                0x08000ae4                NMI_Handler
 .text.HardFault_Handler
                0x08000af0        0x8 src\stm32f1xx_it.o
                0x08000af0                HardFault_Handler
 .text.MemManage_Handler
                0x08000af8        0x8 src\stm32f1xx_it.o
                0x08000af8                MemManage_Handler
 .text.BusFault_Handler
                0x08000b00        0x8 src\stm32f1xx_it.o
                0x08000b00                BusFault_Handler
 .text.UsageFault_Handler
                0x08000b08        0x8 src\stm32f1xx_it.o
                0x08000b08                UsageFault_Handler
 .text.SVC_Handler
                0x08000b10        0xc src\stm32f1xx_it.o
                0x08000b10                SVC_Handler
 .text.DebugMon_Handler
                0x08000b1c        0xc src\stm32f1xx_it.o
                0x08000b1c                DebugMon_Handler
 .text.PendSV_Handler
                0x08000b28        0xc src\stm32f1xx_it.o
                0x08000b28                PendSV_Handler
 .text.SysTick_Handler
                0x08000b34        0xc src\stm32f1xx_it.o
                0x08000b34                SysTick_Handler
 .text.Reset_Handler
                0x08000b40       0x58 src\startup_stm32f10x_md.o
                0x08000b40                Reset_Handler
 .text.Default_Handler
                0x08000b98        0x4 src\startup_stm32f10x_md.o
                0x08000b98                EXTI2_IRQHandler
                0x08000b98                TIM1_CC_IRQHandler
                0x08000b98                PVD_IRQHandler
                0x08000b98                EXTI3_IRQHandler
                0x08000b98                EXTI0_IRQHandler
                0x08000b98                I2C2_EV_IRQHandler
                0x08000b98                ADC1_2_IRQHandler
                0x08000b98                SPI1_IRQHandler
                0x08000b98                TAMPER_IRQHandler
                0x08000b98                DMA1_Channel4_IRQHandler
                0x08000b98                USART3_IRQHandler
                0x08000b98                RTC_IRQHandler
                0x08000b98                DMA1_Channel7_IRQHandler
                0x08000b98                CAN1_RX1_IRQHandler
                0x08000b98                TIM4_IRQHandler
                0x08000b98                I2C1_EV_IRQHandler
                0x08000b98                DMA1_Channel6_IRQHandler
                0x08000b98                TIM3_IRQHandler
                0x08000b98                RCC_IRQHandler
                0x08000b98                TIM1_TRG_COM_IRQHandler
                0x08000b98                DMA1_Channel1_IRQHandler
                0x08000b98                Default_Handler
                0x08000b98                EXTI15_10_IRQHandler
                0x08000b98                EXTI9_5_IRQHandler
                0x08000b98                SPI2_IRQHandler
                0x08000b98                DMA1_Channel5_IRQHandler
                0x08000b98                EXTI4_IRQHandler
                0x08000b98                USB_LP_CAN1_RX0_IRQHandler
                0x08000b98                USB_HP_CAN1_TX_IRQHandler
                0x08000b98                DMA1_Channel3_IRQHandler
                0x08000b98                TIM1_UP_IRQHandler
                0x08000b98                WWDG_IRQHandler
                0x08000b98                TIM2_IRQHandler
                0x08000b98                TIM1_BRK_IRQHandler
                0x08000b98                EXTI1_IRQHandler
                0x08000b98                RTCAlarm_IRQHandler
                0x08000b98                USART2_IRQHandler
                0x08000b98                I2C2_ER_IRQHandler
                0x08000b98                DMA1_Channel2_IRQHandler
                0x08000b98                CAN1_SCE_IRQHandler
                0x08000b98                FLASH_IRQHandler
                0x08000b98                USART1_IRQHandler
                0x08000b98                I2C1_ER_IRQHandler
                0x08000b98                USBWakeUp_IRQHandler
 .text._ZN8L3G4200DC2Ev
                0x08000b9c       0x18 src\sensors\L3G4200D.o
                0x08000b9c                L3G4200D::L3G4200D()
                0x08000b9c                L3G4200D::L3G4200D()
 .text._ZN8L3G4200D4initEP3I2C
                0x08000bb4       0x2c src\sensors\L3G4200D.o
                0x08000bb4                L3G4200D::init(I2C*)
 .text._ZN8L3G4200D9readAngleER6vectorS1_
                0x08000be0      0x1d0 src\sensors\L3G4200D.o
                0x08000be0                L3G4200D::readAngle(vector&, vector&)
 .text._ZN8L3G4200D7readRawERsS0_S0_
                0x08000db0       0x58 src\sensors\L3G4200D.o
                0x08000db0                L3G4200D::readRaw(short&, short&, short&)
 .text._ZN8L3G4200D7readRawER6vector
                0x08000e08       0x34 src\sensors\L3G4200D.o
                0x08000e08                L3G4200D::readRaw(vector&)
 .text._ZN8L3G4200D7getBitsEhiPh
                0x08000e3c       0x2c src\sensors\L3G4200D.o
                0x08000e3c                L3G4200D::getBits(unsigned char, int, unsigned char*)
 .text._ZN8L3G4200D7sendBitEhh
                0x08000e68       0x28 src\sensors\L3G4200D.o
                0x08000e68                L3G4200D::sendBit(unsigned char, unsigned char)
 .text._ZN6BMP180C2Ev
                0x08000e90       0x18 src\sensors\BMP180.o
                0x08000e90                BMP180::BMP180()
                0x08000e90                BMP180::BMP180()
 .text._ZN6BMP1804initEP3I2Cs
                0x08000ea8      0x1ec src\sensors\BMP180.o
                0x08000ea8                BMP180::init(I2C*, short)
 .text._ZN6BMP18011getPressureERl
                0x08001094      0x630 src\sensors\BMP180.o
                0x08001094                BMP180::getPressure(long&)
 .text._Z13TASK_readGyrov
                0x080016c4       0x6c src\quad\Tasks.o
                0x080016c4                TASK_readGyro()
 .text._Z13TASK_readBarov
                0x08001730       0x18 src\quad\Tasks.o
                0x08001730                TASK_readBaro()
 .text._ZN11TaskManager7addTaskEPFvvEi
                0x08001748       0x4c src\quad\TaskManager.o
                0x08001748                TaskManager::addTask(void (*)(), int)
 .text._ZN11TaskManager3runEv
                0x08001794       0x64 src\quad\TaskManager.o
                0x08001794                TaskManager::run()
 .text._Z41__static_initialization_and_destruction_0ii
                0x080017f8       0x70 src\quad\Quadcopter.o
 .text._GLOBAL__sub_I_i2c
                0x08001868       0x10 src\quad\Quadcopter.o
 .text.main     0x08001878       0xb8 src\main.o
                0x08001878                main
 .text.initUSART1
                0x08001930       0x98 src\libs\USART1.o
                0x08001930                initUSART1
 .text.printf2  0x080019c8       0x54 src\libs\USART1.o
                0x080019c8                printf2
 .text.USART_putc
                0x08001a1c       0x34 src\libs\USART1.o
                0x08001a1c                USART_putc
 .text.USART_puts
                0x08001a50       0x38 src\libs\USART1.o
                0x08001a50                USART_puts
 .text._ZN3I2CC2Ev
                0x08001a88       0x18 src\libs\I2C.o
                0x08001a88                I2C::I2C()
                0x08001a88                I2C::I2C()
 .text._ZN3I2C4initEP11I2C_TypeDefj
                0x08001aa0       0xc4 src\libs\I2C.o
                0x08001aa0                I2C::init(I2C_TypeDef*, unsigned int)
 .text._ZN3I2C8sendByteEhhh
                0x08001b64      0x130 src\libs\I2C.o
                0x08001b64                I2C::sendByte(unsigned char, unsigned char, unsigned char)
 .text._ZN3I2C9readBytesEhhiPh
                0x08001c94      0x190 src\libs\I2C.o
                0x08001c94                I2C::readBytes(unsigned char, unsigned char, int, unsigned char*)
 .text._ZN4GPIOC2Ev
                0x08001e24       0x18 src\libs\GPIO.o
                0x08001e24                GPIO::GPIO()
                0x08001e24                GPIO::GPIO()
 .text._ZN4GPIO4initEP12GPIO_TypeDeft16GPIOMode_TypeDef
                0x08001e3c       0xd4 src\libs\GPIO.o
                0x08001e3c                GPIO::init(GPIO_TypeDef*, unsigned short, GPIOMode_TypeDef)
 .text.NVIC_SetPriority
                0x08001f10       0x54 src\libs\Delay.o
 .text.SysTick_Config
                0x08001f64       0x44 src\libs\Delay.o
 .text.initMillis
                0x08001fa8       0x20 src\libs\Delay.o
                0x08001fa8                initMillis
 .text.millis   0x08001fc8       0x18 src\libs\Delay.o
                0x08001fc8                millis
 .text.incrementMillis
                0x08001fe0       0x1c src\libs\Delay.o
                0x08001fe0                incrementMillis
 .text.USART_Init
                0x08001ffc      0x174 Libraries\STM32F10x_StdPeriph_Driver\src\stm32f10x_usart.o
                0x08001ffc                USART_Init
 .text.USART_ClockInit
                0x08002170       0x54 Libraries\STM32F10x_StdPeriph_Driver\src\stm32f10x_usart.o
                0x08002170                USART_ClockInit
 .text.USART_ClockStructInit
                0x080021c4       0x2c Libraries\STM32F10x_StdPeriph_Driver\src\stm32f10x_usart.o
                0x080021c4                USART_ClockStructInit
 .text.USART_Cmd
                0x080021f0       0x40 Libraries\STM32F10x_StdPeriph_Driver\src\stm32f10x_usart.o
                0x080021f0                USART_Cmd
 .text.USART_SendData
                0x08002230       0x24 Libraries\STM32F10x_StdPeriph_Driver\src\stm32f10x_usart.o
                0x08002230                USART_SendData
 .text.USART_GetFlagStatus
                0x08002254       0x38 Libraries\STM32F10x_StdPeriph_Driver\src\stm32f10x_usart.o
                0x08002254                USART_GetFlagStatus
 .text.RCC_GetClocksFreq
                0x0800228c      0x164 Libraries\STM32F10x_StdPeriph_Driver\src\stm32f10x_rcc.o
                0x0800228c                RCC_GetClocksFreq
 .text.RCC_APB2PeriphClockCmd
                0x080023f0       0x3c Libraries\STM32F10x_StdPeriph_Driver\src\stm32f10x_rcc.o
                0x080023f0                RCC_APB2PeriphClockCmd
 .text.RCC_APB1PeriphClockCmd
                0x0800242c       0x3c Libraries\STM32F10x_StdPeriph_Driver\src\stm32f10x_rcc.o
                0x0800242c                RCC_APB1PeriphClockCmd
 .text.I2C_Init
                0x08002468      0x184 Libraries\STM32F10x_StdPeriph_Driver\src\stm32f10x_i2c.o
                0x08002468                I2C_Init
 .text.I2C_Cmd  0x080025ec       0x40 Libraries\STM32F10x_StdPeriph_Driver\src\stm32f10x_i2c.o
                0x080025ec                I2C_Cmd
 .text.I2C_GenerateSTART
                0x0800262c       0x40 Libraries\STM32F10x_StdPeriph_Driver\src\stm32f10x_i2c.o
                0x0800262c                I2C_GenerateSTART
 .text.I2C_GenerateSTOP
                0x0800266c       0x40 Libraries\STM32F10x_StdPeriph_Driver\src\stm32f10x_i2c.o
                0x0800266c                I2C_GenerateSTOP
 .text.I2C_AcknowledgeConfig
                0x080026ac       0x40 Libraries\STM32F10x_StdPeriph_Driver\src\stm32f10x_i2c.o
                0x080026ac                I2C_AcknowledgeConfig
 .text.I2C_SendData
                0x080026ec       0x20 Libraries\STM32F10x_StdPeriph_Driver\src\stm32f10x_i2c.o
                0x080026ec                I2C_SendData
 .text.I2C_ReceiveData
                0x0800270c       0x1c Libraries\STM32F10x_StdPeriph_Driver\src\stm32f10x_i2c.o
                0x0800270c                I2C_ReceiveData
 .text.I2C_Send7bitAddress
                0x08002728       0x3c Libraries\STM32F10x_StdPeriph_Driver\src\stm32f10x_i2c.o
                0x08002728                I2C_Send7bitAddress
 .text.I2C_NACKPositionConfig
                0x08002764       0x40 Libraries\STM32F10x_StdPeriph_Driver\src\stm32f10x_i2c.o
                0x08002764                I2C_NACKPositionConfig
 .text.I2C_CheckEvent
                0x080027a4       0x60 Libraries\STM32F10x_StdPeriph_Driver\src\stm32f10x_i2c.o
                0x080027a4                I2C_CheckEvent
 .text.I2C_GetFlagStatus
                0x08002804       0x68 Libraries\STM32F10x_StdPeriph_Driver\src\stm32f10x_i2c.o
                0x08002804                I2C_GetFlagStatus
 .text.GPIO_Init
                0x0800286c      0x178 Libraries\STM32F10x_StdPeriph_Driver\src\stm32f10x_gpio.o
                0x0800286c                GPIO_Init
 .text.__libc_init_array
                0x080029e4       0x4c c:/sd/atollic/truestudio for arm 5.4.0/armtools/bin/../lib/gcc/arm-atollic-eabi/4.8.3/../../../../arm-atollic-eabi/lib/armv7-m\libc_s.a(lib_a-init.o)
                0x080029e4                __libc_init_array
 .text.malloc   0x08002a30       0x10 c:/sd/atollic/truestudio for arm 5.4.0/armtools/bin/../lib/gcc/arm-atollic-eabi/4.8.3/../../../../arm-atollic-eabi/lib/armv7-m\libc_s.a(lib_a-malloc.o)
                0x08002a30                malloc
 .text.free     0x08002a40       0x10 c:/sd/atollic/truestudio for arm 5.4.0/armtools/bin/../lib/gcc/arm-atollic-eabi/4.8.3/../../../../arm-atollic-eabi/lib/armv7-m\libc_s.a(lib_a-malloc.o)
                0x08002a40                free
 .text._free_r  0x08002a50       0x88 c:/sd/atollic/truestudio for arm 5.4.0/armtools/bin/../lib/gcc/arm-atollic-eabi/4.8.3/../../../../arm-atollic-eabi/lib/armv7-m\libc_s.a(lib_a-nano-freer.o)
                0x08002a50                _free_r
 .text._malloc_r
                0x08002ad8       0xa8 c:/sd/atollic/truestudio for arm 5.4.0/armtools/bin/../lib/gcc/arm-atollic-eabi/4.8.3/../../../../arm-atollic-eabi/lib/armv7-m\libc_s.a(lib_a-nano-mallocr.o)
                0x08002ad8                _malloc_r
 .text._sbrk_r  0x08002b80       0x20 c:/sd/atollic/truestudio for arm 5.4.0/armtools/bin/../lib/gcc/arm-atollic-eabi/4.8.3/../../../../arm-atollic-eabi/lib/armv7-m\libc_s.a(lib_a-sbrkr.o)
                0x08002b80                _sbrk_r
 .text.strlen   0x08002ba0       0x10 c:/sd/atollic/truestudio for arm 5.4.0/armtools/bin/../lib/gcc/arm-atollic-eabi/4.8.3/../../../../arm-atollic-eabi/lib/armv7-m\libc_s.a(lib_a-strlen.o)
                0x08002ba0                strlen
 .text._sbrk    0x08002bb0       0x34 c:/sd/atollic/truestudio for arm 5.4.0/armtools/bin/../lib/gcc/arm-atollic-eabi/4.8.3/../../../../arm-atollic-eabi/lib/armv7-m\libc_s.a(lib_a-syscalls.o)
                0x08002bb0                _sbrk
 .text._vsnprintf_r
                0x08002be4       0x52 c:/sd/atollic/truestudio for arm 5.4.0/armtools/bin/../lib/gcc/arm-atollic-eabi/4.8.3/../../../../arm-atollic-eabi/lib/armv7-m\libc_s.a(lib_a-vsnprintf.o)
                0x08002be4                _vsniprintf_r
                0x08002be4                _vsnprintf_r
 *fill*         0x08002c36        0x2 
 .text.vsnprintf
                0x08002c38       0x20 c:/sd/atollic/truestudio for arm 5.4.0/armtools/bin/../lib/gcc/arm-atollic-eabi/4.8.3/../../../../arm-atollic-eabi/lib/armv7-m\libc_s.a(lib_a-vsnprintf.o)
                0x08002c38                vsniprintf
                0x08002c38                vsnprintf
 .text._vsprintf_r
                0x08002c58       0x30 c:/sd/atollic/truestudio for arm 5.4.0/armtools/bin/../lib/gcc/arm-atollic-eabi/4.8.3/../../../../arm-atollic-eabi/lib/armv7-m\libc_s.a(lib_a-vsprintf.o)
                0x08002c58                _vsprintf_r
                0x08002c58                _vsiprintf_r
 .text.vsprintf
                0x08002c88       0x1c c:/sd/atollic/truestudio for arm 5.4.0/armtools/bin/../lib/gcc/arm-atollic-eabi/4.8.3/../../../../arm-atollic-eabi/lib/armv7-m\libc_s.a(lib_a-vsprintf.o)
                0x08002c88                vsiprintf
                0x08002c88                vsprintf
 .text.__ssputs_r
                0x08002ca4       0xb8 c:/sd/atollic/truestudio for arm 5.4.0/armtools/bin/../lib/gcc/arm-atollic-eabi/4.8.3/../../../../arm-atollic-eabi/lib/armv7-m\libc_s.a(lib_a-svfprintf.o)
                0x08002ca4                __ssputs_r
 .text._svfprintf_r
                0x08002d5c      0x1d8 c:/sd/atollic/truestudio for arm 5.4.0/armtools/bin/../lib/gcc/arm-atollic-eabi/4.8.3/../../../../arm-atollic-eabi/lib/armv7-m\libc_s.a(lib_a-svfprintf.o)
                0x08002d5c                _svfiprintf_r
                0x08002d5c                _svfprintf_r
 .text._printf_common
                0x08002f34       0xe4 c:/sd/atollic/truestudio for arm 5.4.0/armtools/bin/../lib/gcc/arm-atollic-eabi/4.8.3/../../../../arm-atollic-eabi/lib/armv7-m\libc_s.a(lib_a-vfprintf_i.o)
                0x08002f34                _printf_common
 .text._printf_i
                0x08003018      0x228 c:/sd/atollic/truestudio for arm 5.4.0/armtools/bin/../lib/gcc/arm-atollic-eabi/4.8.3/../../../../arm-atollic-eabi/lib/armv7-m\libc_s.a(lib_a-vfprintf_i.o)
                0x08003018                _printf_i
 .text.memchr   0x08003240       0x1c c:/sd/atollic/truestudio for arm 5.4.0/armtools/bin/../lib/gcc/arm-atollic-eabi/4.8.3/../../../../arm-atollic-eabi/lib/armv7-m\libc_s.a(lib_a-memchr-stub.o)
                0x08003240                memchr
 .text.memcpy   0x0800325c       0x12 c:/sd/atollic/truestudio for arm 5.4.0/armtools/bin/../lib/gcc/arm-atollic-eabi/4.8.3/../../../../arm-atollic-eabi/lib/armv7-m\libc_s.a(lib_a-memcpy-stub.o)
                0x0800325c                memcpy
 .text.memmove  0x0800326e       0x36 c:/sd/atollic/truestudio for arm 5.4.0/armtools/bin/../lib/gcc/arm-atollic-eabi/4.8.3/../../../../arm-atollic-eabi/lib/armv7-m\libc_s.a(lib_a-memmove.o)
                0x0800326e                memmove
 .text._realloc_r
                0x080032a4       0x4c c:/sd/atollic/truestudio for arm 5.4.0/armtools/bin/../lib/gcc/arm-atollic-eabi/4.8.3/../../../../arm-atollic-eabi/lib/armv7-m\libc_s.a(lib_a-nano-reallocr.o)
                0x080032a4                _realloc_r
 .text._malloc_usable_size_r
                0x080032f0       0x12 c:/sd/atollic/truestudio for arm 5.4.0/armtools/bin/../lib/gcc/arm-atollic-eabi/4.8.3/../../../../arm-atollic-eabi/lib/armv7-m\libc_s.a(lib_a-nano-msizer.o)
                0x080032f0                _malloc_usable_size_r
 *(.glue_7)
 .glue_7        0x00000000        0x0 linker stubs
 *(.glue_7t)
 .glue_7t       0x00000000        0x0 linker stubs
 *(.eh_frame)
 *fill*         0x08003302        0x2 
 .eh_frame      0x08003304        0x0 c:/sd/atollic/truestudio for arm 5.4.0/armtools/bin/../lib/gcc/arm-atollic-eabi/4.8.3/armv7-m/crtbegin.o
 *(.init)
 .init          0x08003304        0x4 c:/sd/atollic/truestudio for arm 5.4.0/armtools/bin/../lib/gcc/arm-atollic-eabi/4.8.3/armv7-m/crti.o
                0x08003304                _init
 .init          0x08003308        0x8 c:/sd/atollic/truestudio for arm 5.4.0/armtools/bin/../lib/gcc/arm-atollic-eabi/4.8.3/armv7-m/crtn.o
 *(.fini)
 .fini          0x08003310        0x4 c:/sd/atollic/truestudio for arm 5.4.0/armtools/bin/../lib/gcc/arm-atollic-eabi/4.8.3/armv7-m/crti.o
                0x08003310                _fini
 .fini          0x08003314        0x8 c:/sd/atollic/truestudio for arm 5.4.0/armtools/bin/../lib/gcc/arm-atollic-eabi/4.8.3/armv7-m/crtn.o
                0x0800331c                . = ALIGN (0x4)
                0x0800331c                _etext = .

.vfp11_veneer   0x0800331c        0x0
 .vfp11_veneer  0x00000000        0x0 linker stubs

.v4_bx          0x0800331c        0x0
 .v4_bx         0x00000000        0x0 linker stubs

.iplt           0x0800331c        0x0
 .iplt          0x00000000        0x0 c:/sd/atollic/truestudio for arm 5.4.0/armtools/bin/../lib/gcc/arm-atollic-eabi/4.8.3/armv7-m/crtbegin.o

.rodata         0x0800331c       0x40
                0x0800331c                . = ALIGN (0x4)
 *(.rodata)
 .rodata        0x0800331c        0x8 src\quad\Tasks.o
 *(.rodata*)
 .rodata.str1.1
                0x08003324        0x2 c:/sd/atollic/truestudio for arm 5.4.0/armtools/bin/../lib/gcc/arm-atollic-eabi/4.8.3/../../../../arm-atollic-eabi/lib/armv7-m\libc_s.a(lib_a-impure.o)
 .rodata.str1.1
                0x08003326       0x11 c:/sd/atollic/truestudio for arm 5.4.0/armtools/bin/../lib/gcc/arm-atollic-eabi/4.8.3/../../../../arm-atollic-eabi/lib/armv7-m\libc_s.a(lib_a-svfprintf.o)
 .rodata.str1.1
                0x08003337       0x22 c:/sd/atollic/truestudio for arm 5.4.0/armtools/bin/../lib/gcc/arm-atollic-eabi/4.8.3/../../../../arm-atollic-eabi/lib/armv7-m\libc_s.a(lib_a-vfprintf_i.o)
                0x0800335c                . = ALIGN (0x4)
 *fill*         0x08003359        0x3 

.rel.dyn        0x0800335c        0x0
 .rel.iplt      0x00000000        0x0 c:/sd/atollic/truestudio for arm 5.4.0/armtools/bin/../lib/gcc/arm-atollic-eabi/4.8.3/armv7-m/crtbegin.o

.ARM.extab
 *(.ARM.extab* .gnu.linkonce.armextab.*)

.ARM            0x0800335c        0x0
                0x0800335c                __exidx_start = .
 *(.ARM.exidx*)
                0x0800335c                __exidx_end = .

.preinit_array  0x0800335c        0x0
                0x0800335c                PROVIDE (__preinit_array_start, .)
 *(.preinit_array*)
                0x0800335c                PROVIDE (__preinit_array_end, .)

.init_array     0x0800335c        0x8
                0x0800335c                PROVIDE (__init_array_start, .)
 *(SORT(.init_array.*))
 *(.init_array*)
 .init_array    0x0800335c        0x4 c:/sd/atollic/truestudio for arm 5.4.0/armtools/bin/../lib/gcc/arm-atollic-eabi/4.8.3/armv7-m/crtbegin.o
 .init_array    0x08003360        0x4 src\quad\Quadcopter.o
                0x08003364                PROVIDE (__init_array_end, .)

.fini_array     0x08003364        0x4
                0x08003364                PROVIDE (__fini_array_start, .)
 *(SORT(.fini_array.*))
 *(.fini_array*)
 .fini_array    0x08003364        0x4 c:/sd/atollic/truestudio for arm 5.4.0/armtools/bin/../lib/gcc/arm-atollic-eabi/4.8.3/armv7-m/crtbegin.o
                0x08003368                PROVIDE (__fini_array_end, .)
                0x08003368                _sidata = LOADADDR (.data)

.data           0x20000000       0x7c load address 0x08003368
                0x20000000                . = ALIGN (0x4)
                0x20000000                _sdata = .
 *(.data)
 *(.data*)
 .data.SystemCoreClock
                0x20000000        0x4 src\system_stm32f10x.o
                0x20000000                SystemCoreClock
 .data.APBAHBPrescTable
                0x20000004       0x10 Libraries\STM32F10x_StdPeriph_Driver\src\stm32f10x_rcc.o
 .data.ADCPrescTable
                0x20000014        0x4 Libraries\STM32F10x_StdPeriph_Driver\src\stm32f10x_rcc.o
 .data.impure_data
                0x20000018       0x60 c:/sd/atollic/truestudio for arm 5.4.0/armtools/bin/../lib/gcc/arm-atollic-eabi/4.8.3/../../../../arm-atollic-eabi/lib/armv7-m\libc_s.a(lib_a-impure.o)
 .data._impure_ptr
                0x20000078        0x4 c:/sd/atollic/truestudio for arm 5.4.0/armtools/bin/../lib/gcc/arm-atollic-eabi/4.8.3/../../../../arm-atollic-eabi/lib/armv7-m\libc_s.a(lib_a-impure.o)
                0x20000078                _impure_ptr
                0x2000007c                . = ALIGN (0x4)
                0x2000007c                _edata = .

.igot.plt       0x2000007c        0x0 load address 0x080033e4
 .igot.plt      0x00000000        0x0 c:/sd/atollic/truestudio for arm 5.4.0/armtools/bin/../lib/gcc/arm-atollic-eabi/4.8.3/armv7-m/crtbegin.o
                0x2000007c                . = ALIGN (0x4)

.bss            0x2000007c      0x598 load address 0x080033e4
                0x2000007c                _sbss = .
                0x2000007c                __bss_start__ = _sbss
 *(.bss)
 .bss           0x2000007c       0x1c c:/sd/atollic/truestudio for arm 5.4.0/armtools/bin/../lib/gcc/arm-atollic-eabi/4.8.3/armv7-m/crtbegin.o
 *(.bss*)
 .bss.i         0x20000098        0x4 src\quad\Tasks.o
                0x20000098                i
 .bss.time      0x2000009c        0x4 src\quad\Tasks.o
                0x2000009c                time
 .bss._ZN11TaskManager7counterE
                0x200000a0        0x4 src\quad\TaskManager.o
                0x200000a0                TaskManager::counter
 .bss._ZN11TaskManager3_hzE
                0x200000a4      0x190 src\quad\TaskManager.o
                0x200000a4                TaskManager::_hz
 .bss._ZN11TaskManager6_timerE
                0x20000234      0x190 src\quad\TaskManager.o
                0x20000234                TaskManager::_timer
 .bss._ZN11TaskManager9_functionE
                0x200003c4      0x190 src\quad\TaskManager.o
                0x200003c4                TaskManager::_function
 .bss.i2c       0x20000554        0x4 src\quad\Quadcopter.o
                0x20000554                i2c
 .bss.baro      0x20000558       0x68 src\quad\Quadcopter.o
                0x20000558                baro
 .bss.gyro      0x200005c0        0x4 src\quad\Quadcopter.o
                0x200005c0                gyro
 .bss.LED_G     0x200005c4        0x8 src\quad\Quadcopter.o
                0x200005c4                LED_G
 .bss.LED_R     0x200005cc        0x8 src\quad\Quadcopter.o
                0x200005cc                LED_R
 .bss.LED_SYS   0x200005d4        0x8 src\quad\Quadcopter.o
                0x200005d4                LED_SYS
 .bss.BUZZER    0x200005dc        0x8 src\quad\Quadcopter.o
                0x200005dc                BUZZER
 .bss.BUTTON    0x200005e4        0x8 src\quad\Quadcopter.o
                0x200005e4                BUTTON
 .bss.angleRaw  0x200005ec        0x8 src\quad\Quadcopter.o
                0x200005ec                angleRaw
 .bss.angleScaled
                0x200005f4        0x8 src\quad\Quadcopter.o
                0x200005f4                angleScaled
 .bss.pressure  0x200005fc        0x4 src\quad\Quadcopter.o
                0x200005fc                pressure
 .bss.__malloc_sbrk_start
                0x20000600        0x4 c:/sd/atollic/truestudio for arm 5.4.0/armtools/bin/../lib/gcc/arm-atollic-eabi/4.8.3/../../../../arm-atollic-eabi/lib/armv7-m\libc_s.a(lib_a-nano-mallocr.o)
                0x20000600                __malloc_sbrk_start
 .bss.__malloc_free_list
                0x20000604        0x4 c:/sd/atollic/truestudio for arm 5.4.0/armtools/bin/../lib/gcc/arm-atollic-eabi/4.8.3/../../../../arm-atollic-eabi/lib/armv7-m\libc_s.a(lib_a-nano-mallocr.o)
                0x20000604                __malloc_free_list
 .bss.heap_end.5121
                0x20000608        0x4 c:/sd/atollic/truestudio for arm 5.4.0/armtools/bin/../lib/gcc/arm-atollic-eabi/4.8.3/../../../../arm-atollic-eabi/lib/armv7-m\libc_s.a(lib_a-syscalls.o)
 *(COMMON)
 COMMON         0x2000060c        0x4 src\libs\Delay.o
                0x2000060c                _millisCounter
 COMMON         0x20000610        0x4 c:/sd/atollic/truestudio for arm 5.4.0/armtools/bin/../lib/gcc/arm-atollic-eabi/4.8.3/../../../../arm-atollic-eabi/lib/armv7-m\libc_s.a(lib_a-reent.o)
                0x20000610                errno
                0x20000614                . = ALIGN (0x4)
                0x20000614                _ebss = .
                0x20000614                __bss_end__ = _ebss

._user_heap_stack
                0x20000614      0x100 load address 0x080033e4
                0x20000614                . = ALIGN (0x4)
                0x20000614                PROVIDE (end, .)
                0x20000614                PROVIDE (_end, .)
                0x20000614                . = (. + _Min_Heap_Size)
                0x20000714                . = (. + _Min_Stack_Size)
 *fill*         0x20000614      0x100 
                0x20000714                . = ALIGN (0x4)

.memory_b1_text
 *(.mb1text)
 *(.mb1text*)
 *(.mb1rodata)
 *(.mb1rodata*)

/DISCARD/
 libc.a(*)
 libm.a(*)
 libgcc.a(*)

.ARM.attributes
                0x00000000       0x29
 *(.ARM.attributes)
 .ARM.attributes
                0x00000000       0x1d c:/sd/atollic/truestudio for arm 5.4.0/armtools/bin/../lib/gcc/arm-atollic-eabi/4.8.3/armv7-m/crti.o
 .ARM.attributes
                0x0000001d       0x2d c:/sd/atollic/truestudio for arm 5.4.0/armtools/bin/../lib/gcc/arm-atollic-eabi/4.8.3/armv7-m/crtbegin.o
 .ARM.attributes
                0x0000004a       0x33 src\system_stm32f10x.o
 .ARM.attributes
                0x0000007d       0x33 src\stm32f1xx_it.o
 .ARM.attributes
                0x000000b0       0x21 src\startup_stm32f10x_md.o
 .ARM.attributes
                0x000000d1       0x33 src\sensors\L3G4200D.o
 .ARM.attributes
                0x00000104       0x33 src\sensors\BMP180.o
 .ARM.attributes
                0x00000137       0x33 src\quad\Tasks.o
 .ARM.attributes
                0x0000016a       0x33 src\quad\TaskManager.o
 .ARM.attributes
                0x0000019d       0x33 src\quad\Quadcopter.o
 .ARM.attributes
                0x000001d0       0x33 src\main.o
 .ARM.attributes
                0x00000203       0x33 src\libs\USART1.o
 .ARM.attributes
                0x00000236       0x33 src\libs\I2C.o
 .ARM.attributes
                0x00000269       0x33 src\libs\GPIO.o
 .ARM.attributes
                0x0000029c       0x33 src\libs\Delay.o
 .ARM.attributes
                0x000002cf       0x33 Libraries\STM32F10x_StdPeriph_Driver\src\stm32f10x_usart.o
 .ARM.attributes
                0x00000302       0x33 Libraries\STM32F10x_StdPeriph_Driver\src\stm32f10x_rcc.o
 .ARM.attributes
                0x00000335       0x33 Libraries\STM32F10x_StdPeriph_Driver\src\stm32f10x_i2c.o
 .ARM.attributes
                0x00000368       0x33 Libraries\STM32F10x_StdPeriph_Driver\src\stm32f10x_gpio.o
 .ARM.attributes
                0x0000039b       0x2d c:/sd/atollic/truestudio for arm 5.4.0/armtools/bin/../lib/gcc/arm-atollic-eabi/4.8.3/../../../../arm-atollic-eabi/lib/armv7-m\libc_s.a(lib_a-init.o)
 .ARM.attributes
                0x000003c8       0x2d c:/sd/atollic/truestudio for arm 5.4.0/armtools/bin/../lib/gcc/arm-atollic-eabi/4.8.3/../../../../arm-atollic-eabi/lib/armv7-m\libc_s.a(lib_a-malloc.o)
 .ARM.attributes
                0x000003f5       0x2d c:/sd/atollic/truestudio for arm 5.4.0/armtools/bin/../lib/gcc/arm-atollic-eabi/4.8.3/../../../../arm-atollic-eabi/lib/armv7-m\libc_s.a(lib_a-nano-freer.o)
 .ARM.attributes
                0x00000422       0x2d c:/sd/atollic/truestudio for arm 5.4.0/armtools/bin/../lib/gcc/arm-atollic-eabi/4.8.3/../../../../arm-atollic-eabi/lib/armv7-m\libc_s.a(lib_a-nano-mallocr.o)
 .ARM.attributes
                0x0000044f       0x2d c:/sd/atollic/truestudio for arm 5.4.0/armtools/bin/../lib/gcc/arm-atollic-eabi/4.8.3/../../../../arm-atollic-eabi/lib/armv7-m\libc_s.a(lib_a-sbrkr.o)
 .ARM.attributes
                0x0000047c       0x2d c:/sd/atollic/truestudio for arm 5.4.0/armtools/bin/../lib/gcc/arm-atollic-eabi/4.8.3/../../../../arm-atollic-eabi/lib/armv7-m\libc_s.a(lib_a-strlen.o)
 .ARM.attributes
                0x000004a9       0x2d c:/sd/atollic/truestudio for arm 5.4.0/armtools/bin/../lib/gcc/arm-atollic-eabi/4.8.3/../../../../arm-atollic-eabi/lib/armv7-m\libc_s.a(lib_a-syscalls.o)
 .ARM.attributes
                0x000004d6       0x2d c:/sd/atollic/truestudio for arm 5.4.0/armtools/bin/../lib/gcc/arm-atollic-eabi/4.8.3/../../../../arm-atollic-eabi/lib/armv7-m\libc_s.a(lib_a-vsnprintf.o)
 .ARM.attributes
                0x00000503       0x2d c:/sd/atollic/truestudio for arm 5.4.0/armtools/bin/../lib/gcc/arm-atollic-eabi/4.8.3/../../../../arm-atollic-eabi/lib/armv7-m\libc_s.a(lib_a-vsprintf.o)
 .ARM.attributes
                0x00000530       0x2d c:/sd/atollic/truestudio for arm 5.4.0/armtools/bin/../lib/gcc/arm-atollic-eabi/4.8.3/../../../../arm-atollic-eabi/lib/armv7-m\libc_s.a(lib_a-impure.o)
 .ARM.attributes
                0x0000055d       0x2d c:/sd/atollic/truestudio for arm 5.4.0/armtools/bin/../lib/gcc/arm-atollic-eabi/4.8.3/../../../../arm-atollic-eabi/lib/armv7-m\libc_s.a(lib_a-reent.o)
 .ARM.attributes
                0x0000058a       0x2d c:/sd/atollic/truestudio for arm 5.4.0/armtools/bin/../lib/gcc/arm-atollic-eabi/4.8.3/../../../../arm-atollic-eabi/lib/armv7-m\libc_s.a(lib_a-svfprintf.o)
 .ARM.attributes
                0x000005b7       0x2d c:/sd/atollic/truestudio for arm 5.4.0/armtools/bin/../lib/gcc/arm-atollic-eabi/4.8.3/../../../../arm-atollic-eabi/lib/armv7-m\libc_s.a(lib_a-vfprintf_i.o)
 .ARM.attributes
                0x000005e4       0x2d c:/sd/atollic/truestudio for arm 5.4.0/armtools/bin/../lib/gcc/arm-atollic-eabi/4.8.3/../../../../arm-atollic-eabi/lib/armv7-m\libc_s.a(lib_a-memchr-stub.o)
 .ARM.attributes
                0x00000611       0x2d c:/sd/atollic/truestudio for arm 5.4.0/armtools/bin/../lib/gcc/arm-atollic-eabi/4.8.3/../../../../arm-atollic-eabi/lib/armv7-m\libc_s.a(lib_a-memcpy-stub.o)
 .ARM.attributes
                0x0000063e       0x2d c:/sd/atollic/truestudio for arm 5.4.0/armtools/bin/../lib/gcc/arm-atollic-eabi/4.8.3/../../../../arm-atollic-eabi/lib/armv7-m\libc_s.a(lib_a-memmove.o)
 .ARM.attributes
                0x0000066b       0x2d c:/sd/atollic/truestudio for arm 5.4.0/armtools/bin/../lib/gcc/arm-atollic-eabi/4.8.3/../../../../arm-atollic-eabi/lib/armv7-m\libc_s.a(lib_a-nano-reallocr.o)
 .ARM.attributes
                0x00000698       0x2d c:/sd/atollic/truestudio for arm 5.4.0/armtools/bin/../lib/gcc/arm-atollic-eabi/4.8.3/../../../../arm-atollic-eabi/lib/armv7-m\libc_s.a(lib_a-nano-msizer.o)
 .ARM.attributes
                0x000006c5       0x1d c:/sd/atollic/truestudio for arm 5.4.0/armtools/bin/../lib/gcc/arm-atollic-eabi/4.8.3/armv7-m\libgcc.a(_arm_addsubdf3.o)
 .ARM.attributes
                0x000006e2       0x1d c:/sd/atollic/truestudio for arm 5.4.0/armtools/bin/../lib/gcc/arm-atollic-eabi/4.8.3/armv7-m\libgcc.a(_arm_muldivdf3.o)
 .ARM.attributes
                0x000006ff       0x1d c:/sd/atollic/truestudio for arm 5.4.0/armtools/bin/../lib/gcc/arm-atollic-eabi/4.8.3/armv7-m\libgcc.a(_arm_fixdfsi.o)
 .ARM.attributes
                0x0000071c       0x1d c:/sd/atollic/truestudio for arm 5.4.0/armtools/bin/../lib/gcc/arm-atollic-eabi/4.8.3/armv7-m\libgcc.a(_arm_fixunsdfsi.o)
 .ARM.attributes
                0x00000739       0x1d c:/sd/atollic/truestudio for arm 5.4.0/armtools/bin/../lib/gcc/arm-atollic-eabi/4.8.3/armv7-m/crtn.o
OUTPUT(test.elf elf32-littlearm)

.debug_info     0x00000000     0x6a5d
 .debug_info    0x00000000      0x47d src\system_stm32f10x.o
 .debug_info    0x0000047d      0x13a src\stm32f1xx_it.o
 .debug_info    0x000005b7       0x85 src\startup_stm32f10x_md.o
 .debug_info    0x0000063c      0x748 src\sensors\L3G4200D.o
 .debug_info    0x00000d84      0x6a6 src\sensors\BMP180.o
 .debug_info    0x0000142a      0x7ba src\quad\Tasks.o
 .debug_info    0x00001be4      0x273 src\quad\TaskManager.o
 .debug_info    0x00001e57      0x9de src\quad\Quadcopter.o
 .debug_info    0x00002835      0x89b src\main.o
 .debug_info    0x000030d0      0x4ce src\libs\USART1.o
 .debug_info    0x0000359e      0x642 src\libs\I2C.o
 .debug_info    0x00003be0      0x407 src\libs\GPIO.o
 .debug_info    0x00003fe7      0x60a src\libs\Delay.o
 .debug_info    0x000045f1      0x9ec Libraries\STM32F10x_StdPeriph_Driver\src\stm32f10x_usart.o
 .debug_info    0x00004fdd      0x891 Libraries\STM32F10x_StdPeriph_Driver\src\stm32f10x_rcc.o
 .debug_info    0x0000586e      0xb04 Libraries\STM32F10x_StdPeriph_Driver\src\stm32f10x_i2c.o
 .debug_info    0x00006372      0x6eb Libraries\STM32F10x_StdPeriph_Driver\src\stm32f10x_gpio.o

.debug_abbrev   0x00000000     0x1b95
 .debug_abbrev  0x00000000      0x14e src\system_stm32f10x.o
 .debug_abbrev  0x0000014e       0x7f src\stm32f1xx_it.o
 .debug_abbrev  0x000001cd       0x12 src\startup_stm32f10x_md.o
 .debug_abbrev  0x000001df      0x24e src\sensors\L3G4200D.o
 .debug_abbrev  0x0000042d      0x22c src\sensors\BMP180.o
 .debug_abbrev  0x00000659      0x215 src\quad\Tasks.o
 .debug_abbrev  0x0000086e      0x17b src\quad\TaskManager.o
 .debug_abbrev  0x000009e9      0x246 src\quad\Quadcopter.o
 .debug_abbrev  0x00000c2f      0x211 src\main.o
 .debug_abbrev  0x00000e40      0x15d src\libs\USART1.o
 .debug_abbrev  0x00000f9d      0x1ee src\libs\I2C.o
 .debug_abbrev  0x0000118b      0x1ef src\libs\GPIO.o
 .debug_abbrev  0x0000137a      0x1cb src\libs\Delay.o
 .debug_abbrev  0x00001545      0x164 Libraries\STM32F10x_StdPeriph_Driver\src\stm32f10x_usart.o
 .debug_abbrev  0x000016a9      0x1bc Libraries\STM32F10x_StdPeriph_Driver\src\stm32f10x_rcc.o
 .debug_abbrev  0x00001865      0x166 Libraries\STM32F10x_StdPeriph_Driver\src\stm32f10x_i2c.o
 .debug_abbrev  0x000019cb      0x1ca Libraries\STM32F10x_StdPeriph_Driver\src\stm32f10x_gpio.o

.debug_aranges  0x00000000      0x6e8
 .debug_aranges
                0x00000000       0x38 src\system_stm32f10x.o
 .debug_aranges
                0x00000038       0x60 src\stm32f1xx_it.o
 .debug_aranges
                0x00000098       0x28 src\startup_stm32f10x_md.o
 .debug_aranges
                0x000000c0       0x60 src\sensors\L3G4200D.o
 .debug_aranges
                0x00000120       0x40 src\sensors\BMP180.o
 .debug_aranges
                0x00000160       0x38 src\quad\Tasks.o
 .debug_aranges
                0x00000198       0x28 src\quad\TaskManager.o
 .debug_aranges
                0x000001c0       0x28 src\quad\Quadcopter.o
 .debug_aranges
                0x000001e8       0x20 src\main.o
 .debug_aranges
                0x00000208       0x38 src\libs\USART1.o
 .debug_aranges
                0x00000240       0x40 src\libs\I2C.o
 .debug_aranges
                0x00000280       0x40 src\libs\GPIO.o
 .debug_aranges
                0x000002c0       0x48 src\libs\Delay.o
 .debug_aranges
                0x00000308      0x100 Libraries\STM32F10x_StdPeriph_Driver\src\stm32f10x_usart.o
 .debug_aranges
                0x00000408      0x118 Libraries\STM32F10x_StdPeriph_Driver\src\stm32f10x_rcc.o
 .debug_aranges
                0x00000520      0x120 Libraries\STM32F10x_StdPeriph_Driver\src\stm32f10x_i2c.o
 .debug_aranges
                0x00000640       0xa8 Libraries\STM32F10x_StdPeriph_Driver\src\stm32f10x_gpio.o

.debug_ranges   0x00000000      0x5e0
 .debug_ranges  0x00000000       0x28 src\system_stm32f10x.o
 .debug_ranges  0x00000028       0x50 src\stm32f1xx_it.o
 .debug_ranges  0x00000078       0x20 src\startup_stm32f10x_md.o
 .debug_ranges  0x00000098       0x50 src\sensors\L3G4200D.o
 .debug_ranges  0x000000e8       0x30 src\sensors\BMP180.o
 .debug_ranges  0x00000118       0x28 src\quad\Tasks.o
 .debug_ranges  0x00000140       0x18 src\quad\TaskManager.o
 .debug_ranges  0x00000158       0x18 src\quad\Quadcopter.o
 .debug_ranges  0x00000170       0x10 src\main.o
 .debug_ranges  0x00000180       0x28 src\libs\USART1.o
 .debug_ranges  0x000001a8       0x30 src\libs\I2C.o
 .debug_ranges  0x000001d8       0x30 src\libs\GPIO.o
 .debug_ranges  0x00000208       0x38 src\libs\Delay.o
 .debug_ranges  0x00000240       0xf0 Libraries\STM32F10x_StdPeriph_Driver\src\stm32f10x_usart.o
 .debug_ranges  0x00000330      0x108 Libraries\STM32F10x_StdPeriph_Driver\src\stm32f10x_rcc.o
 .debug_ranges  0x00000438      0x110 Libraries\STM32F10x_StdPeriph_Driver\src\stm32f10x_i2c.o
 .debug_ranges  0x00000548       0x98 Libraries\STM32F10x_StdPeriph_Driver\src\stm32f10x_gpio.o

.debug_line     0x00000000     0x2b24
 .debug_line    0x00000000      0x1fa src\system_stm32f10x.o
 .debug_line    0x000001fa      0x1c1 src\stm32f1xx_it.o
 .debug_line    0x000003bb       0x7c src\startup_stm32f10x_md.o
 .debug_line    0x00000437      0x24b src\sensors\L3G4200D.o
 .debug_line    0x00000682      0x24f src\sensors\BMP180.o
 .debug_line    0x000008d1      0x1ec src\quad\Tasks.o
 .debug_line    0x00000abd      0x1a2 src\quad\TaskManager.o
 .debug_line    0x00000c5f      0x216 src\quad\Quadcopter.o
 .debug_line    0x00000e75      0x21a src\main.o
 .debug_line    0x0000108f      0x28e src\libs\USART1.o
 .debug_line    0x0000131d      0x2ee src\libs\I2C.o
 .debug_line    0x0000160b      0x206 src\libs\GPIO.o
 .debug_line    0x00001811      0x1f2 src\libs\Delay.o
 .debug_line    0x00001a03      0x46b Libraries\STM32F10x_StdPeriph_Driver\src\stm32f10x_usart.o
 .debug_line    0x00001e6e      0x48e Libraries\STM32F10x_StdPeriph_Driver\src\stm32f10x_rcc.o
 .debug_line    0x000022fc      0x4a8 Libraries\STM32F10x_StdPeriph_Driver\src\stm32f10x_i2c.o
 .debug_line    0x000027a4      0x380 Libraries\STM32F10x_StdPeriph_Driver\src\stm32f10x_gpio.o

.debug_str      0x00000000     0x1ed9
 .debug_str     0x00000000      0x2bd src\system_stm32f10x.o
                                0x32c (size before relaxing)
 .debug_str     0x000002bd       0xa6 src\stm32f1xx_it.o
                                0x231 (size before relaxing)
 .debug_str     0x00000363      0x32d src\sensors\L3G4200D.o
                                0x46c (size before relaxing)
 .debug_str     0x00000690      0x11d src\sensors\BMP180.o
                                0x450 (size before relaxing)
 .debug_str     0x000007ad      0x111 src\quad\Tasks.o
                                0x650 (size before relaxing)
 .debug_str     0x000008be       0xee src\quad\TaskManager.o
                                0x348 (size before relaxing)
 .debug_str     0x000009ac      0x1d7 src\quad\Quadcopter.o
                                0x7bf (size before relaxing)
 .debug_str     0x00000b83       0x15 src\main.o
                                0x69f (size before relaxing)
 .debug_str     0x00000b98      0x1d0 src\libs\USART1.o
                                0x4b8 (size before relaxing)
 .debug_str     0x00000d68       0xdd src\libs\I2C.o
                                0x56d (size before relaxing)
 .debug_str     0x00000e45       0x22 src\libs\GPIO.o
                                0x436 (size before relaxing)
 .debug_str     0x00000e67      0x39d src\libs\Delay.o
                                0x5f3 (size before relaxing)
 .debug_str     0x00001204      0x3d3 Libraries\STM32F10x_StdPeriph_Driver\src\stm32f10x_usart.o
                                0x6f1 (size before relaxing)
 .debug_str     0x000015d7      0x366 Libraries\STM32F10x_StdPeriph_Driver\src\stm32f10x_rcc.o
                                0x67b (size before relaxing)
 .debug_str     0x0000193d      0x342 Libraries\STM32F10x_StdPeriph_Driver\src\stm32f10x_i2c.o
                                0x6c7 (size before relaxing)
 .debug_str     0x00001c7f      0x25a Libraries\STM32F10x_StdPeriph_Driver\src\stm32f10x_gpio.o
                                0x57a (size before relaxing)

.comment        0x00000000       0x82
 .comment       0x00000000       0x82 src\system_stm32f10x.o
                                 0x83 (size before relaxing)
 .comment       0x00000000       0x83 src\stm32f1xx_it.o
 .comment       0x00000000       0x83 src\sensors\L3G4200D.o
 .comment       0x00000000       0x83 src\sensors\BMP180.o
 .comment       0x00000000       0x83 src\quad\Tasks.o
 .comment       0x00000000       0x83 src\quad\TaskManager.o
 .comment       0x00000000       0x83 src\quad\Quadcopter.o
 .comment       0x00000000       0x83 src\main.o
 .comment       0x00000000       0x83 src\libs\USART1.o
 .comment       0x00000000       0x83 src\libs\I2C.o
 .comment       0x00000000       0x83 src\libs\GPIO.o
 .comment       0x00000000       0x83 src\libs\Delay.o
 .comment       0x00000000       0x83 Libraries\STM32F10x_StdPeriph_Driver\src\stm32f10x_usart.o
 .comment       0x00000000       0x83 Libraries\STM32F10x_StdPeriph_Driver\src\stm32f10x_rcc.o
 .comment       0x00000000       0x83 Libraries\STM32F10x_StdPeriph_Driver\src\stm32f10x_i2c.o
 .comment       0x00000000       0x83 Libraries\STM32F10x_StdPeriph_Driver\src\stm32f10x_gpio.o

.debug_frame    0x00000000     0x1888
 .debug_frame   0x00000000       0x80 src\system_stm32f10x.o
 .debug_frame   0x00000080       0xec src\stm32f1xx_it.o
 .debug_frame   0x0000016c      0x124 src\sensors\L3G4200D.o
 .debug_frame   0x00000290       0xa8 src\sensors\BMP180.o
 .debug_frame   0x00000338       0x78 src\quad\Tasks.o
 .debug_frame   0x000003b0       0x4c src\quad\TaskManager.o
 .debug_frame   0x000003fc       0x4c src\quad\Quadcopter.o
 .debug_frame   0x00000448       0x2c src\main.o
 .debug_frame   0x00000474       0x98 src\libs\USART1.o
 .debug_frame   0x0000050c       0xac src\libs\I2C.o
 .debug_frame   0x000005b8       0xac src\libs\GPIO.o
 .debug_frame   0x00000664       0xb8 src\libs\Delay.o
 .debug_frame   0x0000071c      0x344 Libraries\STM32F10x_StdPeriph_Driver\src\stm32f10x_usart.o
 .debug_frame   0x00000a60      0x388 Libraries\STM32F10x_StdPeriph_Driver\src\stm32f10x_rcc.o
 .debug_frame   0x00000de8      0x3b4 Libraries\STM32F10x_StdPeriph_Driver\src\stm32f10x_i2c.o
 .debug_frame   0x0000119c      0x210 Libraries\STM32F10x_StdPeriph_Driver\src\stm32f10x_gpio.o
 .debug_frame   0x000013ac       0x2c c:/sd/atollic/truestudio for arm 5.4.0/armtools/bin/../lib/gcc/arm-atollic-eabi/4.8.3/../../../../arm-atollic-eabi/lib/armv7-m\libc_s.a(lib_a-init.o)
 .debug_frame   0x000013d8       0x30 c:/sd/atollic/truestudio for arm 5.4.0/armtools/bin/../lib/gcc/arm-atollic-eabi/4.8.3/../../../../arm-atollic-eabi/lib/armv7-m\libc_s.a(lib_a-malloc.o)
 .debug_frame   0x00001408       0x2c c:/sd/atollic/truestudio for arm 5.4.0/armtools/bin/../lib/gcc/arm-atollic-eabi/4.8.3/../../../../arm-atollic-eabi/lib/armv7-m\libc_s.a(lib_a-nano-freer.o)
 .debug_frame   0x00001434       0x2c c:/sd/atollic/truestudio for arm 5.4.0/armtools/bin/../lib/gcc/arm-atollic-eabi/4.8.3/../../../../arm-atollic-eabi/lib/armv7-m\libc_s.a(lib_a-nano-mallocr.o)
 .debug_frame   0x00001460       0x2c c:/sd/atollic/truestudio for arm 5.4.0/armtools/bin/../lib/gcc/arm-atollic-eabi/4.8.3/../../../../arm-atollic-eabi/lib/armv7-m\libc_s.a(lib_a-sbrkr.o)
 .debug_frame   0x0000148c       0x20 c:/sd/atollic/truestudio for arm 5.4.0/armtools/bin/../lib/gcc/arm-atollic-eabi/4.8.3/../../../../arm-atollic-eabi/lib/armv7-m\libc_s.a(lib_a-strlen.o)
 .debug_frame   0x000014ac      0x14c c:/sd/atollic/truestudio for arm 5.4.0/armtools/bin/../lib/gcc/arm-atollic-eabi/4.8.3/../../../../arm-atollic-eabi/lib/armv7-m\libc_s.a(lib_a-syscalls.o)
 .debug_frame   0x000015f8       0x4c c:/sd/atollic/truestudio for arm 5.4.0/armtools/bin/../lib/gcc/arm-atollic-eabi/4.8.3/../../../../arm-atollic-eabi/lib/armv7-m\libc_s.a(lib_a-vsnprintf.o)
 .debug_frame   0x00001644       0x48 c:/sd/atollic/truestudio for arm 5.4.0/armtools/bin/../lib/gcc/arm-atollic-eabi/4.8.3/../../../../arm-atollic-eabi/lib/armv7-m\libc_s.a(lib_a-vsprintf.o)
 .debug_frame   0x0000168c       0x48 c:/sd/atollic/truestudio for arm 5.4.0/armtools/bin/../lib/gcc/arm-atollic-eabi/4.8.3/../../../../arm-atollic-eabi/lib/armv7-m\libc_s.a(lib_a-reent.o)
 .debug_frame   0x000016d4       0x88 c:/sd/atollic/truestudio for arm 5.4.0/armtools/bin/../lib/gcc/arm-atollic-eabi/4.8.3/../../../../arm-atollic-eabi/lib/armv7-m\libc_s.a(lib_a-svfprintf.o)
 .debug_frame   0x0000175c       0x60 c:/sd/atollic/truestudio for arm 5.4.0/armtools/bin/../lib/gcc/arm-atollic-eabi/4.8.3/../../../../arm-atollic-eabi/lib/armv7-m\libc_s.a(lib_a-vfprintf_i.o)
 .debug_frame   0x000017bc       0x28 c:/sd/atollic/truestudio for arm 5.4.0/armtools/bin/../lib/gcc/arm-atollic-eabi/4.8.3/../../../../arm-atollic-eabi/lib/armv7-m\libc_s.a(lib_a-memchr-stub.o)
 .debug_frame   0x000017e4       0x28 c:/sd/atollic/truestudio for arm 5.4.0/armtools/bin/../lib/gcc/arm-atollic-eabi/4.8.3/../../../../arm-atollic-eabi/lib/armv7-m\libc_s.a(lib_a-memcpy-stub.o)
 .debug_frame   0x0000180c       0x2c c:/sd/atollic/truestudio for arm 5.4.0/armtools/bin/../lib/gcc/arm-atollic-eabi/4.8.3/../../../../arm-atollic-eabi/lib/armv7-m\libc_s.a(lib_a-memmove.o)
 .debug_frame   0x00001838       0x30 c:/sd/atollic/truestudio for arm 5.4.0/armtools/bin/../lib/gcc/arm-atollic-eabi/4.8.3/../../../../arm-atollic-eabi/lib/armv7-m\libc_s.a(lib_a-nano-reallocr.o)
 .debug_frame   0x00001868       0x20 c:/sd/atollic/truestudio for arm 5.4.0/armtools/bin/../lib/gcc/arm-atollic-eabi/4.8.3/../../../../arm-atollic-eabi/lib/armv7-m\libc_s.a(lib_a-nano-msizer.o)

Cross Reference Table

Symbol                                            File
ADC1_2_IRQHandler                                 src\startup_stm32f10x_md.o
ADC_AnalogWatchdogCmd                             Libraries\STM32F10x_StdPeriph_Driver\src\stm32f10x_adc.o
ADC_AnalogWatchdogSingleChannelConfig             Libraries\STM32F10x_StdPeriph_Driver\src\stm32f10x_adc.o
ADC_AnalogWatchdogThresholdsConfig                Libraries\STM32F10x_StdPeriph_Driver\src\stm32f10x_adc.o
ADC_AutoInjectedConvCmd                           Libraries\STM32F10x_StdPeriph_Driver\src\stm32f10x_adc.o
ADC_ClearFlag                                     Libraries\STM32F10x_StdPeriph_Driver\src\stm32f10x_adc.o
ADC_ClearITPendingBit                             Libraries\STM32F10x_StdPeriph_Driver\src\stm32f10x_adc.o
ADC_Cmd                                           Libraries\STM32F10x_StdPeriph_Driver\src\stm32f10x_adc.o
ADC_DMACmd                                        Libraries\STM32F10x_StdPeriph_Driver\src\stm32f10x_adc.o
ADC_DeInit                                        Libraries\STM32F10x_StdPeriph_Driver\src\stm32f10x_adc.o
ADC_DiscModeChannelCountConfig                    Libraries\STM32F10x_StdPeriph_Driver\src\stm32f10x_adc.o
ADC_DiscModeCmd                                   Libraries\STM32F10x_StdPeriph_Driver\src\stm32f10x_adc.o
ADC_ExternalTrigConvCmd                           Libraries\STM32F10x_StdPeriph_Driver\src\stm32f10x_adc.o
ADC_ExternalTrigInjectedConvCmd                   Libraries\STM32F10x_StdPeriph_Driver\src\stm32f10x_adc.o
ADC_ExternalTrigInjectedConvConfig                Libraries\STM32F10x_StdPeriph_Driver\src\stm32f10x_adc.o
ADC_GetCalibrationStatus                          Libraries\STM32F10x_StdPeriph_Driver\src\stm32f10x_adc.o
ADC_GetConversionValue                            Libraries\STM32F10x_StdPeriph_Driver\src\stm32f10x_adc.o
ADC_GetDualModeConversionValue                    Libraries\STM32F10x_StdPeriph_Driver\src\stm32f10x_adc.o
ADC_GetFlagStatus                                 Libraries\STM32F10x_StdPeriph_Driver\src\stm32f10x_adc.o
ADC_GetITStatus                                   Libraries\STM32F10x_StdPeriph_Driver\src\stm32f10x_adc.o
ADC_GetInjectedConversionValue                    Libraries\STM32F10x_StdPeriph_Driver\src\stm32f10x_adc.o
ADC_GetResetCalibrationStatus                     Libraries\STM32F10x_StdPeriph_Driver\src\stm32f10x_adc.o
ADC_GetSoftwareStartConvStatus                    Libraries\STM32F10x_StdPeriph_Driver\src\stm32f10x_adc.o
ADC_GetSoftwareStartInjectedConvCmdStatus         Libraries\STM32F10x_StdPeriph_Driver\src\stm32f10x_adc.o
ADC_ITConfig                                      Libraries\STM32F10x_StdPeriph_Driver\src\stm32f10x_adc.o
ADC_Init                                          Libraries\STM32F10x_StdPeriph_Driver\src\stm32f10x_adc.o
ADC_InjectedChannelConfig                         Libraries\STM32F10x_StdPeriph_Driver\src\stm32f10x_adc.o
ADC_InjectedDiscModeCmd                           Libraries\STM32F10x_StdPeriph_Driver\src\stm32f10x_adc.o
ADC_InjectedSequencerLengthConfig                 Libraries\STM32F10x_StdPeriph_Driver\src\stm32f10x_adc.o
ADC_RegularChannelConfig                          Libraries\STM32F10x_StdPeriph_Driver\src\stm32f10x_adc.o
ADC_ResetCalibration                              Libraries\STM32F10x_StdPeriph_Driver\src\stm32f10x_adc.o
ADC_SetInjectedOffset                             Libraries\STM32F10x_StdPeriph_Driver\src\stm32f10x_adc.o
ADC_SoftwareStartConvCmd                          Libraries\STM32F10x_StdPeriph_Driver\src\stm32f10x_adc.o
ADC_SoftwareStartInjectedConvCmd                  Libraries\STM32F10x_StdPeriph_Driver\src\stm32f10x_adc.o
ADC_StartCalibration                              Libraries\STM32F10x_StdPeriph_Driver\src\stm32f10x_adc.o
ADC_StructInit                                    Libraries\STM32F10x_StdPeriph_Driver\src\stm32f10x_adc.o
ADC_TempSensorVrefintCmd                          Libraries\STM32F10x_StdPeriph_Driver\src\stm32f10x_adc.o
AHBPrescTable                                     src\system_stm32f10x.o
BKP_ClearFlag                                     Libraries\STM32F10x_StdPeriph_Driver\src\stm32f10x_bkp.o
BKP_ClearITPendingBit                             Libraries\STM32F10x_StdPeriph_Driver\src\stm32f10x_bkp.o
BKP_DeInit                                        Libraries\STM32F10x_StdPeriph_Driver\src\stm32f10x_bkp.o
BKP_GetFlagStatus                                 Libraries\STM32F10x_StdPeriph_Driver\src\stm32f10x_bkp.o
BKP_GetITStatus                                   Libraries\STM32F10x_StdPeriph_Driver\src\stm32f10x_bkp.o
BKP_ITConfig                                      Libraries\STM32F10x_StdPeriph_Driver\src\stm32f10x_bkp.o
BKP_RTCOutputConfig                               Libraries\STM32F10x_StdPeriph_Driver\src\stm32f10x_bkp.o
BKP_ReadBackupRegister                            Libraries\STM32F10x_StdPeriph_Driver\src\stm32f10x_bkp.o
BKP_SetRTCCalibrationValue                        Libraries\STM32F10x_StdPeriph_Driver\src\stm32f10x_bkp.o
BKP_TamperPinCmd                                  Libraries\STM32F10x_StdPeriph_Driver\src\stm32f10x_bkp.o
BKP_TamperPinLevelConfig                          Libraries\STM32F10x_StdPeriph_Driver\src\stm32f10x_bkp.o
BKP_WriteBackupRegister                           Libraries\STM32F10x_StdPeriph_Driver\src\stm32f10x_bkp.o
BMP180::BMP180()                                  src\sensors\BMP180.o
                                                  src\quad\Quadcopter.o
BMP180::BMP180()                                  src\sensors\BMP180.o
BMP180::debug()                                   src\sensors\BMP180.o
BMP180::getDelay()                                src\sensors\BMP180.o
BMP180::getPressure(long&)                        src\sensors\BMP180.o
                                                  src\quad\Tasks.o
BMP180::init(I2C*, short)                         src\sensors\BMP180.o
                                                  src\main.o
BUTTON                                            src\quad\Quadcopter.o
                                                  src\main.o
BUZZER                                            src\quad\Quadcopter.o
                                                  src\main.o
BusFault_Handler                                  src\stm32f1xx_it.o
CAN1_RX1_IRQHandler                               src\startup_stm32f10x_md.o
CAN1_SCE_IRQHandler                               src\startup_stm32f10x_md.o
CAN_CancelTransmit                                Libraries\STM32F10x_StdPeriph_Driver\src\stm32f10x_can.o
CAN_ClearFlag                                     Libraries\STM32F10x_StdPeriph_Driver\src\stm32f10x_can.o
CAN_ClearITPendingBit                             Libraries\STM32F10x_StdPeriph_Driver\src\stm32f10x_can.o
CAN_DBGFreeze                                     Libraries\STM32F10x_StdPeriph_Driver\src\stm32f10x_can.o
CAN_DeInit                                        Libraries\STM32F10x_StdPeriph_Driver\src\stm32f10x_can.o
CAN_FIFORelease                                   Libraries\STM32F10x_StdPeriph_Driver\src\stm32f10x_can.o
CAN_FilterInit                                    Libraries\STM32F10x_StdPeriph_Driver\src\stm32f10x_can.o
CAN_GetFlagStatus                                 Libraries\STM32F10x_StdPeriph_Driver\src\stm32f10x_can.o
CAN_GetITStatus                                   Libraries\STM32F10x_StdPeriph_Driver\src\stm32f10x_can.o
CAN_GetLSBTransmitErrorCounter                    Libraries\STM32F10x_StdPeriph_Driver\src\stm32f10x_can.o
CAN_GetLastErrorCode                              Libraries\STM32F10x_StdPeriph_Driver\src\stm32f10x_can.o
CAN_GetReceiveErrorCounter                        Libraries\STM32F10x_StdPeriph_Driver\src\stm32f10x_can.o
CAN_ITConfig                                      Libraries\STM32F10x_StdPeriph_Driver\src\stm32f10x_can.o
CAN_Init                                          Libraries\STM32F10x_StdPeriph_Driver\src\stm32f10x_can.o
CAN_MessagePending                                Libraries\STM32F10x_StdPeriph_Driver\src\stm32f10x_can.o
CAN_OperatingModeRequest                          Libraries\STM32F10x_StdPeriph_Driver\src\stm32f10x_can.o
CAN_Receive                                       Libraries\STM32F10x_StdPeriph_Driver\src\stm32f10x_can.o
CAN_SlaveStartBank                                Libraries\STM32F10x_StdPeriph_Driver\src\stm32f10x_can.o
CAN_Sleep                                         Libraries\STM32F10x_StdPeriph_Driver\src\stm32f10x_can.o
CAN_StructInit                                    Libraries\STM32F10x_StdPeriph_Driver\src\stm32f10x_can.o
CAN_TTComModeCmd                                  Libraries\STM32F10x_StdPeriph_Driver\src\stm32f10x_can.o
CAN_Transmit                                      Libraries\STM32F10x_StdPeriph_Driver\src\stm32f10x_can.o
CAN_TransmitStatus                                Libraries\STM32F10x_StdPeriph_Driver\src\stm32f10x_can.o
CAN_WakeUp                                        Libraries\STM32F10x_StdPeriph_Driver\src\stm32f10x_can.o
CEC_ClearFlag                                     Libraries\STM32F10x_StdPeriph_Driver\src\stm32f10x_cec.o
CEC_ClearITPendingBit                             Libraries\STM32F10x_StdPeriph_Driver\src\stm32f10x_cec.o
CEC_Cmd                                           Libraries\STM32F10x_StdPeriph_Driver\src\stm32f10x_cec.o
CEC_DeInit                                        Libraries\STM32F10x_StdPeriph_Driver\src\stm32f10x_cec.o
CEC_EndOfMessageCmd                               Libraries\STM32F10x_StdPeriph_Driver\src\stm32f10x_cec.o
CEC_GetFlagStatus                                 Libraries\STM32F10x_StdPeriph_Driver\src\stm32f10x_cec.o
CEC_GetITStatus                                   Libraries\STM32F10x_StdPeriph_Driver\src\stm32f10x_cec.o
CEC_ITConfig                                      Libraries\STM32F10x_StdPeriph_Driver\src\stm32f10x_cec.o
CEC_Init                                          Libraries\STM32F10x_StdPeriph_Driver\src\stm32f10x_cec.o
CEC_OwnAddressConfig                              Libraries\STM32F10x_StdPeriph_Driver\src\stm32f10x_cec.o
CEC_ReceiveDataByte                               Libraries\STM32F10x_StdPeriph_Driver\src\stm32f10x_cec.o
CEC_SendDataByte                                  Libraries\STM32F10x_StdPeriph_Driver\src\stm32f10x_cec.o
CEC_SetPrescaler                                  Libraries\STM32F10x_StdPeriph_Driver\src\stm32f10x_cec.o
CEC_StartOfMessage                                Libraries\STM32F10x_StdPeriph_Driver\src\stm32f10x_cec.o
CRC_CalcBlockCRC                                  Libraries\STM32F10x_StdPeriph_Driver\src\stm32f10x_crc.o
CRC_CalcCRC                                       Libraries\STM32F10x_StdPeriph_Driver\src\stm32f10x_crc.o
CRC_GetCRC                                        Libraries\STM32F10x_StdPeriph_Driver\src\stm32f10x_crc.o
CRC_GetIDRegister                                 Libraries\STM32F10x_StdPeriph_Driver\src\stm32f10x_crc.o
CRC_ResetDR                                       Libraries\STM32F10x_StdPeriph_Driver\src\stm32f10x_crc.o
CRC_SetIDRegister                                 Libraries\STM32F10x_StdPeriph_Driver\src\stm32f10x_crc.o
DAC_Cmd                                           Libraries\STM32F10x_StdPeriph_Driver\src\stm32f10x_dac.o
DAC_DMACmd                                        Libraries\STM32F10x_StdPeriph_Driver\src\stm32f10x_dac.o
DAC_DeInit                                        Libraries\STM32F10x_StdPeriph_Driver\src\stm32f10x_dac.o
DAC_DualSoftwareTriggerCmd                        Libraries\STM32F10x_StdPeriph_Driver\src\stm32f10x_dac.o
DAC_GetDataOutputValue                            Libraries\STM32F10x_StdPeriph_Driver\src\stm32f10x_dac.o
DAC_Init                                          Libraries\STM32F10x_StdPeriph_Driver\src\stm32f10x_dac.o
DAC_SetChannel1Data                               Libraries\STM32F10x_StdPeriph_Driver\src\stm32f10x_dac.o
DAC_SetChannel2Data                               Libraries\STM32F10x_StdPeriph_Driver\src\stm32f10x_dac.o
DAC_SetDualChannelData                            Libraries\STM32F10x_StdPeriph_Driver\src\stm32f10x_dac.o
DAC_SoftwareTriggerCmd                            Libraries\STM32F10x_StdPeriph_Driver\src\stm32f10x_dac.o
DAC_StructInit                                    Libraries\STM32F10x_StdPeriph_Driver\src\stm32f10x_dac.o
DAC_WaveGenerationCmd                             Libraries\STM32F10x_StdPeriph_Driver\src\stm32f10x_dac.o
DBGMCU_Config                                     Libraries\STM32F10x_StdPeriph_Driver\src\stm32f10x_dbgmcu.o
DBGMCU_GetDEVID                                   Libraries\STM32F10x_StdPeriph_Driver\src\stm32f10x_dbgmcu.o
DBGMCU_GetREVID                                   Libraries\STM32F10x_StdPeriph_Driver\src\stm32f10x_dbgmcu.o
DMA1_Channel1_IRQHandler                          src\startup_stm32f10x_md.o
DMA1_Channel2_IRQHandler                          src\startup_stm32f10x_md.o
DMA1_Channel3_IRQHandler                          src\startup_stm32f10x_md.o
DMA1_Channel4_IRQHandler                          src\startup_stm32f10x_md.o
DMA1_Channel5_IRQHandler                          src\startup_stm32f10x_md.o
DMA1_Channel6_IRQHandler                          src\startup_stm32f10x_md.o
DMA1_Channel7_IRQHandler                          src\startup_stm32f10x_md.o
DMA_ClearFlag                                     Libraries\STM32F10x_StdPeriph_Driver\src\stm32f10x_dma.o
DMA_ClearITPendingBit                             Libraries\STM32F10x_StdPeriph_Driver\src\stm32f10x_dma.o
DMA_Cmd                                           Libraries\STM32F10x_StdPeriph_Driver\src\stm32f10x_dma.o
DMA_DeInit                                        Libraries\STM32F10x_StdPeriph_Driver\src\stm32f10x_dma.o
DMA_GetCurrDataCounter                            Libraries\STM32F10x_StdPeriph_Driver\src\stm32f10x_dma.o
DMA_GetFlagStatus                                 Libraries\STM32F10x_StdPeriph_Driver\src\stm32f10x_dma.o
DMA_GetITStatus                                   Libraries\STM32F10x_StdPeriph_Driver\src\stm32f10x_dma.o
DMA_ITConfig                                      Libraries\STM32F10x_StdPeriph_Driver\src\stm32f10x_dma.o
DMA_Init                                          Libraries\STM32F10x_StdPeriph_Driver\src\stm32f10x_dma.o
DMA_SetCurrDataCounter                            Libraries\STM32F10x_StdPeriph_Driver\src\stm32f10x_dma.o
DMA_StructInit                                    Libraries\STM32F10x_StdPeriph_Driver\src\stm32f10x_dma.o
DebugMon_Handler                                  src\stm32f1xx_it.o
Default_Handler                                   src\startup_stm32f10x_md.o
EXTI0_IRQHandler                                  src\startup_stm32f10x_md.o
EXTI15_10_IRQHandler                              src\startup_stm32f10x_md.o
EXTI1_IRQHandler                                  src\startup_stm32f10x_md.o
EXTI2_IRQHandler                                  src\startup_stm32f10x_md.o
EXTI3_IRQHandler                                  src\startup_stm32f10x_md.o
EXTI4_IRQHandler                                  src\startup_stm32f10x_md.o
EXTI9_5_IRQHandler                                src\startup_stm32f10x_md.o
EXTI_ClearFlag                                    Libraries\STM32F10x_StdPeriph_Driver\src\stm32f10x_exti.o
EXTI_ClearITPendingBit                            Libraries\STM32F10x_StdPeriph_Driver\src\stm32f10x_exti.o
EXTI_DeInit                                       Libraries\STM32F10x_StdPeriph_Driver\src\stm32f10x_exti.o
EXTI_GenerateSWInterrupt                          Libraries\STM32F10x_StdPeriph_Driver\src\stm32f10x_exti.o
EXTI_GetFlagStatus                                Libraries\STM32F10x_StdPeriph_Driver\src\stm32f10x_exti.o
EXTI_GetITStatus                                  Libraries\STM32F10x_StdPeriph_Driver\src\stm32f10x_exti.o
EXTI_Init                                         Libraries\STM32F10x_StdPeriph_Driver\src\stm32f10x_exti.o
EXTI_StructInit                                   Libraries\STM32F10x_StdPeriph_Driver\src\stm32f10x_exti.o
FLASH_ClearFlag                                   Libraries\STM32F10x_StdPeriph_Driver\src\stm32f10x_flash.o
FLASH_EnableWriteProtection                       Libraries\STM32F10x_StdPeriph_Driver\src\stm32f10x_flash.o
FLASH_EraseAllBank1Pages                          Libraries\STM32F10x_StdPeriph_Driver\src\stm32f10x_flash.o
FLASH_EraseAllPages                               Libraries\STM32F10x_StdPeriph_Driver\src\stm32f10x_flash.o
FLASH_EraseOptionBytes                            Libraries\STM32F10x_StdPeriph_Driver\src\stm32f10x_flash.o
FLASH_ErasePage                                   Libraries\STM32F10x_StdPeriph_Driver\src\stm32f10x_flash.o
FLASH_GetBank1Status                              Libraries\STM32F10x_StdPeriph_Driver\src\stm32f10x_flash.o
FLASH_GetFlagStatus                               Libraries\STM32F10x_StdPeriph_Driver\src\stm32f10x_flash.o
FLASH_GetPrefetchBufferStatus                     Libraries\STM32F10x_StdPeriph_Driver\src\stm32f10x_flash.o
FLASH_GetReadOutProtectionStatus                  Libraries\STM32F10x_StdPeriph_Driver\src\stm32f10x_flash.o
FLASH_GetStatus                                   Libraries\STM32F10x_StdPeriph_Driver\src\stm32f10x_flash.o
FLASH_GetUserOptionByte                           Libraries\STM32F10x_StdPeriph_Driver\src\stm32f10x_flash.o
FLASH_GetWriteProtectionOptionByte                Libraries\STM32F10x_StdPeriph_Driver\src\stm32f10x_flash.o
FLASH_HalfCycleAccessCmd                          Libraries\STM32F10x_StdPeriph_Driver\src\stm32f10x_flash.o
FLASH_IRQHandler                                  src\startup_stm32f10x_md.o
FLASH_ITConfig                                    Libraries\STM32F10x_StdPeriph_Driver\src\stm32f10x_flash.o
FLASH_Lock                                        Libraries\STM32F10x_StdPeriph_Driver\src\stm32f10x_flash.o
FLASH_LockBank1                                   Libraries\STM32F10x_StdPeriph_Driver\src\stm32f10x_flash.o
FLASH_PrefetchBufferCmd                           Libraries\STM32F10x_StdPeriph_Driver\src\stm32f10x_flash.o
FLASH_ProgramHalfWord                             Libraries\STM32F10x_StdPeriph_Driver\src\stm32f10x_flash.o
FLASH_ProgramOptionByteData                       Libraries\STM32F10x_StdPeriph_Driver\src\stm32f10x_flash.o
FLASH_ProgramWord                                 Libraries\STM32F10x_StdPeriph_Driver\src\stm32f10x_flash.o
FLASH_ReadOutProtection                           Libraries\STM32F10x_StdPeriph_Driver\src\stm32f10x_flash.o
FLASH_SetLatency                                  Libraries\STM32F10x_StdPeriph_Driver\src\stm32f10x_flash.o
FLASH_Unlock                                      Libraries\STM32F10x_StdPeriph_Driver\src\stm32f10x_flash.o
FLASH_UnlockBank1                                 Libraries\STM32F10x_StdPeriph_Driver\src\stm32f10x_flash.o
FLASH_UserOptionByteConfig                        Libraries\STM32F10x_StdPeriph_Driver\src\stm32f10x_flash.o
FLASH_WaitForLastBank1Operation                   Libraries\STM32F10x_StdPeriph_Driver\src\stm32f10x_flash.o
FLASH_WaitForLastOperation                        Libraries\STM32F10x_StdPeriph_Driver\src\stm32f10x_flash.o
FSMC_ClearFlag                                    Libraries\STM32F10x_StdPeriph_Driver\src\stm32f10x_fsmc.o
FSMC_ClearITPendingBit                            Libraries\STM32F10x_StdPeriph_Driver\src\stm32f10x_fsmc.o
FSMC_GetECC                                       Libraries\STM32F10x_StdPeriph_Driver\src\stm32f10x_fsmc.o
FSMC_GetFlagStatus                                Libraries\STM32F10x_StdPeriph_Driver\src\stm32f10x_fsmc.o
FSMC_GetITStatus                                  Libraries\STM32F10x_StdPeriph_Driver\src\stm32f10x_fsmc.o
FSMC_ITConfig                                     Libraries\STM32F10x_StdPeriph_Driver\src\stm32f10x_fsmc.o
FSMC_NANDCmd                                      Libraries\STM32F10x_StdPeriph_Driver\src\stm32f10x_fsmc.o
FSMC_NANDDeInit                                   Libraries\STM32F10x_StdPeriph_Driver\src\stm32f10x_fsmc.o
FSMC_NANDECCCmd                                   Libraries\STM32F10x_StdPeriph_Driver\src\stm32f10x_fsmc.o
FSMC_NANDInit                                     Libraries\STM32F10x_StdPeriph_Driver\src\stm32f10x_fsmc.o
FSMC_NANDStructInit                               Libraries\STM32F10x_StdPeriph_Driver\src\stm32f10x_fsmc.o
FSMC_NORSRAMCmd                                   Libraries\STM32F10x_StdPeriph_Driver\src\stm32f10x_fsmc.o
FSMC_NORSRAMDeInit                                Libraries\STM32F10x_StdPeriph_Driver\src\stm32f10x_fsmc.o
FSMC_NORSRAMInit                                  Libraries\STM32F10x_StdPeriph_Driver\src\stm32f10x_fsmc.o
FSMC_NORSRAMStructInit                            Libraries\STM32F10x_StdPeriph_Driver\src\stm32f10x_fsmc.o
FSMC_PCCARDCmd                                    Libraries\STM32F10x_StdPeriph_Driver\src\stm32f10x_fsmc.o
FSMC_PCCARDDeInit                                 Libraries\STM32F10x_StdPeriph_Driver\src\stm32f10x_fsmc.o
FSMC_PCCARDInit                                   Libraries\STM32F10x_StdPeriph_Driver\src\stm32f10x_fsmc.o
FSMC_PCCARDStructInit                             Libraries\STM32F10x_StdPeriph_Driver\src\stm32f10x_fsmc.o
GPIO::GPIO()                                      src\libs\GPIO.o
                                                  src\quad\Quadcopter.o
GPIO::GPIO()                                      src\libs\GPIO.o
GPIO::high()                                      src\libs\GPIO.o
                                                  src\quad\test.o
GPIO::init(GPIO_TypeDef*, unsigned short, GPIOMode_TypeDef) src\libs\GPIO.o
                                                  src\main.o
GPIO::low()                                       src\libs\GPIO.o
GPIO::read()                                      src\libs\GPIO.o
GPIO_AFIODeInit                                   Libraries\STM32F10x_StdPeriph_Driver\src\stm32f10x_gpio.o
GPIO_DeInit                                       Libraries\STM32F10x_StdPeriph_Driver\src\stm32f10x_gpio.o
GPIO_ETH_MediaInterfaceConfig                     Libraries\STM32F10x_StdPeriph_Driver\src\stm32f10x_gpio.o
GPIO_EXTILineConfig                               Libraries\STM32F10x_StdPeriph_Driver\src\stm32f10x_gpio.o
GPIO_EventOutputCmd                               Libraries\STM32F10x_StdPeriph_Driver\src\stm32f10x_gpio.o
GPIO_EventOutputConfig                            Libraries\STM32F10x_StdPeriph_Driver\src\stm32f10x_gpio.o
GPIO_Init                                         Libraries\STM32F10x_StdPeriph_Driver\src\stm32f10x_gpio.o
                                                  src\libs\GPIO.o
                                                  src\libs\I2C.o
                                                  src\libs\USART1.o
GPIO_PinLockConfig                                Libraries\STM32F10x_StdPeriph_Driver\src\stm32f10x_gpio.o
GPIO_PinRemapConfig                               Libraries\STM32F10x_StdPeriph_Driver\src\stm32f10x_gpio.o
GPIO_ReadInputData                                Libraries\STM32F10x_StdPeriph_Driver\src\stm32f10x_gpio.o
GPIO_ReadInputDataBit                             Libraries\STM32F10x_StdPeriph_Driver\src\stm32f10x_gpio.o
                                                  src\libs\GPIO.o
GPIO_ReadOutputData                               Libraries\STM32F10x_StdPeriph_Driver\src\stm32f10x_gpio.o
GPIO_ReadOutputDataBit                            Libraries\STM32F10x_StdPeriph_Driver\src\stm32f10x_gpio.o
GPIO_ResetBits                                    Libraries\STM32F10x_StdPeriph_Driver\src\stm32f10x_gpio.o
                                                  src\libs\GPIO.o
GPIO_SetBits                                      Libraries\STM32F10x_StdPeriph_Driver\src\stm32f10x_gpio.o
                                                  src\libs\GPIO.o
GPIO_StructInit                                   Libraries\STM32F10x_StdPeriph_Driver\src\stm32f10x_gpio.o
GPIO_Write                                        Libraries\STM32F10x_StdPeriph_Driver\src\stm32f10x_gpio.o
GPIO_WriteBit                                     Libraries\STM32F10x_StdPeriph_Driver\src\stm32f10x_gpio.o
HardFault_Handler                                 src\stm32f1xx_it.o
I2C1_ER_IRQHandler                                src\startup_stm32f10x_md.o
I2C1_EV_IRQHandler                                src\startup_stm32f10x_md.o
I2C2_ER_IRQHandler                                src\startup_stm32f10x_md.o
I2C2_EV_IRQHandler                                src\startup_stm32f10x_md.o
I2C::I2C()                                        src\libs\I2C.o
I2C::I2C()                                        src\libs\I2C.o
                                                  src\quad\Quadcopter.o
I2C::init(I2C_TypeDef*, unsigned int)             src\libs\I2C.o
                                                  src\main.o
I2C::readByte(unsigned char, unsigned char, unsigned char&) src\libs\I2C.o
I2C::readBytes(unsigned char, unsigned char, int, unsigned char*) src\libs\I2C.o
                                                  src\sensors\BMP180.o
                                                  src\sensors\L3G4200D.o
I2C::sendByte(unsigned char, unsigned char, unsigned char) src\libs\I2C.o
                                                  src\sensors\BMP180.o
                                                  src\sensors\L3G4200D.o
I2C_ARPCmd                                        Libraries\STM32F10x_StdPeriph_Driver\src\stm32f10x_i2c.o
I2C_AcknowledgeConfig                             Libraries\STM32F10x_StdPeriph_Driver\src\stm32f10x_i2c.o
                                                  src\libs\I2C.o
I2C_CalculatePEC                                  Libraries\STM32F10x_StdPeriph_Driver\src\stm32f10x_i2c.o
I2C_CheckEvent                                    Libraries\STM32F10x_StdPeriph_Driver\src\stm32f10x_i2c.o
                                                  src\libs\I2C.o
I2C_ClearFlag                                     Libraries\STM32F10x_StdPeriph_Driver\src\stm32f10x_i2c.o
I2C_ClearITPendingBit                             Libraries\STM32F10x_StdPeriph_Driver\src\stm32f10x_i2c.o
I2C_Cmd                                           Libraries\STM32F10x_StdPeriph_Driver\src\stm32f10x_i2c.o
                                                  src\libs\I2C.o
I2C_DMACmd                                        Libraries\STM32F10x_StdPeriph_Driver\src\stm32f10x_i2c.o
I2C_DMALastTransferCmd                            Libraries\STM32F10x_StdPeriph_Driver\src\stm32f10x_i2c.o
I2C_DeInit                                        Libraries\STM32F10x_StdPeriph_Driver\src\stm32f10x_i2c.o
I2C_DualAddressCmd                                Libraries\STM32F10x_StdPeriph_Driver\src\stm32f10x_i2c.o
I2C_FastModeDutyCycleConfig                       Libraries\STM32F10x_StdPeriph_Driver\src\stm32f10x_i2c.o
I2C_GeneralCallCmd                                Libraries\STM32F10x_StdPeriph_Driver\src\stm32f10x_i2c.o
I2C_GenerateSTART                                 Libraries\STM32F10x_StdPeriph_Driver\src\stm32f10x_i2c.o
                                                  src\libs\I2C.o
I2C_GenerateSTOP                                  Libraries\STM32F10x_StdPeriph_Driver\src\stm32f10x_i2c.o
                                                  src\libs\I2C.o
I2C_GetFlagStatus                                 Libraries\STM32F10x_StdPeriph_Driver\src\stm32f10x_i2c.o
                                                  src\libs\I2C.o
I2C_GetITStatus                                   Libraries\STM32F10x_StdPeriph_Driver\src\stm32f10x_i2c.o
I2C_GetLastEvent                                  Libraries\STM32F10x_StdPeriph_Driver\src\stm32f10x_i2c.o
I2C_GetPEC                                        Libraries\STM32F10x_StdPeriph_Driver\src\stm32f10x_i2c.o
I2C_ITConfig                                      Libraries\STM32F10x_StdPeriph_Driver\src\stm32f10x_i2c.o
I2C_Init                                          Libraries\STM32F10x_StdPeriph_Driver\src\stm32f10x_i2c.o
                                                  src\libs\I2C.o
I2C_NACKPositionConfig                            Libraries\STM32F10x_StdPeriph_Driver\src\stm32f10x_i2c.o
                                                  src\libs\I2C.o
I2C_OwnAddress2Config                             Libraries\STM32F10x_StdPeriph_Driver\src\stm32f10x_i2c.o
I2C_PECPositionConfig                             Libraries\STM32F10x_StdPeriph_Driver\src\stm32f10x_i2c.o
I2C_ReadRegister                                  Libraries\STM32F10x_StdPeriph_Driver\src\stm32f10x_i2c.o
I2C_ReceiveData                                   Libraries\STM32F10x_StdPeriph_Driver\src\stm32f10x_i2c.o
                                                  src\libs\I2C.o
I2C_SMBusAlertConfig                              Libraries\STM32F10x_StdPeriph_Driver\src\stm32f10x_i2c.o
I2C_Send7bitAddress                               Libraries\STM32F10x_StdPeriph_Driver\src\stm32f10x_i2c.o
                                                  src\libs\I2C.o
I2C_SendData                                      Libraries\STM32F10x_StdPeriph_Driver\src\stm32f10x_i2c.o
                                                  src\libs\I2C.o
I2C_SoftwareResetCmd                              Libraries\STM32F10x_StdPeriph_Driver\src\stm32f10x_i2c.o
I2C_StretchClockCmd                               Libraries\STM32F10x_StdPeriph_Driver\src\stm32f10x_i2c.o
I2C_StructInit                                    Libraries\STM32F10x_StdPeriph_Driver\src\stm32f10x_i2c.o
I2C_TransmitPEC                                   Libraries\STM32F10x_StdPeriph_Driver\src\stm32f10x_i2c.o
I2S_Cmd                                           Libraries\STM32F10x_StdPeriph_Driver\src\stm32f10x_spi.o
I2S_Init                                          Libraries\STM32F10x_StdPeriph_Driver\src\stm32f10x_spi.o
I2S_StructInit                                    Libraries\STM32F10x_StdPeriph_Driver\src\stm32f10x_spi.o
IWDG_Enable                                       Libraries\STM32F10x_StdPeriph_Driver\src\stm32f10x_iwdg.o
IWDG_GetFlagStatus                                Libraries\STM32F10x_StdPeriph_Driver\src\stm32f10x_iwdg.o
IWDG_ReloadCounter                                Libraries\STM32F10x_StdPeriph_Driver\src\stm32f10x_iwdg.o
IWDG_SetPrescaler                                 Libraries\STM32F10x_StdPeriph_Driver\src\stm32f10x_iwdg.o
IWDG_SetReload                                    Libraries\STM32F10x_StdPeriph_Driver\src\stm32f10x_iwdg.o
IWDG_WriteAccessCmd                               Libraries\STM32F10x_StdPeriph_Driver\src\stm32f10x_iwdg.o
L3G4200D::L3G4200D()                              src\sensors\L3G4200D.o
                                                  src\quad\Quadcopter.o
L3G4200D::L3G4200D()                              src\sensors\L3G4200D.o
L3G4200D::getBits(unsigned char, int, unsigned char*) src\sensors\L3G4200D.o
L3G4200D::init(I2C*)                              src\sensors\L3G4200D.o
                                                  src\main.o
L3G4200D::readAngle(short&, short&, short&)       src\sensors\L3G4200D.o
L3G4200D::readAngle(vector&, vector&)             src\sensors\L3G4200D.o
                                                  src\quad\Tasks.o
L3G4200D::readRaw(short&, short&, short&)         src\sensors\L3G4200D.o
L3G4200D::readRaw(vector&)                        src\sensors\L3G4200D.o
L3G4200D::sendBit(unsigned char, unsigned char)   src\sensors\L3G4200D.o
LED_G                                             src\quad\Quadcopter.o
                                                  src\main.o
                                                  src\quad\test.o
LED_R                                             src\quad\Quadcopter.o
                                                  src\main.o
LED_SYS                                           src\quad\Quadcopter.o
                                                  src\main.o
MemManage_Handler                                 src\stm32f1xx_it.o
NMI_Handler                                       src\stm32f1xx_it.o
NVIC_Init                                         Libraries\STM32F10x_StdPeriph_Driver\src\misc.o
NVIC_PriorityGroupConfig                          Libraries\STM32F10x_StdPeriph_Driver\src\misc.o
NVIC_SetVectorTable                               Libraries\STM32F10x_StdPeriph_Driver\src\misc.o
NVIC_SystemLPConfig                               Libraries\STM32F10x_StdPeriph_Driver\src\misc.o
PVD_IRQHandler                                    src\startup_stm32f10x_md.o
PWR_BackupAccessCmd                               Libraries\STM32F10x_StdPeriph_Driver\src\stm32f10x_pwr.o
PWR_ClearFlag                                     Libraries\STM32F10x_StdPeriph_Driver\src\stm32f10x_pwr.o
PWR_DeInit                                        Libraries\STM32F10x_StdPeriph_Driver\src\stm32f10x_pwr.o
PWR_EnterSTANDBYMode                              Libraries\STM32F10x_StdPeriph_Driver\src\stm32f10x_pwr.o
PWR_EnterSTOPMode                                 Libraries\STM32F10x_StdPeriph_Driver\src\stm32f10x_pwr.o
PWR_GetFlagStatus                                 Libraries\STM32F10x_StdPeriph_Driver\src\stm32f10x_pwr.o
PWR_PVDCmd                                        Libraries\STM32F10x_StdPeriph_Driver\src\stm32f10x_pwr.o
PWR_PVDLevelConfig                                Libraries\STM32F10x_StdPeriph_Driver\src\stm32f10x_pwr.o
PWR_WakeUpPinCmd                                  Libraries\STM32F10x_StdPeriph_Driver\src\stm32f10x_pwr.o
PendSV_Handler                                    src\stm32f1xx_it.o
RCC_ADCCLKConfig                                  Libraries\STM32F10x_StdPeriph_Driver\src\stm32f10x_rcc.o
RCC_AHBPeriphClockCmd                             Libraries\STM32F10x_StdPeriph_Driver\src\stm32f10x_rcc.o
RCC_APB1PeriphClockCmd                            Libraries\STM32F10x_StdPeriph_Driver\src\stm32f10x_rcc.o
                                                  src\libs\I2C.o
RCC_APB1PeriphResetCmd                            Libraries\STM32F10x_StdPeriph_Driver\src\stm32f10x_rcc.o
                                                  Libraries\STM32F10x_StdPeriph_Driver\src\stm32f10x_can.o
                                                  Libraries\STM32F10x_StdPeriph_Driver\src\stm32f10x_cec.o
                                                  Libraries\STM32F10x_StdPeriph_Driver\src\stm32f10x_dac.o
                                                  Libraries\STM32F10x_StdPeriph_Driver\src\stm32f10x_i2c.o
                                                  Libraries\STM32F10x_StdPeriph_Driver\src\stm32f10x_pwr.o
                                                  Libraries\STM32F10x_StdPeriph_Driver\src\stm32f10x_spi.o
                                                  Libraries\STM32F10x_StdPeriph_Driver\src\stm32f10x_tim.o
                                                  Libraries\STM32F10x_StdPeriph_Driver\src\stm32f10x_usart.o
                                                  Libraries\STM32F10x_StdPeriph_Driver\src\stm32f10x_wwdg.o
RCC_APB2PeriphClockCmd                            Libraries\STM32F10x_StdPeriph_Driver\src\stm32f10x_rcc.o
                                                  src\libs\GPIO.o
                                                  src\libs\I2C.o
                                                  src\libs\USART1.o
RCC_APB2PeriphResetCmd                            Libraries\STM32F10x_StdPeriph_Driver\src\stm32f10x_rcc.o
                                                  Libraries\STM32F10x_StdPeriph_Driver\src\stm32f10x_adc.o
                                                  Libraries\STM32F10x_StdPeriph_Driver\src\stm32f10x_gpio.o
                                                  Libraries\STM32F10x_StdPeriph_Driver\src\stm32f10x_spi.o
                                                  Libraries\STM32F10x_StdPeriph_Driver\src\stm32f10x_tim.o
                                                  Libraries\STM32F10x_StdPeriph_Driver\src\stm32f10x_usart.o
RCC_AdjustHSICalibrationValue                     Libraries\STM32F10x_StdPeriph_Driver\src\stm32f10x_rcc.o
RCC_BackupResetCmd                                Libraries\STM32F10x_StdPeriph_Driver\src\stm32f10x_rcc.o
                                                  Libraries\STM32F10x_StdPeriph_Driver\src\stm32f10x_bkp.o
RCC_ClearFlag                                     Libraries\STM32F10x_StdPeriph_Driver\src\stm32f10x_rcc.o
RCC_ClearITPendingBit                             Libraries\STM32F10x_StdPeriph_Driver\src\stm32f10x_rcc.o
RCC_ClockSecuritySystemCmd                        Libraries\STM32F10x_StdPeriph_Driver\src\stm32f10x_rcc.o
RCC_DeInit                                        Libraries\STM32F10x_StdPeriph_Driver\src\stm32f10x_rcc.o
RCC_GetClocksFreq                                 Libraries\STM32F10x_StdPeriph_Driver\src\stm32f10x_rcc.o
                                                  Libraries\STM32F10x_StdPeriph_Driver\src\stm32f10x_i2c.o
                                                  Libraries\STM32F10x_StdPeriph_Driver\src\stm32f10x_spi.o
                                                  Libraries\STM32F10x_StdPeriph_Driver\src\stm32f10x_usart.o
RCC_GetFlagStatus                                 Libraries\STM32F10x_StdPeriph_Driver\src\stm32f10x_rcc.o
RCC_GetITStatus                                   Libraries\STM32F10x_StdPeriph_Driver\src\stm32f10x_rcc.o
RCC_GetSYSCLKSource                               Libraries\STM32F10x_StdPeriph_Driver\src\stm32f10x_rcc.o
RCC_HCLKConfig                                    Libraries\STM32F10x_StdPeriph_Driver\src\stm32f10x_rcc.o
RCC_HSEConfig                                     Libraries\STM32F10x_StdPeriph_Driver\src\stm32f10x_rcc.o
RCC_HSICmd                                        Libraries\STM32F10x_StdPeriph_Driver\src\stm32f10x_rcc.o
RCC_IRQHandler                                    src\startup_stm32f10x_md.o
RCC_ITConfig                                      Libraries\STM32F10x_StdPeriph_Driver\src\stm32f10x_rcc.o
RCC_LSEConfig                                     Libraries\STM32F10x_StdPeriph_Driver\src\stm32f10x_rcc.o
RCC_LSICmd                                        Libraries\STM32F10x_StdPeriph_Driver\src\stm32f10x_rcc.o
RCC_MCOConfig                                     Libraries\STM32F10x_StdPeriph_Driver\src\stm32f10x_rcc.o
RCC_PCLK1Config                                   Libraries\STM32F10x_StdPeriph_Driver\src\stm32f10x_rcc.o
RCC_PCLK2Config                                   Libraries\STM32F10x_StdPeriph_Driver\src\stm32f10x_rcc.o
RCC_PLLCmd                                        Libraries\STM32F10x_StdPeriph_Driver\src\stm32f10x_rcc.o
RCC_PLLConfig                                     Libraries\STM32F10x_StdPeriph_Driver\src\stm32f10x_rcc.o
RCC_RTCCLKCmd                                     Libraries\STM32F10x_StdPeriph_Driver\src\stm32f10x_rcc.o
RCC_RTCCLKConfig                                  Libraries\STM32F10x_StdPeriph_Driver\src\stm32f10x_rcc.o
RCC_SYSCLKConfig                                  Libraries\STM32F10x_StdPeriph_Driver\src\stm32f10x_rcc.o
RCC_USBCLKConfig                                  Libraries\STM32F10x_StdPeriph_Driver\src\stm32f10x_rcc.o
RCC_WaitForHSEStartUp                             Libraries\STM32F10x_StdPeriph_Driver\src\stm32f10x_rcc.o
RTCAlarm_IRQHandler                               src\startup_stm32f10x_md.o
RTC_ClearFlag                                     Libraries\STM32F10x_StdPeriph_Driver\src\stm32f10x_rtc.o
RTC_ClearITPendingBit                             Libraries\STM32F10x_StdPeriph_Driver\src\stm32f10x_rtc.o
RTC_EnterConfigMode                               Libraries\STM32F10x_StdPeriph_Driver\src\stm32f10x_rtc.o
RTC_ExitConfigMode                                Libraries\STM32F10x_StdPeriph_Driver\src\stm32f10x_rtc.o
RTC_GetCounter                                    Libraries\STM32F10x_StdPeriph_Driver\src\stm32f10x_rtc.o
RTC_GetDivider                                    Libraries\STM32F10x_StdPeriph_Driver\src\stm32f10x_rtc.o
RTC_GetFlagStatus                                 Libraries\STM32F10x_StdPeriph_Driver\src\stm32f10x_rtc.o